/opt/st/stm32cubeide_1.14.0/plugins/com.st.stm32cube.ide.mcu.externaltools.gnu-tools-for-stm32.11.3.rel1.linux64_1.1.100.202309141235/tools/arm-none-eabi/include/c++/11.3.1/bits/std_function.h:241:5:std::_Function_base::~_Function_base()	16	static
../Core/Src/PCIF.cpp:30:6:void PCIF_constructor(PCIF_t*)	16	static
../Core/Src/PCIF.cpp:35:9:state_t PCIF_initial(PCIF_t*)	16	static
../Core/Src/PCIF.cpp:40:9:state_t PCIF_active(PCIF_t*, event_t)	152	static
../Core/Inc/circ_buffer.h:70:6:bool circ_buffer<bufferDataType, bufferSize, sizeDataType>::write(bufferDataType) [with bufferDataType = PCIFmsg_t; long unsigned int bufferSize = 128; sizeDataType = short unsigned int]	32	static
../Core/Inc/circ_buffer.h:148:6:bool circ_buffer<bufferDataType, bufferSize, sizeDataType>::is_empty() [with bufferDataType = PCIFmsg_t; long unsigned int bufferSize = 128; sizeDataType = short unsigned int]	16	static
../Core/Inc/circ_buffer.h:96:6:bool circ_buffer<bufferDataType, bufferSize, sizeDataType>::read(bufferDataType*) [with bufferDataType = PCIFmsg_t; long unsigned int bufferSize = 128; sizeDataType = short unsigned int]	24	static
../Core/Inc/circ_buffer.h:70:6:bool circ_buffer<bufferDataType, bufferSize, sizeDataType>::write(bufferDataType) [with bufferDataType = unsigned char; long unsigned int bufferSize = 128; sizeDataType = short unsigned int]	16	static
../Core/Inc/circ_buffer.h:70:6:bool circ_buffer<bufferDataType, bufferSize, sizeDataType>::write(bufferDataType) [with bufferDataType = CANmsg_t; long unsigned int bufferSize = 128; sizeDataType = short unsigned int]	24	static
/opt/st/stm32cubeide_1.14.0/plugins/com.st.stm32cube.ide.mcu.externaltools.gnu-tools-for-stm32.11.3.rel1.linux64_1.1.100.202309141235/tools/arm-none-eabi/include/c++/11.3.1/bits/std_function.h:334:11:std::function<void()>::~function()	16	static
../Core/Inc/gpio_STM32.hpp:17:11:STM32::gpio::~gpio()	16	static
../Core/Src/PCIF.cpp:141:1:void __static_initialization_and_destruction_0(int, int)	16	static
../Core/Src/PCIF.cpp:141:1:cpp)	8	static
../Core/Src/PCIF.cpp:141:1:cpp)	8	static
