../Core/Src/CNI.cpp:75:6:void CNI_constructor(CAN_HandleTypeDef*)	16	static
../Core/Src/CNI.cpp:86:6:void CNI_init()	16	static
../Core/Src/CNI.cpp:97:6:void CNI_start()	8	static
../Core/Src/CNI.cpp:106:14:CNI_status_t CNI_send_msg(uint32_t)	32	static
../Core/Src/CNI.cpp:150:14:CNI_status_t CNI_receive_msg(uint32_t)	56	static
../Core/Src/CNI.cpp:191:14:CNI_status_t CNI_update_msg_content(uint32_t, uint8_t*, uint32_t)	40	static
../Core/Src/CNI.cpp:236:14:CNI_status_t CNI_get_msg_content(uint32_t, uint8_t*, uint32_t, uint32_t*)	48	static
