/opt/st/stm32cubeide_1.14.0/plugins/com.st.stm32cube.ide.mcu.externaltools.gnu-tools-for-stm32.11.3.rel1.linux64_1.1.100.202309141235/tools/arm-none-eabi/include/c++/11.3.1/bits/std_function.h:85:17:void* std::_Any_data::_M_access()	16	static
/opt/st/stm32cubeide_1.14.0/plugins/com.st.stm32cube.ide.mcu.externaltools.gnu-tools-for-stm32.11.3.rel1.linux64_1.1.100.202309141235/tools/arm-none-eabi/include/c++/11.3.1/bits/std_function.h:86:17:const void* std::_Any_data::_M_access() const	16	static
/opt/st/stm32cubeide_1.14.0/plugins/com.st.stm32cube.ide.mcu.externaltools.gnu-tools-for-stm32.11.3.rel1.linux64_1.1.100.202309141235/tools/arm-none-eabi/include/c++/11.3.1/bits/std_function.h:241:5:std::_Function_base::~_Function_base()	16	static
../Core/Inc/iPHandler.hpp:70:10:bool iPHandler::lock()	16	static
../Core/Inc/iPHandler.hpp:80:7:bool iPHandler::unlock()	16	static
../Core/Inc/icm42688_utils.hpp:73:28:constexpr uint32_t ICM42688::GYRO_CNF::operator<<(ICM42688::GYRO_CNF::ODR, uint8_t)	16	static
../Core/Inc/icm42688_utils.hpp:98:28:constexpr uint32_t ICM42688::GYRO_CNF::operator<<(ICM42688::GYRO_CNF::FSR, uint8_t)	16	static
../Core/Inc/icm42688_utils.hpp:132:28:constexpr uint32_t ICM42688::ACCEL_CNF::operator<<(ICM42688::ACCEL_CNF::ODR, uint8_t)	16	static
../Core/Inc/icm42688_utils.hpp:150:28:constexpr uint32_t ICM42688::ACCEL_CNF::operator<<(ICM42688::ACCEL_CNF::FSR, uint8_t)	16	static
../Core/Inc/icm42688_utils.hpp:259:21:constexpr uint8_t ICM42688::FIFO_CONFIG::SET_FIFO_MODE(ICM42688::FIFO_MODE)	16	static
../Core/Inc/icm42688_utils.hpp:272:27:constexpr uint8_t ICM42688::GYRO_CONFIG0::SET_FSR(uint8_t, ICM42688::GYRO_CNF::FSR)	24	static
../Core/Inc/icm42688_utils.hpp:278:27:constexpr uint8_t ICM42688::GYRO_CONFIG0::SET_ODR(uint8_t, ICM42688::GYRO_CNF::ODR)	24	static
../Core/Inc/icm42688_utils.hpp:289:27:constexpr uint8_t ICM42688::ACCEL_CONFIG0::SET_FSR(uint8_t, ICM42688::ACCEL_CNF::FSR)	24	static
../Core/Inc/icm42688_utils.hpp:295:27:constexpr uint8_t ICM42688::ACCEL_CONFIG0::SET_ODR(uint8_t, ICM42688::ACCEL_CNF::ODR)	24	static
../Core/Inc/iIMU.hpp:61:7:constexpr iIMU::iIMU()	16	static
../Core/Inc/icm42688.hpp:35:12:constexpr ICM42688::Registers::Registers()	16	static
../Core/Src/icm42688.cpp:27:5:ICM42688::icm42688::icm42688(ICM42688::Config&, iPHandler*, gpio*, uint8_t, gpio*, gpio*)	32	static
../Core/Src/icm42688.cpp:48:5:ICM42688::icm42688::icm42688(ICM42688::Config&, iPHandler*, gpio*, gpio*)	40	static
../Core/Src/icm42688.cpp:56:5:ICM42688::icm42688::icm42688(ICM42688::Config&, iPHandler*, gpio*)	40	static
../Core/Src/icm42688.cpp:64:5:ICM42688::icm42688::icm42688(ICM42688::Config&, iPHandler*, uint8_t, gpio*)	40	static
../Core/Src/icm42688.cpp:72:5:ICM42688::icm42688::icm42688(ICM42688::Config&, iPHandler*, uint8_t)	40	static
../Core/Inc/iPHandler.hpp:29:8:PHandlerOpt::PHandlerOpt()	16	static
../Core/Src/icm42688.cpp:81:13:iIMU_ST ICM42688::icm42688::set_bank_register(ICM42688::bankRegister)	40	static
../Core/Src/icm42688.cpp:111:13:virtual iIMU_ST ICM42688::icm42688::save_data()	40	static
../Core/Src/icm42688.cpp:151:10:virtual void ICM42688::icm42688::save_data_callback()	16	static
../Core/Src/icm42688.cpp:161:13:virtual iIMU_ST ICM42688::icm42688::save_fifo_data(uint8_t)	16	static
../Core/Src/icm42688.cpp:210:10:virtual void ICM42688::icm42688::save_fifo_data_callback()	16	static
../Core/Src/icm42688.cpp:237:13:virtual iIMU_ST ICM42688::icm42688::read_data(IMUData*)	16	static
../Core/Src/icm42688.cpp:246:13:virtual iIMU_ST ICM42688::icm42688::set_gyro_odr(uint8_t)	40	static
../Core/Src/icm42688.cpp:275:13:virtual iIMU_ST ICM42688::icm42688::set_gyro_fsr(uint8_t)	40	static
../Core/Src/icm42688.cpp:306:13:virtual iIMU_ST ICM42688::icm42688::set_accel_odr(uint8_t)	40	static
../Core/Src/icm42688.cpp:336:13:virtual iIMU_ST ICM42688::icm42688::set_accel_fsr(uint8_t)	40	static
../Core/Src/icm42688.cpp:365:11:virtual float ICM42688::icm42688::get_accel_odr_value()	16	static
../Core/Src/icm42688.cpp:369:11:virtual float ICM42688::icm42688::get_accel_fsr_value()	16	static
../Core/Src/icm42688.cpp:373:11:virtual float ICM42688::icm42688::get_gyro_odr_value()	16	static
../Core/Src/icm42688.cpp:377:11:virtual float ICM42688::icm42688::get_gyro_fsr_value()	16	static
../Core/Src/icm42688.cpp:382:11:virtual float ICM42688::icm42688::get_accel_resolution()	16	static
../Core/Src/icm42688.cpp:387:11:virtual float ICM42688::icm42688::get_gyro_resolution()	16	static
../Core/Src/icm42688.cpp:394:11:float ICM42688::icm42688::convertGyroData(uint8_t, uint8_t)	32	static
../Core/Src/icm42688.cpp:401:11:float ICM42688::icm42688::convertAccelData(uint8_t, uint8_t)	32	static
../Core/Src/icm42688.cpp:407:13:virtual iIMU_ST ICM42688::icm42688::write_config()	24	static
../Core/Src/icm42688.cpp:428:13:iIMU_ST ICM42688::icm42688::write_config_accel_gyro()	40	static
../Core/Src/icm42688.cpp:475:13:iIMU_ST ICM42688::icm42688::write_config_FIFO()	40	static
../Core/Src/icm42688.cpp:549:13:iIMU_ST ICM42688::icm42688::write_config_int()	1336	static
../Core/Src/icm42688.cpp:605:13:virtual iIMU_ST ICM42688::icm42688::enable()	32	static
../Core/Src/icm42688.cpp:632:13:virtual iIMU_ST ICM42688::icm42688::disable()	40	static
../Core/Src/icm42688.cpp:678:13:iIMU_ST ICM42688::icm42688::flush_FIFO()	32	static
../Core/Src/icm42688.cpp:696:13:iIMU_ST ICM42688::icm42688::get_FIFO_count(uint16_t&)	32	static
../Core/Src/icm42688.cpp:717:10:void ICM42688::icm42688::load_data(uint8_t*)	72	static
../Core/Src/icm42688.cpp:730:13:static iIMU_ST ICM42688::icm42688::map_handler_ret_to_iIMU_ret(iPHANDLER_ST)	24	static
../Core/Inc/utils.hpp:67:9:circ_buffer<bufferDataType, bufferSize, sizeDataType>::circ_buffer() [with bufferDataType = IMUData; long unsigned int bufferSize = 16; sizeDataType = short unsigned int]	16	static
../Core/Inc/utils.hpp:104:14:bool circ_buffer<bufferDataType, bufferSize, sizeDataType>::read(bufferDataType*) [with bufferDataType = IMUData; long unsigned int bufferSize = 16; sizeDataType = short unsigned int]	24	static
/opt/st/stm32cubeide_1.14.0/plugins/com.st.stm32cube.ide.mcu.externaltools.gnu-tools-for-stm32.11.3.rel1.linux64_1.1.100.202309141235/tools/arm-none-eabi/include/c++/11.3.1/tuple:756:17:constexpr std::tuple<_Elements>::tuple(std::tuple<_Elements>&&) [with _Elements = {ICM42688::icm42688}]	16	static
/opt/st/stm32cubeide_1.14.0/plugins/com.st.stm32cube.ide.mcu.externaltools.gnu-tools-for-stm32.11.3.rel1.linux64_1.1.100.202309141235/tools/arm-none-eabi/include/c++/11.3.1/functional:494:7:)>&&) [with _Functor = iIMU_ST (ICM42688::icm42688::*)(); _Bound_args = {ICM42688::icm42688}]	16	static
/opt/st/stm32cubeide_1.14.0/plugins/com.st.stm32cube.ide.mcu.externaltools.gnu-tools-for-stm32.11.3.rel1.linux64_1.1.100.202309141235/tools/arm-none-eabi/include/c++/11.3.1/functional:789:5:) [with _Func = iIMU_ST (ICM42688::icm42688::*)(); _BoundArgs = {ICM42688::icm42688&}]	32	static
/opt/st/stm32cubeide_1.14.0/plugins/com.st.stm32cube.ide.mcu.externaltools.gnu-tools-for-stm32.11.3.rel1.linux64_1.1.100.202309141235/tools/arm-none-eabi/include/c++/11.3.1/bits/std_function.h:334:11:std::function<void()>::~function()	16	static
/opt/st/stm32cubeide_1.14.0/plugins/com.st.stm32cube.ide.mcu.externaltools.gnu-tools-for-stm32.11.3.rel1.linux64_1.1.100.202309141235/tools/arm-none-eabi/include/c++/11.3.1/bits/std_function.h:530:2:)>::operator=(_Functor&&) [with _Functor = std::_Bind<iIMU_ST (ICM42688::icm42688::*(ICM42688::icm42688))()>; _Res = void; _ArgTypes = {}]	32	static
../Core/Inc/iIMU.hpp:61:7:constexpr iIMU::iIMU(iIMU&&)	16	static
../Core/Inc/icm42688.hpp:45:11:constexpr ICM42688::icm42688::icm42688(ICM42688::icm42688&&)	24	static
/opt/st/stm32cubeide_1.14.0/plugins/com.st.stm32cube.ide.mcu.externaltools.gnu-tools-for-stm32.11.3.rel1.linux64_1.1.100.202309141235/tools/arm-none-eabi/include/c++/11.3.1/tuple:196:17:constexpr std::_Head_base<_Idx, _Head, false>::_Head_base(std::_Head_base<_Idx, _Head, false>&&) [with unsigned int _Idx = 0; _Head = ICM42688::icm42688]	16	static
/opt/st/stm32cubeide_1.14.0/plugins/com.st.stm32cube.ide.mcu.externaltools.gnu-tools-for-stm32.11.3.rel1.linux64_1.1.100.202309141235/tools/arm-none-eabi/include/c++/11.3.1/tuple:301:7:>&&) [with unsigned int _Idx = 0; _Head = ICM42688::icm42688; _Tail = {short unsigned int}]	16	static
/opt/st/stm32cubeide_1.14.0/plugins/com.st.stm32cube.ide.mcu.externaltools.gnu-tools-for-stm32.11.3.rel1.linux64_1.1.100.202309141235/tools/arm-none-eabi/include/c++/11.3.1/tuple:1090:17:constexpr std::tuple<_T1, _T2>::tuple(std::tuple<_T1, _T2>&&) [with _T1 = ICM42688::icm42688; _T2 = short unsigned int]	16	static
/opt/st/stm32cubeide_1.14.0/plugins/com.st.stm32cube.ide.mcu.externaltools.gnu-tools-for-stm32.11.3.rel1.linux64_1.1.100.202309141235/tools/arm-none-eabi/include/c++/11.3.1/functional:494:7:)>&&) [with _Functor = iIMU_ST (ICM42688::icm42688::*)(unsigned char); _Bound_args = {ICM42688::icm42688, short unsigned int}]	16	static
/opt/st/stm32cubeide_1.14.0/plugins/com.st.stm32cube.ide.mcu.externaltools.gnu-tools-for-stm32.11.3.rel1.linux64_1.1.100.202309141235/tools/arm-none-eabi/include/c++/11.3.1/functional:789:5:) [with _Func = iIMU_ST (ICM42688::icm42688::*)(unsigned char); _BoundArgs = {ICM42688::icm42688&, short unsigned int&}]	32	static
/opt/st/stm32cubeide_1.14.0/plugins/com.st.stm32cube.ide.mcu.externaltools.gnu-tools-for-stm32.11.3.rel1.linux64_1.1.100.202309141235/tools/arm-none-eabi/include/c++/11.3.1/bits/std_function.h:530:2:)>::operator=(_Functor&&) [with _Functor = std::_Bind<iIMU_ST (ICM42688::icm42688::*(ICM42688::icm42688, short unsigned int))(unsigned char)>; _Res = void; _ArgTypes = {}]	32	static
../Core/Inc/utils.hpp:78:14:bool circ_buffer<bufferDataType, bufferSize, sizeDataType>::write(bufferDataType) [with bufferDataType = IMUData; long unsigned int bufferSize = 16; sizeDataType = short unsigned int]	24	static
/opt/st/stm32cubeide_1.14.0/plugins/com.st.stm32cube.ide.mcu.externaltools.gnu-tools-for-stm32.11.3.rel1.linux64_1.1.100.202309141235/tools/arm-none-eabi/include/c++/11.3.1/bits/move.h:77:5:constexpr _Tp&& std::forward(typename std::remove_reference<_Tp>::type&) [with _Tp = iIMU_ST (ICM42688::icm42688::*)()]	16	static
/opt/st/stm32cubeide_1.14.0/plugins/com.st.stm32cube.ide.mcu.externaltools.gnu-tools-for-stm32.11.3.rel1.linux64_1.1.100.202309141235/tools/arm-none-eabi/include/c++/11.3.1/bits/move.h:77:5:constexpr _Tp&& std::forward(typename std::remove_reference<_Tp>::type&) [with _Tp = ICM42688::icm42688&]	16	static
/opt/st/stm32cubeide_1.14.0/plugins/com.st.stm32cube.ide.mcu.externaltools.gnu-tools-for-stm32.11.3.rel1.linux64_1.1.100.202309141235/tools/arm-none-eabi/include/c++/11.3.1/functional:489:2:) [with _Args = {ICM42688::icm42688&}; _Functor = iIMU_ST (ICM42688::icm42688::*)(); _Bound_args = {ICM42688::icm42688}]	32	static
/opt/st/stm32cubeide_1.14.0/plugins/com.st.stm32cube.ide.mcu.externaltools.gnu-tools-for-stm32.11.3.rel1.linux64_1.1.100.202309141235/tools/arm-none-eabi/include/c++/11.3.1/tuple:454:7:constexpr std::_Tuple_impl<_Idx, _Head>::_Tuple_impl(std::_Tuple_impl<_Idx, _Head>&&) [with unsigned int _Idx = 0; _Head = ICM42688::icm42688]	16	static
/opt/st/stm32cubeide_1.14.0/plugins/com.st.stm32cube.ide.mcu.externaltools.gnu-tools-for-stm32.11.3.rel1.linux64_1.1.100.202309141235/tools/arm-none-eabi/include/c++/11.3.1/bits/move.h:77:5:constexpr _Tp&& std::forward(typename std::remove_reference<_Tp>::type&) [with _Tp = std::_Bind<iIMU_ST (ICM42688::icm42688::*(ICM42688::icm42688))()>]	16	static
/opt/st/stm32cubeide_1.14.0/plugins/com.st.stm32cube.ide.mcu.externaltools.gnu-tools-for-stm32.11.3.rel1.linux64_1.1.100.202309141235/tools/arm-none-eabi/include/c++/11.3.1/bits/std_function.h:239:5:constexpr std::_Function_base::_Function_base()	16	static
/opt/st/stm32cubeide_1.14.0/plugins/com.st.stm32cube.ide.mcu.externaltools.gnu-tools-for-stm32.11.3.rel1.linux64_1.1.100.202309141235/tools/arm-none-eabi/include/c++/11.3.1/bits/std_function.h:435:2:)>::function(_Functor&&) [with _Functor = std::_Bind<iIMU_ST (ICM42688::icm42688::*(ICM42688::icm42688))()>; _Constraints = void; _Res = void; _ArgTypes = {}]	24	static
/opt/st/stm32cubeide_1.14.0/plugins/com.st.stm32cube.ide.mcu.externaltools.gnu-tools-for-stm32.11.3.rel1.linux64_1.1.100.202309141235/tools/arm-none-eabi/include/c++/11.3.1/bits/std_function.h:555:12:)>&) [with _Res = void; _ArgTypes = {}]	16	static
/opt/st/stm32cubeide_1.14.0/plugins/com.st.stm32cube.ide.mcu.externaltools.gnu-tools-for-stm32.11.3.rel1.linux64_1.1.100.202309141235/tools/arm-none-eabi/include/c++/11.3.1/bits/move.h:77:5:constexpr _Tp&& std::forward(typename std::remove_reference<_Tp>::type&) [with _Tp = iIMU_ST (ICM42688::icm42688::*)(unsigned char)]	16	static
/opt/st/stm32cubeide_1.14.0/plugins/com.st.stm32cube.ide.mcu.externaltools.gnu-tools-for-stm32.11.3.rel1.linux64_1.1.100.202309141235/tools/arm-none-eabi/include/c++/11.3.1/bits/move.h:77:5:constexpr _Tp&& std::forward(typename std::remove_reference<_Tp>::type&) [with _Tp = short unsigned int&]	16	static
/opt/st/stm32cubeide_1.14.0/plugins/com.st.stm32cube.ide.mcu.externaltools.gnu-tools-for-stm32.11.3.rel1.linux64_1.1.100.202309141235/tools/arm-none-eabi/include/c++/11.3.1/functional:489:2:) [with _Args = {ICM42688::icm42688&, short unsigned int&}; _Functor = iIMU_ST (ICM42688::icm42688::*)(unsigned char); _Bound_args = {ICM42688::icm42688, short unsigned int}]	32	static
/opt/st/stm32cubeide_1.14.0/plugins/com.st.stm32cube.ide.mcu.externaltools.gnu-tools-for-stm32.11.3.rel1.linux64_1.1.100.202309141235/tools/arm-none-eabi/include/c++/11.3.1/tuple:454:7:constexpr std::_Tuple_impl<_Idx, _Head>::_Tuple_impl(std::_Tuple_impl<_Idx, _Head>&&) [with unsigned int _Idx = 1; _Head = short unsigned int]	16	static
/opt/st/stm32cubeide_1.14.0/plugins/com.st.stm32cube.ide.mcu.externaltools.gnu-tools-for-stm32.11.3.rel1.linux64_1.1.100.202309141235/tools/arm-none-eabi/include/c++/11.3.1/bits/move.h:77:5:constexpr _Tp&& std::forward(typename std::remove_reference<_Tp>::type&) [with _Tp = std::_Bind<iIMU_ST (ICM42688::icm42688::*(ICM42688::icm42688, short unsigned int))(unsigned char)>]	16	static
/opt/st/stm32cubeide_1.14.0/plugins/com.st.stm32cube.ide.mcu.externaltools.gnu-tools-for-stm32.11.3.rel1.linux64_1.1.100.202309141235/tools/arm-none-eabi/include/c++/11.3.1/bits/std_function.h:435:2:)>::function(_Functor&&) [with _Functor = std::_Bind<iIMU_ST (ICM42688::icm42688::*(ICM42688::icm42688, short unsigned int))(unsigned char)>; _Constraints = void; _Res = void; _ArgTypes = {}]	24	static
/opt/st/stm32cubeide_1.14.0/plugins/com.st.stm32cube.ide.mcu.externaltools.gnu-tools-for-stm32.11.3.rel1.linux64_1.1.100.202309141235/tools/arm-none-eabi/include/c++/11.3.1/bits/move.h:104:5:constexpr typename std::remove_reference<_Tp>::type&& std::move(_Tp&&) [with _Tp = iIMU_ST (ICM42688::icm42688::*&)()]	16	static
/opt/st/stm32cubeide_1.14.0/plugins/com.st.stm32cube.ide.mcu.externaltools.gnu-tools-for-stm32.11.3.rel1.linux64_1.1.100.202309141235/tools/arm-none-eabi/include/c++/11.3.1/tuple:742:2:>(), bool>::type <anonymous> = true; _Elements = {ICM42688::icm42688}]	24	static
/opt/st/stm32cubeide_1.14.0/plugins/com.st.stm32cube.ide.mcu.externaltools.gnu-tools-for-stm32.11.3.rel1.linux64_1.1.100.202309141235/tools/arm-none-eabi/include/c++/11.3.1/bits/std_function.h:235:4:static bool std::_Function_base::_Base_manager<_Functor>::_M_not_empty_function(const _Tp&) [with _Tp = std::_Bind<iIMU_ST (ICM42688::icm42688::*(ICM42688::icm42688))()>; _Functor = std::_Bind<iIMU_ST (ICM42688::icm42688::*(ICM42688::icm42688))()>]	16	static
/opt/st/stm32cubeide_1.14.0/plugins/com.st.stm32cube.ide.mcu.externaltools.gnu-tools-for-stm32.11.3.rel1.linux64_1.1.100.202309141235/tools/arm-none-eabi/include/c++/11.3.1/bits/std_function.h:211:4:static void std::_Function_base::_Base_manager<_Functor>::_M_init_functor(std::_Any_data&, _Fn&&) [with _Fn = std::_Bind<iIMU_ST (ICM42688::icm42688::*(ICM42688::icm42688))()>; _Functor = std::_Bind<iIMU_ST (ICM42688::icm42688::*(ICM42688::icm42688))()>]	24	static
/opt/st/stm32cubeide_1.14.0/plugins/com.st.stm32cube.ide.mcu.externaltools.gnu-tools-for-stm32.11.3.rel1.linux64_1.1.100.202309141235/tools/arm-none-eabi/include/c++/11.3.1/bits/std_function.h:288:7:) [with _Res = void; _Functor = std::_Bind<iIMU_ST (ICM42688::icm42688::*(ICM42688::icm42688))()>; _ArgTypes = {}]	16	static
/opt/st/stm32cubeide_1.14.0/plugins/com.st.stm32cube.ide.mcu.externaltools.gnu-tools-for-stm32.11.3.rel1.linux64_1.1.100.202309141235/tools/arm-none-eabi/include/c++/11.3.1/bits/std_function.h:267:7:), _Functor>::_M_manager(std::_Any_data&, const std::_Any_data&, std::_Manager_operation) [with _Res = void; _Functor = std::_Bind<iIMU_ST (ICM42688::icm42688::*(ICM42688::icm42688))()>; _ArgTypes = {}]	32	static
/opt/st/stm32cubeide_1.14.0/plugins/com.st.stm32cube.ide.mcu.externaltools.gnu-tools-for-stm32.11.3.rel1.linux64_1.1.100.202309141235/tools/arm-none-eabi/include/c++/11.3.1/bits/move.h:104:5:constexpr typename std::remove_reference<_Tp>::type&& std::move(_Tp&&) [with _Tp = std::_Any_data&]	16	static
/opt/st/stm32cubeide_1.14.0/plugins/com.st.stm32cube.ide.mcu.externaltools.gnu-tools-for-stm32.11.3.rel1.linux64_1.1.100.202309141235/tools/arm-none-eabi/include/c++/11.3.1/bits/move.h:196:5:std::_Require<std::__not_<std::__is_tuple_like<_Tp> >, std::is_move_constructible<_Tp>, std::is_move_assignable<_Tp> > std::swap(_Tp&, _Tp&) [with _Tp = std::_Any_data]	24	static
/opt/st/stm32cubeide_1.14.0/plugins/com.st.stm32cube.ide.mcu.externaltools.gnu-tools-for-stm32.11.3.rel1.linux64_1.1.100.202309141235/tools/arm-none-eabi/include/c++/11.3.1/bits/move.h:104:5:constexpr typename std::remove_reference<_Tp>::type&& std::move(_Tp&&) [with _Tp = bool (*&)(std::_Any_data&, const std::_Any_data&, std::_Manager_operation)]	16	static
/opt/st/stm32cubeide_1.14.0/plugins/com.st.stm32cube.ide.mcu.externaltools.gnu-tools-for-stm32.11.3.rel1.linux64_1.1.100.202309141235/tools/arm-none-eabi/include/c++/11.3.1/bits/move.h:196:5:std::_Require<std::__not_<std::__is_tuple_like<_Tp> >, std::is_move_constructible<_Tp>, std::is_move_assignable<_Tp> > std::swap(_Tp&, _Tp&) [with _Tp = bool (*)(std::_Any_data&, const std::_Any_data&, std::_Manager_operation)]	24	static
/opt/st/stm32cubeide_1.14.0/plugins/com.st.stm32cube.ide.mcu.externaltools.gnu-tools-for-stm32.11.3.rel1.linux64_1.1.100.202309141235/tools/arm-none-eabi/include/c++/11.3.1/bits/move.h:104:5:constexpr typename std::remove_reference<_Tp>::type&& std::move(_Tp&&) [with _Tp = void (*&)(const std::_Any_data&)]	16	static
/opt/st/stm32cubeide_1.14.0/plugins/com.st.stm32cube.ide.mcu.externaltools.gnu-tools-for-stm32.11.3.rel1.linux64_1.1.100.202309141235/tools/arm-none-eabi/include/c++/11.3.1/bits/move.h:196:5:std::_Require<std::__not_<std::__is_tuple_like<_Tp> >, std::is_move_constructible<_Tp>, std::is_move_assignable<_Tp> > std::swap(_Tp&, _Tp&) [with _Tp = void (*)(const std::_Any_data&)]	24	static
/opt/st/stm32cubeide_1.14.0/plugins/com.st.stm32cube.ide.mcu.externaltools.gnu-tools-for-stm32.11.3.rel1.linux64_1.1.100.202309141235/tools/arm-none-eabi/include/c++/11.3.1/bits/move.h:104:5:constexpr typename std::remove_reference<_Tp>::type&& std::move(_Tp&&) [with _Tp = iIMU_ST (ICM42688::icm42688::*&)(unsigned char)]	16	static
/opt/st/stm32cubeide_1.14.0/plugins/com.st.stm32cube.ide.mcu.externaltools.gnu-tools-for-stm32.11.3.rel1.linux64_1.1.100.202309141235/tools/arm-none-eabi/include/c++/11.3.1/tuple:1077:2:constexpr std::tuple<_T1, _T2>::tuple(_U1&&, _U2&&) [with _U1 = ICM42688::icm42688&; _U2 = short unsigned int&; typename std::enable_if<std::_TupleConstraints<(! __is_alloc_arg<_U1>()), _T1, _T2>::__is_implicitly_constructible<_U1, _U2>(), bool>::type <anonymous> = true; _T1 = ICM42688::icm42688; _T2 = short unsigned int]	32	static
/opt/st/stm32cubeide_1.14.0/plugins/com.st.stm32cube.ide.mcu.externaltools.gnu-tools-for-stm32.11.3.rel1.linux64_1.1.100.202309141235/tools/arm-none-eabi/include/c++/11.3.1/bits/std_function.h:235:4:static bool std::_Function_base::_Base_manager<_Functor>::_M_not_empty_function(const _Tp&) [with _Tp = std::_Bind<iIMU_ST (ICM42688::icm42688::*(ICM42688::icm42688, short unsigned int))(unsigned char)>; _Functor = std::_Bind<iIMU_ST (ICM42688::icm42688::*(ICM42688::icm42688, short unsigned int))(unsigned char)>]	16	static
/opt/st/stm32cubeide_1.14.0/plugins/com.st.stm32cube.ide.mcu.externaltools.gnu-tools-for-stm32.11.3.rel1.linux64_1.1.100.202309141235/tools/arm-none-eabi/include/c++/11.3.1/bits/std_function.h:211:4:static void std::_Function_base::_Base_manager<_Functor>::_M_init_functor(std::_Any_data&, _Fn&&) [with _Fn = std::_Bind<iIMU_ST (ICM42688::icm42688::*(ICM42688::icm42688, short unsigned int))(unsigned char)>; _Functor = std::_Bind<iIMU_ST (ICM42688::icm42688::*(ICM42688::icm42688, short unsigned int))(unsigned char)>]	24	static
/opt/st/stm32cubeide_1.14.0/plugins/com.st.stm32cube.ide.mcu.externaltools.gnu-tools-for-stm32.11.3.rel1.linux64_1.1.100.202309141235/tools/arm-none-eabi/include/c++/11.3.1/bits/std_function.h:288:7:) [with _Res = void; _Functor = std::_Bind<iIMU_ST (ICM42688::icm42688::*(ICM42688::icm42688, short unsigned int))(unsigned char)>; _ArgTypes = {}]	16	static
/opt/st/stm32cubeide_1.14.0/plugins/com.st.stm32cube.ide.mcu.externaltools.gnu-tools-for-stm32.11.3.rel1.linux64_1.1.100.202309141235/tools/arm-none-eabi/include/c++/11.3.1/bits/std_function.h:267:7:), _Functor>::_M_manager(std::_Any_data&, const std::_Any_data&, std::_Manager_operation) [with _Res = void; _Functor = std::_Bind<iIMU_ST (ICM42688::icm42688::*(ICM42688::icm42688, short unsigned int))(unsigned char)>; _ArgTypes = {}]	32	static
/opt/st/stm32cubeide_1.14.0/plugins/com.st.stm32cube.ide.mcu.externaltools.gnu-tools-for-stm32.11.3.rel1.linux64_1.1.100.202309141235/tools/arm-none-eabi/include/c++/11.3.1/tuple:440:2:constexpr std::_Tuple_impl<_Idx, _Head>::_Tuple_impl(_UHead&&) [with _UHead = ICM42688::icm42688&; unsigned int _Idx = 0; _Head = ICM42688::icm42688]	24	static
/opt/st/stm32cubeide_1.14.0/plugins/com.st.stm32cube.ide.mcu.externaltools.gnu-tools-for-stm32.11.3.rel1.linux64_1.1.100.202309141235/tools/arm-none-eabi/include/c++/11.3.1/bits/std_function.h:158:4:static void std::_Function_base::_Base_manager<_Functor>::_M_create(std::_Any_data&, _Fn&&, std::false_type) [with _Fn = std::_Bind<iIMU_ST (ICM42688::icm42688::*(ICM42688::icm42688))()>; _Functor = std::_Bind<iIMU_ST (ICM42688::icm42688::*(ICM42688::icm42688))()>]	32	static
/opt/st/stm32cubeide_1.14.0/plugins/com.st.stm32cube.ide.mcu.externaltools.gnu-tools-for-stm32.11.3.rel1.linux64_1.1.100.202309141235/tools/arm-none-eabi/include/c++/11.3.1/bits/std_function.h:134:2:static _Functor* std::_Function_base::_Base_manager<_Functor>::_M_get_pointer(const std::_Any_data&) [with _Functor = std::_Bind<iIMU_ST (ICM42688::icm42688::*(ICM42688::icm42688))()>]	16	static
/opt/st/stm32cubeide_1.14.0/plugins/com.st.stm32cube.ide.mcu.externaltools.gnu-tools-for-stm32.11.3.rel1.linux64_1.1.100.202309141235/tools/arm-none-eabi/include/c++/11.3.1/bits/invoke.h:60:5:) [with _Res = iIMU_ST; _Fn = std::_Bind<iIMU_ST (ICM42688::icm42688::*(ICM42688::icm42688))()>&; _Args = {}]	16	static
/opt/st/stm32cubeide_1.14.0/plugins/com.st.stm32cube.ide.mcu.externaltools.gnu-tools-for-stm32.11.3.rel1.linux64_1.1.100.202309141235/tools/arm-none-eabi/include/c++/11.3.1/bits/invoke.h:149:5:) [with _Res = void; _Callable = std::_Bind<iIMU_ST (ICM42688::icm42688::*(ICM42688::icm42688))()>&; _Args = {}]	24	static
/opt/st/stm32cubeide_1.14.0/plugins/com.st.stm32cube.ide.mcu.externaltools.gnu-tools-for-stm32.11.3.rel1.linux64_1.1.100.202309141235/tools/arm-none-eabi/include/c++/11.3.1/bits/std_function.h:90:7:_Tp& std::_Any_data::_M_access() [with _Tp = std::_Bind<iIMU_ST (ICM42688::icm42688::*(ICM42688::icm42688))()>*]	16	static
/opt/st/stm32cubeide_1.14.0/plugins/com.st.stm32cube.ide.mcu.externaltools.gnu-tools-for-stm32.11.3.rel1.linux64_1.1.100.202309141235/tools/arm-none-eabi/include/c++/11.3.1/bits/std_function.h:180:2:static bool std::_Function_base::_Base_manager<_Functor>::_M_manager(std::_Any_data&, const std::_Any_data&, std::_Manager_operation) [with _Functor = std::_Bind<iIMU_ST (ICM42688::icm42688::*(ICM42688::icm42688))()>]	32	static
/opt/st/stm32cubeide_1.14.0/plugins/com.st.stm32cube.ide.mcu.externaltools.gnu-tools-for-stm32.11.3.rel1.linux64_1.1.100.202309141235/tools/arm-none-eabi/include/c++/11.3.1/tuple:290:2:) [with _UHead = ICM42688::icm42688&; _UTail = {short unsigned int&}; <template-parameter-2-3> = void; unsigned int _Idx = 0; _Head = ICM42688::icm42688; _Tail = {short unsigned int}]	32	static
/opt/st/stm32cubeide_1.14.0/plugins/com.st.stm32cube.ide.mcu.externaltools.gnu-tools-for-stm32.11.3.rel1.linux64_1.1.100.202309141235/tools/arm-none-eabi/include/c++/11.3.1/bits/std_function.h:158:4:static void std::_Function_base::_Base_manager<_Functor>::_M_create(std::_Any_data&, _Fn&&, std::false_type) [with _Fn = std::_Bind<iIMU_ST (ICM42688::icm42688::*(ICM42688::icm42688, short unsigned int))(unsigned char)>; _Functor = std::_Bind<iIMU_ST (ICM42688::icm42688::*(ICM42688::icm42688, short unsigned int))(unsigned char)>]	32	static
/opt/st/stm32cubeide_1.14.0/plugins/com.st.stm32cube.ide.mcu.externaltools.gnu-tools-for-stm32.11.3.rel1.linux64_1.1.100.202309141235/tools/arm-none-eabi/include/c++/11.3.1/bits/std_function.h:134:2:static _Functor* std::_Function_base::_Base_manager<_Functor>::_M_get_pointer(const std::_Any_data&) [with _Functor = std::_Bind<iIMU_ST (ICM42688::icm42688::*(ICM42688::icm42688, short unsigned int))(unsigned char)>]	16	static
/opt/st/stm32cubeide_1.14.0/plugins/com.st.stm32cube.ide.mcu.externaltools.gnu-tools-for-stm32.11.3.rel1.linux64_1.1.100.202309141235/tools/arm-none-eabi/include/c++/11.3.1/bits/invoke.h:60:5:) [with _Res = iIMU_ST; _Fn = std::_Bind<iIMU_ST (ICM42688::icm42688::*(ICM42688::icm42688, short unsigned int))(unsigned char)>&; _Args = {}]	16	static
/opt/st/stm32cubeide_1.14.0/plugins/com.st.stm32cube.ide.mcu.externaltools.gnu-tools-for-stm32.11.3.rel1.linux64_1.1.100.202309141235/tools/arm-none-eabi/include/c++/11.3.1/bits/invoke.h:149:5:) [with _Res = void; _Callable = std::_Bind<iIMU_ST (ICM42688::icm42688::*(ICM42688::icm42688, short unsigned int))(unsigned char)>&; _Args = {}]	24	static
/opt/st/stm32cubeide_1.14.0/plugins/com.st.stm32cube.ide.mcu.externaltools.gnu-tools-for-stm32.11.3.rel1.linux64_1.1.100.202309141235/tools/arm-none-eabi/include/c++/11.3.1/bits/std_function.h:90:7:_Tp& std::_Any_data::_M_access() [with _Tp = std::_Bind<iIMU_ST (ICM42688::icm42688::*(ICM42688::icm42688, short unsigned int))(unsigned char)>*]	16	static
/opt/st/stm32cubeide_1.14.0/plugins/com.st.stm32cube.ide.mcu.externaltools.gnu-tools-for-stm32.11.3.rel1.linux64_1.1.100.202309141235/tools/arm-none-eabi/include/c++/11.3.1/bits/std_function.h:180:2:static bool std::_Function_base::_Base_manager<_Functor>::_M_manager(std::_Any_data&, const std::_Any_data&, std::_Manager_operation) [with _Functor = std::_Bind<iIMU_ST (ICM42688::icm42688::*(ICM42688::icm42688, short unsigned int))(unsigned char)>]	32	static
../Core/Inc/iIMU.hpp:61:7:constexpr iIMU::iIMU(const iIMU&)	16	static
../Core/Inc/icm42688.hpp:45:11:constexpr ICM42688::icm42688::icm42688(const ICM42688::icm42688&)	24	static
/opt/st/stm32cubeide_1.14.0/plugins/com.st.stm32cube.ide.mcu.externaltools.gnu-tools-for-stm32.11.3.rel1.linux64_1.1.100.202309141235/tools/arm-none-eabi/include/c++/11.3.1/tuple:199:19:constexpr std::_Head_base<_Idx, _Head, false>::_Head_base(_UHead&&) [with _UHead = ICM42688::icm42688&; unsigned int _Idx = 0; _Head = ICM42688::icm42688]	24	static
/opt/st/stm32cubeide_1.14.0/plugins/com.st.stm32cube.ide.mcu.externaltools.gnu-tools-for-stm32.11.3.rel1.linux64_1.1.100.202309141235/tools/arm-none-eabi/include/c++/11.3.1/bits/std_function.h:95:7:const _Tp& std::_Any_data::_M_access() const [with _Tp = std::_Bind<iIMU_ST (ICM42688::icm42688::*(ICM42688::icm42688))()>*]	16	static
/opt/st/stm32cubeide_1.14.0/plugins/com.st.stm32cube.ide.mcu.externaltools.gnu-tools-for-stm32.11.3.rel1.linux64_1.1.100.202309141235/tools/arm-none-eabi/include/c++/11.3.1/bits/move.h:77:5:constexpr _Tp&& std::forward(typename std::remove_reference<_Tp>::type&) [with _Tp = std::_Bind<iIMU_ST (ICM42688::icm42688::*(ICM42688::icm42688))()>&]	16	static
/opt/st/stm32cubeide_1.14.0/plugins/com.st.stm32cube.ide.mcu.externaltools.gnu-tools-for-stm32.11.3.rel1.linux64_1.1.100.202309141235/tools/arm-none-eabi/include/c++/11.3.1/functional:501:2:) [with _Args = {}; _Result = iIMU_ST; _Functor = iIMU_ST (ICM42688::icm42688::*)(); _Bound_args = {ICM42688::icm42688}]	32	static
/opt/st/stm32cubeide_1.14.0/plugins/com.st.stm32cube.ide.mcu.externaltools.gnu-tools-for-stm32.11.3.rel1.linux64_1.1.100.202309141235/tools/arm-none-eabi/include/c++/11.3.1/bits/std_function.h:90:7:_Tp& std::_Any_data::_M_access() [with _Tp = const std::type_info*]	16	static
/opt/st/stm32cubeide_1.14.0/plugins/com.st.stm32cube.ide.mcu.externaltools.gnu-tools-for-stm32.11.3.rel1.linux64_1.1.100.202309141235/tools/arm-none-eabi/include/c++/11.3.1/bits/std_function.h:211:4:static void std::_Function_base::_Base_manager<_Functor>::_M_init_functor(std::_Any_data&, _Fn&&) [with _Fn = const std::_Bind<iIMU_ST (ICM42688::icm42688::*(ICM42688::icm42688))()>&; _Functor = std::_Bind<iIMU_ST (ICM42688::icm42688::*(ICM42688::icm42688))()>]	24	static
/opt/st/stm32cubeide_1.14.0/plugins/com.st.stm32cube.ide.mcu.externaltools.gnu-tools-for-stm32.11.3.rel1.linux64_1.1.100.202309141235/tools/arm-none-eabi/include/c++/11.3.1/bits/std_function.h:173:2:static void std::_Function_base::_Base_manager<_Functor>::_M_destroy(std::_Any_data&, std::false_type) [with _Functor = std::_Bind<iIMU_ST (ICM42688::icm42688::*(ICM42688::icm42688))()>]	16	static
/opt/st/stm32cubeide_1.14.0/plugins/com.st.stm32cube.ide.mcu.externaltools.gnu-tools-for-stm32.11.3.rel1.linux64_1.1.100.202309141235/tools/arm-none-eabi/include/c++/11.3.1/tuple:440:2:constexpr std::_Tuple_impl<_Idx, _Head>::_Tuple_impl(_UHead&&) [with _UHead = short unsigned int&; unsigned int _Idx = 1; _Head = short unsigned int]	24	static
/opt/st/stm32cubeide_1.14.0/plugins/com.st.stm32cube.ide.mcu.externaltools.gnu-tools-for-stm32.11.3.rel1.linux64_1.1.100.202309141235/tools/arm-none-eabi/include/c++/11.3.1/bits/std_function.h:95:7:const _Tp& std::_Any_data::_M_access() const [with _Tp = std::_Bind<iIMU_ST (ICM42688::icm42688::*(ICM42688::icm42688, short unsigned int))(unsigned char)>*]	16	static
/opt/st/stm32cubeide_1.14.0/plugins/com.st.stm32cube.ide.mcu.externaltools.gnu-tools-for-stm32.11.3.rel1.linux64_1.1.100.202309141235/tools/arm-none-eabi/include/c++/11.3.1/bits/move.h:77:5:constexpr _Tp&& std::forward(typename std::remove_reference<_Tp>::type&) [with _Tp = std::_Bind<iIMU_ST (ICM42688::icm42688::*(ICM42688::icm42688, short unsigned int))(unsigned char)>&]	16	static
/opt/st/stm32cubeide_1.14.0/plugins/com.st.stm32cube.ide.mcu.externaltools.gnu-tools-for-stm32.11.3.rel1.linux64_1.1.100.202309141235/tools/arm-none-eabi/include/c++/11.3.1/functional:501:2:) [with _Args = {}; _Result = iIMU_ST; _Functor = iIMU_ST (ICM42688::icm42688::*)(unsigned char); _Bound_args = {ICM42688::icm42688, short unsigned int}]	32	static
/opt/st/stm32cubeide_1.14.0/plugins/com.st.stm32cube.ide.mcu.externaltools.gnu-tools-for-stm32.11.3.rel1.linux64_1.1.100.202309141235/tools/arm-none-eabi/include/c++/11.3.1/bits/std_function.h:211:4:static void std::_Function_base::_Base_manager<_Functor>::_M_init_functor(std::_Any_data&, _Fn&&) [with _Fn = const std::_Bind<iIMU_ST (ICM42688::icm42688::*(ICM42688::icm42688, short unsigned int))(unsigned char)>&; _Functor = std::_Bind<iIMU_ST (ICM42688::icm42688::*(ICM42688::icm42688, short unsigned int))(unsigned char)>]	24	static
/opt/st/stm32cubeide_1.14.0/plugins/com.st.stm32cube.ide.mcu.externaltools.gnu-tools-for-stm32.11.3.rel1.linux64_1.1.100.202309141235/tools/arm-none-eabi/include/c++/11.3.1/bits/std_function.h:173:2:static void std::_Function_base::_Base_manager<_Functor>::_M_destroy(std::_Any_data&, std::false_type) [with _Functor = std::_Bind<iIMU_ST (ICM42688::icm42688::*(ICM42688::icm42688, short unsigned int))(unsigned char)>]	16	static
/opt/st/stm32cubeide_1.14.0/plugins/com.st.stm32cube.ide.mcu.externaltools.gnu-tools-for-stm32.11.3.rel1.linux64_1.1.100.202309141235/tools/arm-none-eabi/include/c++/11.3.1/tuple:1617:5:) [with _Elements = {}]	4	static
/opt/st/stm32cubeide_1.14.0/plugins/com.st.stm32cube.ide.mcu.externaltools.gnu-tools-for-stm32.11.3.rel1.linux64_1.1.100.202309141235/tools/arm-none-eabi/include/c++/11.3.1/functional:418:2:_Indexes = {0}; _Functor = iIMU_ST (ICM42688::icm42688::*)(); _Bound_args = {ICM42688::icm42688}]	40	static
/opt/st/stm32cubeide_1.14.0/plugins/com.st.stm32cube.ide.mcu.externaltools.gnu-tools-for-stm32.11.3.rel1.linux64_1.1.100.202309141235/tools/arm-none-eabi/include/c++/11.3.1/bits/move.h:77:5:constexpr _Tp&& std::forward(typename std::remove_reference<_Tp>::type&) [with _Tp = const std::_Bind<iIMU_ST (ICM42688::icm42688::*(ICM42688::icm42688))()>&]	16	static
/opt/st/stm32cubeide_1.14.0/plugins/com.st.stm32cube.ide.mcu.externaltools.gnu-tools-for-stm32.11.3.rel1.linux64_1.1.100.202309141235/tools/arm-none-eabi/include/c++/11.3.1/tuple:195:17:constexpr std::_Head_base<_Idx, _Head, false>::_Head_base(const std::_Head_base<_Idx, _Head, false>&) [with unsigned int _Idx = 0; _Head = ICM42688::icm42688]	16	static
/opt/st/stm32cubeide_1.14.0/plugins/com.st.stm32cube.ide.mcu.externaltools.gnu-tools-for-stm32.11.3.rel1.linux64_1.1.100.202309141235/tools/arm-none-eabi/include/c++/11.3.1/tuple:444:17:constexpr std::_Tuple_impl<_Idx, _Head>::_Tuple_impl(const std::_Tuple_impl<_Idx, _Head>&) [with unsigned int _Idx = 0; _Head = ICM42688::icm42688]	16	static
/opt/st/stm32cubeide_1.14.0/plugins/com.st.stm32cube.ide.mcu.externaltools.gnu-tools-for-stm32.11.3.rel1.linux64_1.1.100.202309141235/tools/arm-none-eabi/include/c++/11.3.1/tuple:754:17:constexpr std::tuple<_Elements>::tuple(const std::tuple<_Elements>&) [with _Elements = {ICM42688::icm42688}]	16	static
/opt/st/stm32cubeide_1.14.0/plugins/com.st.stm32cube.ide.mcu.externaltools.gnu-tools-for-stm32.11.3.rel1.linux64_1.1.100.202309141235/tools/arm-none-eabi/include/c++/11.3.1/functional:493:7:)>&) [with _Functor = iIMU_ST (ICM42688::icm42688::*)(); _Bound_args = {ICM42688::icm42688}]	16	static
/opt/st/stm32cubeide_1.14.0/plugins/com.st.stm32cube.ide.mcu.externaltools.gnu-tools-for-stm32.11.3.rel1.linux64_1.1.100.202309141235/tools/arm-none-eabi/include/c++/11.3.1/bits/std_function.h:158:4:static void std::_Function_base::_Base_manager<_Functor>::_M_create(std::_Any_data&, _Fn&&, std::false_type) [with _Fn = const std::_Bind<iIMU_ST (ICM42688::icm42688::*(ICM42688::icm42688))()>&; _Functor = std::_Bind<iIMU_ST (ICM42688::icm42688::*(ICM42688::icm42688))()>]	32	static
/opt/st/stm32cubeide_1.14.0/plugins/com.st.stm32cube.ide.mcu.externaltools.gnu-tools-for-stm32.11.3.rel1.linux64_1.1.100.202309141235/tools/arm-none-eabi/include/c++/11.3.1/tuple:199:19:constexpr std::_Head_base<_Idx, _Head, false>::_Head_base(_UHead&&) [with _UHead = short unsigned int&; unsigned int _Idx = 1; _Head = short unsigned int]	16	static
/opt/st/stm32cubeide_1.14.0/plugins/com.st.stm32cube.ide.mcu.externaltools.gnu-tools-for-stm32.11.3.rel1.linux64_1.1.100.202309141235/tools/arm-none-eabi/include/c++/11.3.1/functional:418:2:_Indexes = {0, 1}; _Functor = iIMU_ST (ICM42688::icm42688::*)(unsigned char); _Bound_args = {ICM42688::icm42688, short unsigned int}]	40	static
/opt/st/stm32cubeide_1.14.0/plugins/com.st.stm32cube.ide.mcu.externaltools.gnu-tools-for-stm32.11.3.rel1.linux64_1.1.100.202309141235/tools/arm-none-eabi/include/c++/11.3.1/bits/move.h:77:5:constexpr _Tp&& std::forward(typename std::remove_reference<_Tp>::type&) [with _Tp = const std::_Bind<iIMU_ST (ICM42688::icm42688::*(ICM42688::icm42688, short unsigned int))(unsigned char)>&]	16	static
/opt/st/stm32cubeide_1.14.0/plugins/com.st.stm32cube.ide.mcu.externaltools.gnu-tools-for-stm32.11.3.rel1.linux64_1.1.100.202309141235/tools/arm-none-eabi/include/c++/11.3.1/tuple:295:17:>&) [with unsigned int _Idx = 0; _Head = ICM42688::icm42688; _Tail = {short unsigned int}]	16	static
/opt/st/stm32cubeide_1.14.0/plugins/com.st.stm32cube.ide.mcu.externaltools.gnu-tools-for-stm32.11.3.rel1.linux64_1.1.100.202309141235/tools/arm-none-eabi/include/c++/11.3.1/tuple:1088:17:constexpr std::tuple<_T1, _T2>::tuple(const std::tuple<_T1, _T2>&) [with _T1 = ICM42688::icm42688; _T2 = short unsigned int]	16	static
/opt/st/stm32cubeide_1.14.0/plugins/com.st.stm32cube.ide.mcu.externaltools.gnu-tools-for-stm32.11.3.rel1.linux64_1.1.100.202309141235/tools/arm-none-eabi/include/c++/11.3.1/functional:493:7:)>&) [with _Functor = iIMU_ST (ICM42688::icm42688::*)(unsigned char); _Bound_args = {ICM42688::icm42688, short unsigned int}]	16	static
/opt/st/stm32cubeide_1.14.0/plugins/com.st.stm32cube.ide.mcu.externaltools.gnu-tools-for-stm32.11.3.rel1.linux64_1.1.100.202309141235/tools/arm-none-eabi/include/c++/11.3.1/bits/std_function.h:158:4:static void std::_Function_base::_Base_manager<_Functor>::_M_create(std::_Any_data&, _Fn&&, std::false_type) [with _Fn = const std::_Bind<iIMU_ST (ICM42688::icm42688::*(ICM42688::icm42688, short unsigned int))(unsigned char)>&; _Functor = std::_Bind<iIMU_ST (ICM42688::icm42688::*(ICM42688::icm42688, short unsigned int))(unsigned char)>]	32	static
/opt/st/stm32cubeide_1.14.0/plugins/com.st.stm32cube.ide.mcu.externaltools.gnu-tools-for-stm32.11.3.rel1.linux64_1.1.100.202309141235/tools/arm-none-eabi/include/c++/11.3.1/tuple:1393:5:>&) [with unsigned int __i = 0; _Elements = {ICM42688::icm42688}]	16	static
/opt/st/stm32cubeide_1.14.0/plugins/com.st.stm32cube.ide.mcu.externaltools.gnu-tools-for-stm32.11.3.rel1.linux64_1.1.100.202309141235/tools/arm-none-eabi/include/c++/11.3.1/functional:382:2:_CVArg&& std::_Mu<_Arg, false, false>::operator()(_CVArg&&, _Tuple&) const volatile [with _CVArg = ICM42688::icm42688&; _Tuple = std::tuple<>; _Arg = ICM42688::icm42688]	24	static
/opt/st/stm32cubeide_1.14.0/plugins/com.st.stm32cube.ide.mcu.externaltools.gnu-tools-for-stm32.11.3.rel1.linux64_1.1.100.202309141235/tools/arm-none-eabi/include/c++/11.3.1/bits/invoke.h:90:5:) [with _Callable = iIMU_ST (ICM42688::icm42688::*&)(); _Args = {ICM42688::icm42688&}]	24	static
/opt/st/stm32cubeide_1.14.0/plugins/com.st.stm32cube.ide.mcu.externaltools.gnu-tools-for-stm32.11.3.rel1.linux64_1.1.100.202309141235/tools/arm-none-eabi/include/c++/11.3.1/tuple:1393:5:>&) [with unsigned int __i = 0; _Elements = {ICM42688::icm42688, short unsigned int}]	16	static
/opt/st/stm32cubeide_1.14.0/plugins/com.st.stm32cube.ide.mcu.externaltools.gnu-tools-for-stm32.11.3.rel1.linux64_1.1.100.202309141235/tools/arm-none-eabi/include/c++/11.3.1/tuple:1393:5:>&) [with unsigned int __i = 1; _Elements = {ICM42688::icm42688, short unsigned int}]	16	static
/opt/st/stm32cubeide_1.14.0/plugins/com.st.stm32cube.ide.mcu.externaltools.gnu-tools-for-stm32.11.3.rel1.linux64_1.1.100.202309141235/tools/arm-none-eabi/include/c++/11.3.1/functional:382:2:_CVArg&& std::_Mu<_Arg, false, false>::operator()(_CVArg&&, _Tuple&) const volatile [with _CVArg = short unsigned int&; _Tuple = std::tuple<>; _Arg = short unsigned int]	24	static
/opt/st/stm32cubeide_1.14.0/plugins/com.st.stm32cube.ide.mcu.externaltools.gnu-tools-for-stm32.11.3.rel1.linux64_1.1.100.202309141235/tools/arm-none-eabi/include/c++/11.3.1/bits/invoke.h:90:5:) [with _Callable = iIMU_ST (ICM42688::icm42688::*&)(unsigned char); _Args = {ICM42688::icm42688&, short unsigned int&}]	40	static
/opt/st/stm32cubeide_1.14.0/plugins/com.st.stm32cube.ide.mcu.externaltools.gnu-tools-for-stm32.11.3.rel1.linux64_1.1.100.202309141235/tools/arm-none-eabi/include/c++/11.3.1/tuple:1377:5:>&) [with unsigned int __i = 0; _Head = ICM42688::icm42688; _Tail = {}]	16	static
/opt/st/stm32cubeide_1.14.0/plugins/com.st.stm32cube.ide.mcu.externaltools.gnu-tools-for-stm32.11.3.rel1.linux64_1.1.100.202309141235/tools/arm-none-eabi/include/c++/11.3.1/bits/move.h:77:5:constexpr _Tp&& std::forward(typename std::remove_reference<_Tp>::type&) [with _Tp = iIMU_ST (ICM42688::icm42688::*&)()]	16	static
/opt/st/stm32cubeide_1.14.0/plugins/com.st.stm32cube.ide.mcu.externaltools.gnu-tools-for-stm32.11.3.rel1.linux64_1.1.100.202309141235/tools/arm-none-eabi/include/c++/11.3.1/bits/invoke.h:65:5:) [with _Res = iIMU_ST; _MemFun = iIMU_ST (ICM42688::icm42688::*&)(); _Tp = ICM42688::icm42688&; _Args = {}]	24	static
/opt/st/stm32cubeide_1.14.0/plugins/com.st.stm32cube.ide.mcu.externaltools.gnu-tools-for-stm32.11.3.rel1.linux64_1.1.100.202309141235/tools/arm-none-eabi/include/c++/11.3.1/tuple:1377:5:>&) [with unsigned int __i = 0; _Head = ICM42688::icm42688; _Tail = {short unsigned int}]	16	static
/opt/st/stm32cubeide_1.14.0/plugins/com.st.stm32cube.ide.mcu.externaltools.gnu-tools-for-stm32.11.3.rel1.linux64_1.1.100.202309141235/tools/arm-none-eabi/include/c++/11.3.1/tuple:1377:5:>&) [with unsigned int __i = 1; _Head = short unsigned int; _Tail = {}]	16	static
/opt/st/stm32cubeide_1.14.0/plugins/com.st.stm32cube.ide.mcu.externaltools.gnu-tools-for-stm32.11.3.rel1.linux64_1.1.100.202309141235/tools/arm-none-eabi/include/c++/11.3.1/bits/move.h:77:5:constexpr _Tp&& std::forward(typename std::remove_reference<_Tp>::type&) [with _Tp = iIMU_ST (ICM42688::icm42688::*&)(unsigned char)]	16	static
/opt/st/stm32cubeide_1.14.0/plugins/com.st.stm32cube.ide.mcu.externaltools.gnu-tools-for-stm32.11.3.rel1.linux64_1.1.100.202309141235/tools/arm-none-eabi/include/c++/11.3.1/bits/invoke.h:65:5:) [with _Res = iIMU_ST; _MemFun = iIMU_ST (ICM42688::icm42688::*&)(unsigned char); _Tp = ICM42688::icm42688&; _Args = {short unsigned int&}]	32	static
/opt/st/stm32cubeide_1.14.0/plugins/com.st.stm32cube.ide.mcu.externaltools.gnu-tools-for-stm32.11.3.rel1.linux64_1.1.100.202309141235/tools/arm-none-eabi/include/c++/11.3.1/tuple:424:7:static constexpr _Head& std::_Tuple_impl<_Idx, _Head>::_M_head(std::_Tuple_impl<_Idx, _Head>&) [with unsigned int _Idx = 0; _Head = ICM42688::icm42688]	16	static
/opt/st/stm32cubeide_1.14.0/plugins/com.st.stm32cube.ide.mcu.externaltools.gnu-tools-for-stm32.11.3.rel1.linux64_1.1.100.202309141235/tools/arm-none-eabi/include/c++/11.3.1/bits/invoke.h:55:5:constexpr _Up&& std::__invfwd(typename std::remove_reference<_Tp>::type&) [with _Tp = ICM42688::icm42688&; _Up = ICM42688::icm42688&]	16	static
/opt/st/stm32cubeide_1.14.0/plugins/com.st.stm32cube.ide.mcu.externaltools.gnu-tools-for-stm32.11.3.rel1.linux64_1.1.100.202309141235/tools/arm-none-eabi/include/c++/11.3.1/tuple:268:7:>&) [with unsigned int _Idx = 0; _Head = ICM42688::icm42688; _Tail = {short unsigned int}]	16	static
/opt/st/stm32cubeide_1.14.0/plugins/com.st.stm32cube.ide.mcu.externaltools.gnu-tools-for-stm32.11.3.rel1.linux64_1.1.100.202309141235/tools/arm-none-eabi/include/c++/11.3.1/tuple:424:7:static constexpr _Head& std::_Tuple_impl<_Idx, _Head>::_M_head(std::_Tuple_impl<_Idx, _Head>&) [with unsigned int _Idx = 1; _Head = short unsigned int]	16	static
/opt/st/stm32cubeide_1.14.0/plugins/com.st.stm32cube.ide.mcu.externaltools.gnu-tools-for-stm32.11.3.rel1.linux64_1.1.100.202309141235/tools/arm-none-eabi/include/c++/11.3.1/tuple:233:7:static constexpr _Head& std::_Head_base<_Idx, _Head, false>::_M_head(std::_Head_base<_Idx, _Head, false>&) [with unsigned int _Idx = 0; _Head = ICM42688::icm42688]	16	static
/opt/st/stm32cubeide_1.14.0/plugins/com.st.stm32cube.ide.mcu.externaltools.gnu-tools-for-stm32.11.3.rel1.linux64_1.1.100.202309141235/tools/arm-none-eabi/include/c++/11.3.1/tuple:233:7:static constexpr _Head& std::_Head_base<_Idx, _Head, false>::_M_head(std::_Head_base<_Idx, _Head, false>&) [with unsigned int _Idx = 1; _Head = short unsigned int]	16	static
