/opt/st/stm32cubeide_1.14.0/plugins/com.st.stm32cube.ide.mcu.externaltools.gnu-tools-for-stm32.11.3.rel1.linux64_1.1.100.202309141235/tools/arm-none-eabi/include/c++/11.3.1/arm-none-eabi/thumb/v7e-m+fp/hard/bits/gthr-default.h:229:1:int __gthread_key_delete(__gthread_key_t)	16	static
../Core/Src/taskIMUgetData.cpp:39:6:void taskIMUgetData_constructor(taskIMUgetData_t*, uint32_t, uint32_t, uint32_t, uint32_t, ICM42688::icm42688*, STM32::gpio*, uint32_t)	32	static
../Core/Src/taskIMUgetData.cpp:60:6:void taskIMUgetData_destructor(taskIMUgetData_t*)	16	static
../Core/Src/taskIMUgetData.cpp:69:6:void taskIMUgetData_start(taskIMUgetData_t*)	48	static
../Core/Src/taskIMUgetData.cpp:118:6:void taskIMUgetData_update(taskIMUgetData_t*)	96	static
../Core/Src/taskIMUgetData.cpp:154:13:void make_imu_data_for_cni(IMUData, uint8_t*)	8	static
