../Core/Src/timeTriggeredScheduler.cpp:14:13:void timeTriggeredScheduler_tick(TIM_HandleTypeDef*)	16	static
../Core/Src/timeTriggeredScheduler.cpp:19:6:void timeTriggeredScheduler_constructor(TIM_HandleTypeDef*, uint32_t)	24	static
../Core/Src/timeTriggeredScheduler.cpp:35:6:void timeTriggeredScheduler_init()	8	static
../Core/Src/timeTriggeredScheduler.cpp:43:6:void timeTriggeredScheduler_start()	8	static
../Core/Src/timeTriggeredScheduler.cpp:48:6:void timeTriggeredScheduler_stop()	8	static
../Core/Src/timeTriggeredScheduler.cpp:53:6:void timeTriggeredScheduler_dispatch()	24	static,ignoring_inline_asm
../Core/Src/timeTriggeredScheduler.cpp:115:15:TTschStatus_t timeTriggeredScheduler_add_task(timeTriggeredTask_t*)	24	static
../Core/Src/timeTriggeredScheduler.cpp:134:6:void taskTimeTriggeredSync_constructor(taskTimeTriggeredSync_t*, uint32_t, uint32_t, uint32_t, uint32_t, uint32_t, uint32_t, uint32_t)	32	static
../Core/Src/timeTriggeredScheduler.cpp:142:6:void taskTimeTriggeredSync_destructor(taskTimeTriggeredSync_t*)	16	static
../Core/Src/timeTriggeredScheduler.cpp:147:6:void taskTimeTriggeredSync_start(taskTimeTriggeredSync_t*)	16	static
../Core/Src/timeTriggeredScheduler.cpp:152:6:void taskTimeTriggeredSync_update(taskTimeTriggeredSync_t*)	16	static
../Core/Src/timeTriggeredScheduler.cpp:197:10:uint32_t timeTriggeredScheduler_get_time()	4	static
