../Core/Src/timeTriggeredScheduler.cpp:13:13:void timeTriggeredScheduler_tick(TIM_HandleTypeDef*)	16	static
../Core/Src/timeTriggeredScheduler.cpp:19:6:void timeTriggeredScheduler_constructor(TIM_HandleTypeDef*)	24	static
../Core/Src/timeTriggeredScheduler.cpp:34:6:void timeTriggeredScheduler_init()	8	static
../Core/Src/timeTriggeredScheduler.cpp:40:6:void timeTriggeredScheduler_start()	8	static
../Core/Src/timeTriggeredScheduler.cpp:45:6:void timeTriggeredScheduler_stop()	8	static
../Core/Src/timeTriggeredScheduler.cpp:50:6:void timeTriggeredScheduler_dispatch()	24	static,ignoring_inline_asm
../Core/Src/timeTriggeredScheduler.cpp:98:15:TTschStatus_t timeTriggeredScheduler_add_task(timeTriggeredTask_t*)	24	static
