Archive member included to satisfy reference by file (symbol)

/opt/st/stm32cubeide_1.14.0/plugins/com.st.stm32cube.ide.mcu.externaltools.gnu-tools-for-stm32.11.3.rel1.linux64_1.1.100.202309141235/tools/bin/../lib/gcc/arm-none-eabi/11.3.1/../../../../arm-none-eabi/lib/thumb/v7e-m+fp/hard/libstdc++_nano.a(del_ops.o)
                              ./Core/Src/icm42688.o (operator delete(void*, unsigned int))
/opt/st/stm32cubeide_1.14.0/plugins/com.st.stm32cube.ide.mcu.externaltools.gnu-tools-for-stm32.11.3.rel1.linux64_1.1.100.202309141235/tools/bin/../lib/gcc/arm-none-eabi/11.3.1/../../../../arm-none-eabi/lib/thumb/v7e-m+fp/hard/libstdc++_nano.a(new_op.o)
                              ./Core/Src/icm42688.o (operator new(unsigned int))
/opt/st/stm32cubeide_1.14.0/plugins/com.st.stm32cube.ide.mcu.externaltools.gnu-tools-for-stm32.11.3.rel1.linux64_1.1.100.202309141235/tools/bin/../lib/gcc/arm-none-eabi/11.3.1/../../../../arm-none-eabi/lib/thumb/v7e-m+fp/hard/libstdc++_nano.a(del_op.o)
                              /opt/st/stm32cubeide_1.14.0/plugins/com.st.stm32cube.ide.mcu.externaltools.gnu-tools-for-stm32.11.3.rel1.linux64_1.1.100.202309141235/tools/bin/../lib/gcc/arm-none-eabi/11.3.1/../../../../arm-none-eabi/lib/thumb/v7e-m+fp/hard/libstdc++_nano.a(del_ops.o) (operator delete(void*))
/opt/st/stm32cubeide_1.14.0/plugins/com.st.stm32cube.ide.mcu.externaltools.gnu-tools-for-stm32.11.3.rel1.linux64_1.1.100.202309141235/tools/bin/../lib/gcc/arm-none-eabi/11.3.1/../../../../arm-none-eabi/lib/thumb/v7e-m+fp/hard/libstdc++_nano.a(new_handler.o)
                              /opt/st/stm32cubeide_1.14.0/plugins/com.st.stm32cube.ide.mcu.externaltools.gnu-tools-for-stm32.11.3.rel1.linux64_1.1.100.202309141235/tools/bin/../lib/gcc/arm-none-eabi/11.3.1/../../../../arm-none-eabi/lib/thumb/v7e-m+fp/hard/libstdc++_nano.a(new_op.o) (std::get_new_handler())
/opt/st/stm32cubeide_1.14.0/plugins/com.st.stm32cube.ide.mcu.externaltools.gnu-tools-for-stm32.11.3.rel1.linux64_1.1.100.202309141235/tools/bin/../lib/gcc/arm-none-eabi/11.3.1/../../../../arm-none-eabi/lib/thumb/v7e-m+fp/hard/libc_nano.a(libc_a-abort.o)
                              /opt/st/stm32cubeide_1.14.0/plugins/com.st.stm32cube.ide.mcu.externaltools.gnu-tools-for-stm32.11.3.rel1.linux64_1.1.100.202309141235/tools/bin/../lib/gcc/arm-none-eabi/11.3.1/../../../../arm-none-eabi/lib/thumb/v7e-m+fp/hard/libstdc++_nano.a(new_op.o) (abort)
/opt/st/stm32cubeide_1.14.0/plugins/com.st.stm32cube.ide.mcu.externaltools.gnu-tools-for-stm32.11.3.rel1.linux64_1.1.100.202309141235/tools/bin/../lib/gcc/arm-none-eabi/11.3.1/../../../../arm-none-eabi/lib/thumb/v7e-m+fp/hard/libc_nano.a(libc_a-exit.o)
                              /opt/st/stm32cubeide_1.14.0/plugins/com.st.stm32cube.ide.mcu.externaltools.gnu-tools-for-stm32.11.3.rel1.linux64_1.1.100.202309141235/tools/bin/../lib/gcc/arm-none-eabi/11.3.1/../../../../arm-none-eabi/lib/thumb/v7e-m+fp/hard/crt0.o (exit)
/opt/st/stm32cubeide_1.14.0/plugins/com.st.stm32cube.ide.mcu.externaltools.gnu-tools-for-stm32.11.3.rel1.linux64_1.1.100.202309141235/tools/bin/../lib/gcc/arm-none-eabi/11.3.1/../../../../arm-none-eabi/lib/thumb/v7e-m+fp/hard/libc_nano.a(libc_a-malloc.o)
                              /opt/st/stm32cubeide_1.14.0/plugins/com.st.stm32cube.ide.mcu.externaltools.gnu-tools-for-stm32.11.3.rel1.linux64_1.1.100.202309141235/tools/bin/../lib/gcc/arm-none-eabi/11.3.1/../../../../arm-none-eabi/lib/thumb/v7e-m+fp/hard/libstdc++_nano.a(new_op.o) (malloc)
/opt/st/stm32cubeide_1.14.0/plugins/com.st.stm32cube.ide.mcu.externaltools.gnu-tools-for-stm32.11.3.rel1.linux64_1.1.100.202309141235/tools/bin/../lib/gcc/arm-none-eabi/11.3.1/../../../../arm-none-eabi/lib/thumb/v7e-m+fp/hard/libc_nano.a(libc_a-mallocr.o)
                              /opt/st/stm32cubeide_1.14.0/plugins/com.st.stm32cube.ide.mcu.externaltools.gnu-tools-for-stm32.11.3.rel1.linux64_1.1.100.202309141235/tools/bin/../lib/gcc/arm-none-eabi/11.3.1/../../../../arm-none-eabi/lib/thumb/v7e-m+fp/hard/libc_nano.a(libc_a-malloc.o) (_malloc_r)
/opt/st/stm32cubeide_1.14.0/plugins/com.st.stm32cube.ide.mcu.externaltools.gnu-tools-for-stm32.11.3.rel1.linux64_1.1.100.202309141235/tools/bin/../lib/gcc/arm-none-eabi/11.3.1/../../../../arm-none-eabi/lib/thumb/v7e-m+fp/hard/libc_nano.a(libc_a-mlock.o)
                              /opt/st/stm32cubeide_1.14.0/plugins/com.st.stm32cube.ide.mcu.externaltools.gnu-tools-for-stm32.11.3.rel1.linux64_1.1.100.202309141235/tools/bin/../lib/gcc/arm-none-eabi/11.3.1/../../../../arm-none-eabi/lib/thumb/v7e-m+fp/hard/libc_nano.a(libc_a-mallocr.o) (__malloc_lock)
/opt/st/stm32cubeide_1.14.0/plugins/com.st.stm32cube.ide.mcu.externaltools.gnu-tools-for-stm32.11.3.rel1.linux64_1.1.100.202309141235/tools/bin/../lib/gcc/arm-none-eabi/11.3.1/../../../../arm-none-eabi/lib/thumb/v7e-m+fp/hard/libc_nano.a(libc_a-findfp.o)
[...]
Memory Configuration

Name             Origin             Length             Attributes
RAM              0x0000000020000000 0x0000000000050000 xrw
FLASH            0x0000000008000000 0x0000000000100000 xr
*default*        0x0000000000000000 0xffffffffffffffff

Linker script and memory map

LOAD /opt/st/stm32cubeide_1.14.0/plugins/com.st.stm32cube.ide.mcu.externaltools.gnu-tools-for-stm32.11.3.rel1.linux64_1.1.100.202309141235/tools/bin/../lib/gcc/arm-none-eabi/11.3.1/thumb/v7e-m+fp/hard/crti.o
LOAD /opt/st/stm32cubeide_1.14.0/plugins/com.st.stm32cube.ide.mcu.externaltools.gnu-tools-for-stm32.11.3.rel1.linux64_1.1.100.202309141235/tools/bin/../lib/gcc/arm-none-eabi/11.3.1/thumb/v7e-m+fp/hard/crtbegin.o
LOAD /opt/st/stm32cubeide_1.14.0/plugins/com.st.stm32cube.ide.mcu.externaltools.gnu-tools-for-stm32.11.3.rel1.linux64_1.1.100.202309141235/tools/bin/../lib/gcc/arm-none-eabi/11.3.1/../../../../arm-none-eabi/lib/thumb/v7e-m+fp/hard/crt0.o
LOAD ./Core/Src/CNI.o
LOAD ./Core/Src/can.o
LOAD ./Core/Src/gpio.o
LOAD ./Core/Src/gpio_STM32.o
LOAD ./Core/Src/i2c.o
LOAD ./Core/Src/icm42688.o
LOAD ./Core/Src/icm42688_utils.o
LOAD ./Core/Src/iwdg.o
LOAD ./Core/Src/main.o
LOAD ./Core/Src/modeFailSilent.o
LOAD ./Core/Src/modeNormal.o
LOAD ./Core/Src/myUtils.o
LOAD ./Core/Src/spi.o
LOAD ./Core/Src/stm32f7xx_hal_msp.o
LOAD ./Core/Src/stm32f7xx_it.o
LOAD ./Core/Src/syscalls.o
LOAD ./Core/Src/sysmem.o
LOAD ./Core/Src/system.o
LOAD ./Core/Src/system_stm32f7xx.o
LOAD ./Core/Src/taskCNIsendData.o
LOAD ./Core/Src/taskHeartbeat.o
LOAD ./Core/Src/taskIMUgetData.o
LOAD ./Core/Src/taskWatchdog.o
LOAD ./Core/Src/tim.o
LOAD ./Core/Src/timeTriggeredScheduler.o
LOAD ./Core/Src/timeTriggeredTask.o
LOAD ./Core/Startup/startup_stm32f746zgtx.o
LOAD ./Drivers/STM32F7xx_HAL_Driver/Src/stm32f7xx_hal.o
LOAD ./Drivers/STM32F7xx_HAL_Driver/Src/stm32f7xx_hal_can.o
LOAD ./Drivers/STM32F7xx_HAL_Driver/Src/stm32f7xx_hal_cortex.o
LOAD ./Drivers/STM32F7xx_HAL_Driver/Src/stm32f7xx_hal_dma.o
LOAD ./Drivers/STM32F7xx_HAL_Driver/Src/stm32f7xx_hal_dma_ex.o
LOAD ./Drivers/STM32F7xx_HAL_Driver/Src/stm32f7xx_hal_exti.o
LOAD ./Drivers/STM32F7xx_HAL_Driver/Src/stm32f7xx_hal_flash.o
LOAD ./Drivers/STM32F7xx_HAL_Driver/Src/stm32f7xx_hal_flash_ex.o
LOAD ./Drivers/STM32F7xx_HAL_Driver/Src/stm32f7xx_hal_gpio.o
LOAD ./Drivers/STM32F7xx_HAL_Driver/Src/stm32f7xx_hal_i2c.o
LOAD ./Drivers/STM32F7xx_HAL_Driver/Src/stm32f7xx_hal_i2c_ex.o
LOAD ./Drivers/STM32F7xx_HAL_Driver/Src/stm32f7xx_hal_iwdg.o
LOAD ./Drivers/STM32F7xx_HAL_Driver/Src/stm32f7xx_hal_pwr.o
LOAD ./Drivers/STM32F7xx_HAL_Driver/Src/stm32f7xx_hal_pwr_ex.o
LOAD ./Drivers/STM32F7xx_HAL_Driver/Src/stm32f7xx_hal_rcc.o
LOAD ./Drivers/STM32F7xx_HAL_Driver/Src/stm32f7xx_hal_rcc_ex.o
LOAD ./Drivers/STM32F7xx_HAL_Driver/Src/stm32f7xx_hal_spi.o
LOAD ./Drivers/STM32F7xx_HAL_Driver/Src/stm32f7xx_hal_spi_ex.o
LOAD ./Drivers/STM32F7xx_HAL_Driver/Src/stm32f7xx_hal_tim.o
LOAD ./Drivers/STM32F7xx_HAL_Driver/Src/stm32f7xx_hal_tim_ex.o
START GROUP
LOAD /opt/st/stm32cubeide_1.14.0/plugins/com.st.stm32cube.ide.mcu.externaltools.gnu-tools-for-stm32.11.3.rel1.linux64_1.1.100.202309141235/tools/bin/../lib/gcc/arm-none-eabi/11.3.1/../../../../arm-none-eabi/lib/thumb/v7e-m+fp/hard/libstdc++_nano.a
LOAD /opt/st/stm32cubeide_1.14.0/plugins/com.st.stm32cube.ide.mcu.externaltools.gnu-tools-for-stm32.11.3.rel1.linux64_1.1.100.202309141235/tools/bin/../lib/gcc/arm-none-eabi/11.3.1/../../../../arm-none-eabi/lib/thumb/v7e-m+fp/hard/libsupc++_nano.a
END GROUP
LOAD /opt/st/stm32cubeide_1.14.0/plugins/com.st.stm32cube.ide.mcu.externaltools.gnu-tools-for-stm32.11.3.rel1.linux64_1.1.100.202309141235/tools/bin/../lib/gcc/arm-none-eabi/11.3.1/../../../../arm-none-eabi/lib/thumb/v7e-m+fp/hard/libstdc++_nano.a
LOAD /opt/st/stm32cubeide_1.14.0/plugins/com.st.stm32cube.ide.mcu.externaltools.gnu-tools-for-stm32.11.3.rel1.linux64_1.1.100.202309141235/tools/bin/../lib/gcc/arm-none-eabi/11.3.1/../../../../arm-none-eabi/lib/thumb/v7e-m+fp/hard/libm.a
LOAD /opt/st/stm32cubeide_1.14.0/plugins/com.st.stm32cube.ide.mcu.externaltools.gnu-tools-for-stm32.11.3.rel1.linux64_1.1.100.202309141235/tools/bin/../lib/gcc/arm-none-eabi/11.3.1/../../../../arm-none-eabi/lib/thumb/v7e-m+fp/hard/libc_nano.a
START GROUP
LOAD /opt/st/stm32cubeide_1.14.0/plugins/com.st.stm32cube.ide.mcu.externaltools.gnu-tools-for-stm32.11.3.rel1.linux64_1.1.100.202309141235/tools/bin/../lib/gcc/arm-none-eabi/11.3.1/thumb/v7e-m+fp/hard/libgcc.a
LOAD /opt/st/stm32cubeide_1.14.0/plugins/com.st.stm32cube.ide.mcu.externaltools.gnu-tools-for-stm32.11.3.rel1.linux64_1.1.100.202309141235/tools/bin/../lib/gcc/arm-none-eabi/11.3.1/../../../../arm-none-eabi/lib/thumb/v7e-m+fp/hard/libc_nano.a
END GROUP
START GROUP
LOAD /opt/st/stm32cubeide_1.14.0/plugins/com.st.stm32cube.ide.mcu.externaltools.gnu-tools-for-stm32.11.3.rel1.linux64_1.1.100.202309141235/tools/bin/../lib/gcc/arm-none-eabi/11.3.1/thumb/v7e-m+fp/hard/libgcc.a
LOAD /opt/st/stm32cubeide_1.14.0/plugins/com.st.stm32cube.ide.mcu.externaltools.gnu-tools-for-stm32.11.3.rel1.linux64_1.1.100.202309141235/tools/bin/../lib/gcc/arm-none-eabi/11.3.1/../../../../arm-none-eabi/lib/thumb/v7e-m+fp/hard/libc_nano.a
LOAD /opt/st/stm32cubeide_1.14.0/plugins/com.st.stm32cube.ide.mcu.externaltools.gnu-tools-for-stm32.11.3.rel1.linux64_1.1.100.202309141235/tools/bin/../lib/gcc/arm-none-eabi/11.3.1/../../../../arm-none-eabi/lib/thumb/v7e-m+fp/hard/libnosys.a
END GROUP
START GROUP
LOAD /opt/st/stm32cubeide_1.14.0/plugins/com.st.stm32cube.ide.mcu.externaltools.gnu-tools-for-stm32.11.3.rel1.linux64_1.1.100.202309141235/tools/bin/../lib/gcc/arm-none-eabi/11.3.1/thumb/v7e-m+fp/hard/libgcc.a
LOAD /opt/st/stm32cubeide_1.14.0/plugins/com.st.stm32cube.ide.mcu.externaltools.gnu-tools-for-stm32.11.3.rel1.linux64_1.1.100.202309141235/tools/bin/../lib/gcc/arm-none-eabi/11.3.1/../../../../arm-none-eabi/lib/thumb/v7e-m+fp/hard/libc_nano.a
LOAD /opt/st/stm32cubeide_1.14.0/plugins/com.st.stm32cube.ide.mcu.externaltools.gnu-tools-for-stm32.11.3.rel1.linux64_1.1.100.202309141235/tools/bin/../lib/gcc/arm-none-eabi/11.3.1/../../../../arm-none-eabi/lib/thumb/v7e-m+fp/hard/libnosys.a
END GROUP
LOAD /opt/st/stm32cubeide_1.14.0/plugins/com.st.stm32cube.ide.mcu.externaltools.gnu-tools-for-stm32.11.3.rel1.linux64_1.1.100.202309141235/tools/bin/../lib/gcc/arm-none-eabi/11.3.1/thumb/v7e-m+fp/hard/crtend.o
LOAD /opt/st/stm32cubeide_1.14.0/plugins/com.st.stm32cube.ide.mcu.externaltools.gnu-tools-for-stm32.11.3.rel1.linux64_1.1.100.202309141235/tools/bin/../lib/gcc/arm-none-eabi/11.3.1/thumb/v7e-m+fp/hard/crtn.o
                0x0000000020050000                _estack = (ORIGIN (RAM) + LENGTH (RAM))
                0x0000000000000200                _Min_Heap_Size = 0x200
                0x0000000000000400                _Min_Stack_Size = 0x400

.isr_vector     0x0000000008000000      0x1c8
                0x0000000008000000                . = ALIGN (0x4)
 *(.isr_vector)
 .isr_vector    0x0000000008000000      0x1c8 ./Core/Startup/startup_stm32f746zgtx.o
                0x0000000008000000                g_pfnVectors
                0x00000000080001c8                . = ALIGN (0x4)

.text           0x00000000080001c8     0x8f58
                0x00000000080001c8                . = ALIGN (0x4)
 *(.text)
 .text          0x00000000080001c8       0x40 /opt/st/stm32cubeide_1.14.0/plugins/com.st.stm32cube.ide.mcu.externaltools.gnu-tools-for-stm32.11.3.rel1.linux64_1.1.100.202309141235/tools/bin/../lib/gcc/arm-none-eabi/11.3.1/thumb/v7e-m+fp/hard/crtbegin.o
 .text          0x0000000008000208       0x30 /opt/st/stm32cubeide_1.14.0/plugins/com.st.stm32cube.ide.mcu.externaltools.gnu-tools-for-stm32.11.3.rel1.linux64_1.1.100.202309141235/tools/bin/../lib/gcc/arm-none-eabi/11.3.1/thumb/v7e-m+fp/hard/libgcc.a(_aeabi_uldivmod.o)
                0x0000000008000208                __aeabi_uldivmod
 .text          0x0000000008000238      0x2c8 /opt/st/stm32cubeide_1.14.0/plugins/com.st.stm32cube.ide.mcu.externaltools.gnu-tools-for-stm32.11.3.rel1.linux64_1.1.100.202309141235/tools/bin/../lib/gcc/arm-none-eabi/11.3.1/thumb/v7e-m+fp/hard/libgcc.a(_udivmoddi4.o)
                0x0000000008000238                __udivmoddi4
 .text          0x0000000008000500        0x4 /opt/st/stm32cubeide_1.14.0/plugins/com.st.stm32cube.ide.mcu.externaltools.gnu-tools-for-stm32.11.3.rel1.linux64_1.1.100.202309141235/tools/bin/../lib/gcc/arm-none-eabi/11.3.1/thumb/v7e-m+fp/hard/libgcc.a(_dvmd_tls.o)
                0x0000000008000500                __aeabi_ldiv0
                0x0000000008000500                __aeabi_idiv0
 *(.text*)
 .text._Z15CNI_constructorP19__CAN_HandleTypeDef
                0x0000000008000504       0x38 ./Core/Src/CNI.o
                0x0000000008000504                CNI_constructor(__CAN_HandleTypeDef*)
 .text._Z8CNI_initv
                0x000000000800053c       0x4c ./Core/Src/CNI.o
                0x000000000800053c                CNI_init()
 .text._Z9CNI_startv
                0x0000000008000588       0x24 ./Core/Src/CNI.o
                0x0000000008000588                CNI_start()
 .text._Z12CNI_send_msgm
                0x00000000080005ac      0x124 ./Core/Src/CNI.o
                0x00000000080005ac                CNI_send_msg(unsigned long)
 .text._Z15CNI_receive_msgm
                0x00000000080006d0      0x12c ./Core/Src/CNI.o
                0x00000000080006d0                CNI_receive_msg(unsigned long)
 .text._Z22CNI_update_msg_contentmPhm
                0x00000000080007fc      0x138 ./Core/Src/CNI.o
                0x00000000080007fc                CNI_update_msg_content(unsigned long, unsigned char*, unsigned long)
 .text.MX_CAN1_Init
                0x0000000008000934       0x70 ./Core/Src/can.o
                0x0000000008000934                MX_CAN1_Init
 .text.MX_CAN2_Init
                0x00000000080009a4       0x70 ./Core/Src/can.o
                0x00000000080009a4                MX_CAN2_Init
 .text.HAL_CAN_MspInit
                0x0000000008000a14      0x138 ./Core/Src/can.o
                0x0000000008000a14                HAL_CAN_MspInit
 .text.MX_GPIO_Init
                0x0000000008000b4c      0x150 ./Core/Src/gpio.o
                0x0000000008000b4c                MX_GPIO_Init
 .text._ZN5STM324gpioC2EP12GPIO_TypeDeft
                0x0000000008000c9c       0x2c ./Core/Src/gpio_STM32.o
                0x0000000008000c9c                STM32::gpio::gpio(GPIO_TypeDef*, unsigned short)
                0x0000000008000c9c                STM32::gpio::gpio(GPIO_TypeDef*, unsigned short)
 .text._ZN5STM324gpio6toggleEv
                0x0000000008000cc8       0x20 ./Core/Src/gpio_STM32.o
                0x0000000008000cc8                STM32::gpio::toggle()
 .text._ZN5STM324gpio5writeE7GPIO_ST
                0x0000000008000ce8       0x2c ./Core/Src/gpio_STM32.o
                0x0000000008000ce8                STM32::gpio::write(GPIO_ST)
 .text._ZN5STM324gpio22map_hal_st_to_igpio_stE7GPIO_ST
                0x0000000008000d14       0x20 ./Core/Src/gpio_STM32.o
                0x0000000008000d14                STM32::gpio::map_hal_st_to_igpio_st(GPIO_ST)
 .text._ZNSt14_Function_baseC2Ev
                0x0000000008000d34       0x26 ./Core/Src/gpio_STM32.o
                0x0000000008000d34                std::_Function_base::_Function_base()
                0x0000000008000d34                std::_Function_base::_Function_base()
 .text._ZNSt8functionIFvvEEC2Ev
                0x0000000008000d5a       0x2c ./Core/Src/gpio_STM32.o
                0x0000000008000d5a                std::function<void ()>::function()
                0x0000000008000d5a                std::function<void ()>::function()
 *fill*         0x0000000008000d86        0x2 
 .text.MX_I2C4_Init
                0x0000000008000d88       0x80 ./Core/Src/i2c.o
                0x0000000008000d88                MX_I2C4_Init
 .text.HAL_I2C_MspInit
                0x0000000008000e08       0xc0 ./Core/Src/i2c.o
                0x0000000008000e08                HAL_I2C_MspInit
 .text._ZNSt9_Any_data9_M_accessEv
                0x0000000008000ec8       0x16 ./Core/Src/icm42688.o
                0x0000000008000ec8                std::_Any_data::_M_access()
 .text._ZNKSt9_Any_data9_M_accessEv
                0x0000000008000ede       0x16 ./Core/Src/icm42688.o
                0x0000000008000ede                std::_Any_data::_M_access() const
 .text._ZNSt14_Function_baseD2Ev
                0x0000000008000ef4       0x26 ./Core/Src/icm42688.o
                0x0000000008000ef4                std::_Function_base::~_Function_base()
                0x0000000008000ef4                std::_Function_base::~_Function_base()
 .text._ZN9iPHandler4lockEv
                0x0000000008000f1a       0x28 ./Core/Src/icm42688.o
                0x0000000008000f1a                iPHandler::lock()
 .text._ZN9iPHandler6unlockEv
                0x0000000008000f42       0x2e ./Core/Src/icm42688.o
                0x0000000008000f42                iPHandler::unlock()
 .text._ZN8ICM426888GYRO_CNFlsENS0_3ODREh
                0x0000000008000f70       0x24 ./Core/Src/icm42688.o
                0x0000000008000f70                ICM42688::GYRO_CNF::operator<<(ICM42688::GYRO_CNF::ODR, unsigned char)
 .text._ZN8ICM426888GYRO_CNFlsENS0_3FSREh
                0x0000000008000f94       0x24 ./Core/Src/icm42688.o
                0x0000000008000f94                ICM42688::GYRO_CNF::operator<<(ICM42688::GYRO_CNF::FSR, unsigned char)
 .text._ZN8ICM426889ACCEL_CNFlsENS0_3ODREh
                0x0000000008000fb8       0x24 ./Core/Src/icm42688.o
                0x0000000008000fb8                ICM42688::ACCEL_CNF::operator<<(ICM42688::ACCEL_CNF::ODR, unsigned char)
 .text._ZN8ICM426889ACCEL_CNFlsENS0_3FSREh
                0x0000000008000fdc       0x24 ./Core/Src/icm42688.o
                0x0000000008000fdc                ICM42688::ACCEL_CNF::operator<<(ICM42688::ACCEL_CNF::FSR, unsigned char)
 .text._ZN8ICM4268811FIFO_CONFIG13SET_FIFO_MODEENS_9FIFO_MODEE
                0x0000000008001000       0x1c ./Core/Src/icm42688.o
                0x0000000008001000                ICM42688::FIFO_CONFIG::SET_FIFO_MODE(ICM42688::FIFO_MODE)
 .text._ZN8ICM4268812GYRO_CONFIG07SET_FSREhNS_8GYRO_CNF3FSRE
                0x000000000800101c       0x2c ./Core/Src/icm42688.o
                0x000000000800101c                ICM42688::GYRO_CONFIG0::SET_FSR(unsigned char, ICM42688::GYRO_CNF::FSR)
 .text._ZN8ICM4268812GYRO_CONFIG07SET_ODREhNS_8GYRO_CNF3ODRE
                0x0000000008001048       0x2c ./Core/Src/icm42688.o
                0x0000000008001048                ICM42688::GYRO_CONFIG0::SET_ODR(unsigned char, ICM42688::GYRO_CNF::ODR)
 .text._ZN8ICM4268813ACCEL_CONFIG07SET_FSREhNS_9ACCEL_CNF3FSRE
                0x0000000008001074       0x2c ./Core/Src/icm42688.o
                0x0000000008001074                ICM42688::ACCEL_CONFIG0::SET_FSR(unsigned char, ICM42688::ACCEL_CNF::FSR)
 .text._ZN8ICM4268813ACCEL_CONFIG07SET_ODREhNS_9ACCEL_CNF3ODRE
                0x00000000080010a0       0x2c ./Core/Src/icm42688.o
                0x00000000080010a0                ICM42688::ACCEL_CONFIG0::SET_ODR(unsigned char, ICM42688::ACCEL_CNF::ODR)
 .text._ZN4iIMUC2Ev
                0x00000000080010cc       0x20 ./Core/Src/icm42688.o
                0x00000000080010cc                iIMU::iIMU()
                0x00000000080010cc                iIMU::iIMU()
 .text._ZN8ICM426889RegistersC2Ev
                0x00000000080010ec       0x40 ./Core/Src/icm42688.o
                0x00000000080010ec                ICM42688::Registers::Registers()
                0x00000000080010ec                ICM42688::Registers::Registers()
 .text._ZN8ICM426888icm42688C2ERNS_6ConfigEP9iPHandlerPN5STM324gpioEhS7_S7_
                0x000000000800112c       0xec ./Core/Src/icm42688.o
                0x000000000800112c                ICM42688::icm42688::icm42688(ICM42688::Config&, iPHandler*, STM32::gpio*, unsigned char, STM32::gpio*, STM32::gpio*)
                0x000000000800112c                ICM42688::icm42688::icm42688(ICM42688::Config&, iPHandler*, STM32::gpio*, unsigned char, STM32::gpio*, STM32::gpio*)
 .text._ZN8ICM426888icm42688C2ERNS_6ConfigEP9iPHandlerPN5STM324gpioE
                0x0000000008001218       0x3e ./Core/Src/icm42688.o
                0x0000000008001218                ICM42688::icm42688::icm42688(ICM42688::Config&, iPHandler*, STM32::gpio*)
                0x0000000008001218                ICM42688::icm42688::icm42688(ICM42688::Config&, iPHandler*, STM32::gpio*)
 .text._ZN11PHandlerOptC2Ev
                0x0000000008001256       0x34 ./Core/Src/icm42688.o
                0x0000000008001256                PHandlerOpt::PHandlerOpt()
                0x0000000008001256                PHandlerOpt::PHandlerOpt()
 .text._ZN8ICM426888icm4268817set_bank_registerENS_12bankRegisterE
                0x000000000800128a       0x92 ./Core/Src/icm42688.o
                0x000000000800128a                ICM42688::icm42688::set_bank_register(ICM42688::bankRegister)
 .text._ZN8ICM426888icm426889save_dataEv
                0x000000000800131c       0xe2 ./Core/Src/icm42688.o
                0x000000000800131c                ICM42688::icm42688::save_data()
 .text._ZN8ICM426888icm4268818save_data_callbackEv
                0x00000000080013fe       0x2c ./Core/Src/icm42688.o
                0x00000000080013fe                ICM42688::icm42688::save_data_callback()
 .text._ZN8ICM426888icm4268814save_fifo_dataEh
                0x000000000800142a       0x1a ./Core/Src/icm42688.o
                0x000000000800142a                ICM42688::icm42688::save_fifo_data(unsigned char)
 .text._ZN8ICM426888icm4268823save_fifo_data_callbackEv
                0x0000000008001444       0x14 ./Core/Src/icm42688.o
                0x0000000008001444                ICM42688::icm42688::save_fifo_data_callback()
 .text._ZN8ICM426888icm426889read_dataEP7IMUData
                0x0000000008001458       0x34 ./Core/Src/icm42688.o
                0x0000000008001458                ICM42688::icm42688::read_data(IMUData*)
 .text._ZN8ICM426888icm4268812set_gyro_odrEh
                0x000000000800148c       0xdc ./Core/Src/icm42688.o
                0x000000000800148c                ICM42688::icm42688::set_gyro_odr(unsigned char)
 .text._ZN8ICM426888icm4268812set_gyro_fsrEh
                0x0000000008001568       0xdc ./Core/Src/icm42688.o
                0x0000000008001568                ICM42688::icm42688::set_gyro_fsr(unsigned char)
 .text._ZN8ICM426888icm4268813set_accel_odrEh
                0x0000000008001644       0xdc ./Core/Src/icm42688.o
                0x0000000008001644                ICM42688::icm42688::set_accel_odr(unsigned char)
 .text._ZN8ICM426888icm4268813set_accel_fsrEh
                0x0000000008001720       0xdc ./Core/Src/icm42688.o
                0x0000000008001720                ICM42688::icm42688::set_accel_fsr(unsigned char)
 .text._ZN8ICM426888icm4268819get_accel_odr_valueEv
                0x00000000080017fc       0x20 ./Core/Src/icm42688.o
                0x00000000080017fc                ICM42688::icm42688::get_accel_odr_value()
 .text._ZN8ICM426888icm4268819get_accel_fsr_valueEv
                0x000000000800181c       0x20 ./Core/Src/icm42688.o
                0x000000000800181c                ICM42688::icm42688::get_accel_fsr_value()
 .text._ZN8ICM426888icm4268818get_gyro_odr_valueEv
                0x000000000800183c       0x20 ./Core/Src/icm42688.o
                0x000000000800183c                ICM42688::icm42688::get_gyro_odr_value()
 .text._ZN8ICM426888icm4268818get_gyro_fsr_valueEv
                0x000000000800185c       0x20 ./Core/Src/icm42688.o
                0x000000000800185c                ICM42688::icm42688::get_gyro_fsr_value()
 .text._ZN8ICM426888icm4268820get_accel_resolutionEv
                0x000000000800187c       0x2c ./Core/Src/icm42688.o
                0x000000000800187c                ICM42688::icm42688::get_accel_resolution()
 .text._ZN8ICM426888icm4268819get_gyro_resolutionEv
                0x00000000080018a8       0x2c ./Core/Src/icm42688.o
                0x00000000080018a8                ICM42688::icm42688::get_gyro_resolution()
 .text._ZN8ICM426888icm4268815convertGyroDataEhh
                0x00000000080018d4       0x50 ./Core/Src/icm42688.o
                0x00000000080018d4                ICM42688::icm42688::convertGyroData(unsigned char, unsigned char)
 .text._ZN8ICM426888icm4268816convertAccelDataEhh
                0x0000000008001924       0x50 ./Core/Src/icm42688.o
                0x0000000008001924                ICM42688::icm42688::convertAccelData(unsigned char, unsigned char)
 .text._ZN8ICM426888icm4268812write_configEv
                0x0000000008001974       0x6a ./Core/Src/icm42688.o
                0x0000000008001974                ICM42688::icm42688::write_config()
 .text._ZN8ICM426888icm4268823write_config_accel_gyroEv
                0x00000000080019de      0x19a ./Core/Src/icm42688.o
                0x00000000080019de                ICM42688::icm42688::write_config_accel_gyro()
 .text._ZN8ICM426888icm4268817write_config_FIFOEv
                0x0000000008001b78      0x1f0 ./Core/Src/icm42688.o
                0x0000000008001b78                ICM42688::icm42688::write_config_FIFO()
 .text._ZN8ICM426888icm4268816write_config_intEv
                0x0000000008001d68      0x344 ./Core/Src/icm42688.o
                0x0000000008001d68                ICM42688::icm42688::write_config_int()
 .text._ZN8ICM426888icm426886enableEv
                0x00000000080020ac       0xac ./Core/Src/icm42688.o
                0x00000000080020ac                ICM42688::icm42688::enable()
 .text._ZN8ICM426888icm426887disableEv
                0x0000000008002158      0x12c ./Core/Src/icm42688.o
                0x0000000008002158                ICM42688::icm42688::disable()
 .text._ZN8ICM426888icm426889load_dataEPh
                0x0000000008002284       0xf0 ./Core/Src/icm42688.o
                0x0000000008002284                ICM42688::icm42688::load_data(unsigned char*)
 .text._ZN8ICM426888icm4268827map_handler_ret_to_iIMU_retE12iPHANDLER_ST
                0x0000000008002374       0x48 ./Core/Src/icm42688.o
                0x0000000008002374                ICM42688::icm42688::map_handler_ret_to_iIMU_ret(iPHANDLER_ST)
 .text._ZN11circ_bufferI7IMUDataLm16EtEC2Ev
                0x00000000080023bc       0x3c ./Core/Src/icm42688.o
                0x00000000080023bc                circ_buffer<IMUData, 16ul, unsigned short>::circ_buffer()
                0x00000000080023bc                circ_buffer<IMUData, 16ul, unsigned short>::circ_buffer()
 .text._ZN11circ_bufferI7IMUDataLm16EtE4readEPS0_
                0x00000000080023f8       0xa4 ./Core/Src/icm42688.o
                0x00000000080023f8                circ_buffer<IMUData, 16ul, unsigned short>::read(IMUData*)
 .text._ZNSt5tupleIJN8ICM426888icm42688EEEC2EOS2_
                0x000000000800249c       0x20 ./Core/Src/icm42688.o
                0x000000000800249c                std::tuple<ICM42688::icm42688>::tuple(std::tuple<ICM42688::icm42688>&&)
                0x000000000800249c                std::tuple<ICM42688::icm42688>::tuple(std::tuple<ICM42688::icm42688>&&)
 .text._ZNSt5_BindIFMN8ICM426888icm42688EF7iIMU_STvES1_EEC2EOS6_
                0x00000000080024bc       0x32 ./Core/Src/icm42688.o
                0x00000000080024bc                std::_Bind<iIMU_ST (ICM42688::icm42688::*(ICM42688::icm42688))()>::_Bind(std::_Bind<iIMU_ST (ICM42688::icm42688::*(ICM42688::icm42688))()>&&)
                0x00000000080024bc                std::_Bind<iIMU_ST (ICM42688::icm42688::*(ICM42688::icm42688))()>::_Bind(std::_Bind<iIMU_ST (ICM42688::icm42688::*(ICM42688::icm42688))()>&&)
 .text._ZSt4bindIMN8ICM426888icm42688EF7iIMU_STvEJRS1_EENSt12_Bind_helperIXsrSt5__or_IJSt11is_integralINSt5decayIT_E4typeEESt7is_enumISC_EEE5valueESA_JDpT0_EE4typeEOSA_DpOSH_
                0x00000000080024ee       0x2e ./Core/Src/icm42688.o
                0x00000000080024ee                std::_Bind_helper<std::__or_<std::is_integral<std::decay<iIMU_ST (ICM42688::icm42688::*)()>::type>, std::is_enum<std::decay<iIMU_ST (ICM42688::icm42688::*)()>::type> >::value, iIMU_ST (ICM42688::icm42688::*)(), ICM42688::icm42688&>::type std::bind<iIMU_ST (ICM42688::icm42688::*)(), ICM42688::icm42688&>(iIMU_ST (ICM42688::icm42688::*&&)(), ICM42688::icm42688&)
 .text._ZNSt8functionIFvvEED2Ev
                0x000000000800251c       0x1a ./Core/Src/icm42688.o
                0x000000000800251c                std::function<void ()>::~function()
                0x000000000800251c                std::function<void ()>::~function()
 .text._ZNSt8functionIFvvEEaSISt5_BindIFMN8ICM426888icm42688EF7iIMU_STvES5_EEEENSt9enable_ifIXsrNS1_9_CallableIT_NSB_IXntsrSt7is_sameINSt9remove_cvINSt16remove_referenceISD_E4typeEE4typeES1_E5valueESt5decayISD_EE4type4typeESt15__invoke_resultIRSQ_JEEEE5valueERS1_E4typeEOSD_
                0x0000000008002536       0x3e ./Core/Src/icm42688.o
                0x0000000008002536                std::enable_if<std::function<void ()>::_Callable<std::_Bind<iIMU_ST (ICM42688::icm42688::*(ICM42688::icm42688))()>, std::enable_if<!std::is_same<std::remove_cv<std::remove_reference<std::_Bind<iIMU_ST (ICM42688::icm42688::*(ICM42688::icm42688))()> >::type>::type, std::function<void ()> >::value, std::decay<std::_Bind<iIMU_ST (ICM42688::icm42688::*(ICM42688::icm42688))()> > >::type::type, std::__invoke_result<std::enable_if<!std::is_same<std::remove_cv<std::remove_reference<std::_Bind<iIMU_ST (ICM42688::icm42688::*(ICM42688::icm42688))()> >::type>::type, std::function<void ()> >::value, std::decay<std::_Bind<iIMU_ST (ICM42688::icm42688::*(ICM42688::icm42688))()> > >::type::type&> >::value, std::function<void ()>&>::type std::function<void ()>::operator=<std::_Bind<iIMU_ST (ICM42688::icm42688::*(ICM42688::icm42688))()> >(std::_Bind<iIMU_ST (ICM42688::icm42688::*(ICM42688::icm42688))()>&&)
 .text._ZN4iIMUC2EOS_
                0x0000000008002574       0x24 ./Core/Src/icm42688.o
                0x0000000008002574                iIMU::iIMU(iIMU&&)
                0x0000000008002574                iIMU::iIMU(iIMU&&)
 .text._ZN8ICM426888icm42688C2EOS0_
                0x0000000008002598      0x134 ./Core/Src/icm42688.o
                0x0000000008002598                ICM42688::icm42688::icm42688(ICM42688::icm42688&&)
                0x0000000008002598                ICM42688::icm42688::icm42688(ICM42688::icm42688&&)
 .text._ZNSt10_Head_baseILj0EN8ICM426888icm42688ELb0EEC2EOS2_
                0x00000000080026cc       0x20 ./Core/Src/icm42688.o
                0x00000000080026cc                std::_Head_base<0u, ICM42688::icm42688, false>::_Head_base(std::_Head_base<0u, ICM42688::icm42688, false>&&)
                0x00000000080026cc                std::_Head_base<0u, ICM42688::icm42688, false>::_Head_base(std::_Head_base<0u, ICM42688::icm42688, false>&&)
 .text._ZNSt11_Tuple_implILj0EJN8ICM426888icm42688EtEEC2EOS2_
                0x00000000080026ec       0x30 ./Core/Src/icm42688.o
                0x00000000080026ec                std::_Tuple_impl<0u, ICM42688::icm42688, unsigned short>::_Tuple_impl(std::_Tuple_impl<0u, ICM42688::icm42688, unsigned short>&&)
                0x00000000080026ec                std::_Tuple_impl<0u, ICM42688::icm42688, unsigned short>::_Tuple_impl(std::_Tuple_impl<0u, ICM42688::icm42688, unsigned short>&&)
 .text._ZNSt5tupleIJN8ICM426888icm42688EtEEC2EOS2_
                0x000000000800271c       0x20 ./Core/Src/icm42688.o
                0x000000000800271c                std::tuple<ICM42688::icm42688, unsigned short>::tuple(std::tuple<ICM42688::icm42688, unsigned short>&&)
                0x000000000800271c                std::tuple<ICM42688::icm42688, unsigned short>::tuple(std::tuple<ICM42688::icm42688, unsigned short>&&)
 .text._ZNSt5_BindIFMN8ICM426888icm42688EF7iIMU_SThES1_tEEC2EOS6_
                0x000000000800273c       0x32 ./Core/Src/icm42688.o
                0x000000000800273c                std::_Bind<iIMU_ST (ICM42688::icm42688::*(ICM42688::icm42688, unsigned short))(unsigned char)>::_Bind(std::_Bind<iIMU_ST (ICM42688::icm42688::*(ICM42688::icm42688, unsigned short))(unsigned char)>&&)
                0x000000000800273c                std::_Bind<iIMU_ST (ICM42688::icm42688::*(ICM42688::icm42688, unsigned short))(unsigned char)>::_Bind(std::_Bind<iIMU_ST (ICM42688::icm42688::*(ICM42688::icm42688, unsigned short))(unsigned char)>&&)
 .text._ZSt4bindIMN8ICM426888icm42688EF7iIMU_SThEJRS1_RtEENSt12_Bind_helperIXsrSt5__or_IJSt11is_integralINSt5decayIT_E4typeEESt7is_enumISD_EEE5valueESB_JDpT0_EE4typeEOSB_DpOSI_
                0x000000000800276e       0x38 ./Core/Src/icm42688.o
                0x000000000800276e                std::_Bind_helper<std::__or_<std::is_integral<std::decay<iIMU_ST (ICM42688::icm42688::*)(unsigned char)>::type>, std::is_enum<std::decay<iIMU_ST (ICM42688::icm42688::*)(unsigned char)>::type> >::value, iIMU_ST (ICM42688::icm42688::*)(unsigned char), ICM42688::icm42688&, unsigned short&>::type std::bind<iIMU_ST (ICM42688::icm42688::*)(unsigned char), ICM42688::icm42688&, unsigned short&>(iIMU_ST (ICM42688::icm42688::*&&)(unsigned char), ICM42688::icm42688&, unsigned short&)
 .text._ZNSt8functionIFvvEEaSISt5_BindIFMN8ICM426888icm42688EF7iIMU_SThES5_tEEEENSt9enable_ifIXsrNS1_9_CallableIT_NSB_IXntsrSt7is_sameINSt9remove_cvINSt16remove_referenceISD_E4typeEE4typeES1_E5valueESt5decayISD_EE4type4typeESt15__invoke_resultIRSQ_JEEEE5valueERS1_E4typeEOSD_
                0x00000000080027a6       0x3e ./Core/Src/icm42688.o
                0x00000000080027a6                std::enable_if<std::function<void ()>::_Callable<std::_Bind<iIMU_ST (ICM42688::icm42688::*(ICM42688::icm42688, unsigned short))(unsigned char)>, std::enable_if<!std::is_same<std::remove_cv<std::remove_reference<std::_Bind<iIMU_ST (ICM42688::icm42688::*(ICM42688::icm42688, unsigned short))(unsigned char)> >::type>::type, std::function<void ()> >::value, std::decay<std::_Bind<iIMU_ST (ICM42688::icm42688::*(ICM42688::icm42688, unsigned short))(unsigned char)> > >::type::type, std::__invoke_result<std::enable_if<!std::is_same<std::remove_cv<std::remove_reference<std::_Bind<iIMU_ST (ICM42688::icm42688::*(ICM42688::icm42688, unsigned short))(unsigned char)> >::type>::type, std::function<void ()> >::value, std::decay<std::_Bind<iIMU_ST (ICM42688::icm42688::*(ICM42688::icm42688, unsigned short))(unsigned char)> > >::type::type&> >::value, std::function<void ()>&>::type std::function<void ()>::operator=<std::_Bind<iIMU_ST (ICM42688::icm42688::*(ICM42688::icm42688, unsigned short))(unsigned char)> >(std::_Bind<iIMU_ST (ICM42688::icm42688::*(ICM42688::icm42688, unsigned short))(unsigned char)>&&)
 .text._ZN11circ_bufferI7IMUDataLm16EtE5writeES0_
                0x00000000080027e4       0xca ./Core/Src/icm42688.o
                0x00000000080027e4                circ_buffer<IMUData, 16ul, unsigned short>::write(IMUData)
 .text._ZSt7forwardIMN8ICM426888icm42688EF7iIMU_STvEEOT_RNSt16remove_referenceIS5_E4typeE
                0x00000000080028ae       0x16 ./Core/Src/icm42688.o
                0x00000000080028ae                iIMU_ST (ICM42688::icm42688::*&&std::forward<iIMU_ST (ICM42688::icm42688::*)()>(std::remove_reference<iIMU_ST (ICM42688::icm42688::*)()>::type&))()
 .text._ZSt7forwardIRN8ICM426888icm42688EEOT_RNSt16remove_referenceIS3_E4typeE
                0x00000000080028c4       0x16 ./Core/Src/icm42688.o
                0x00000000080028c4                ICM42688::icm42688& std::forward<ICM42688::icm42688&>(std::remove_reference<ICM42688::icm42688&>::type&)
 .text._ZNSt5_BindIFMN8ICM426888icm42688EF7iIMU_STvES1_EEC2IJRS1_EEEOS4_DpOT_
                0x00000000080028da       0x3e ./Core/Src/icm42688.o
                0x00000000080028da                std::_Bind<iIMU_ST (ICM42688::icm42688::*(ICM42688::icm42688))()>::_Bind<ICM42688::icm42688&>(iIMU_ST (ICM42688::icm42688::*&&)(), ICM42688::icm42688&)
                0x00000000080028da                std::_Bind<iIMU_ST (ICM42688::icm42688::*(ICM42688::icm42688))()>::_Bind<ICM42688::icm42688&>(iIMU_ST (ICM42688::icm42688::*&&)(), ICM42688::icm42688&)
 .text._ZNSt11_Tuple_implILj0EJN8ICM426888icm42688EEEC2EOS2_
                0x0000000008002918       0x20 ./Core/Src/icm42688.o
                0x0000000008002918                std::_Tuple_impl<0u, ICM42688::icm42688>::_Tuple_impl(std::_Tuple_impl<0u, ICM42688::icm42688>&&)
                0x0000000008002918                std::_Tuple_impl<0u, ICM42688::icm42688>::_Tuple_impl(std::_Tuple_impl<0u, ICM42688::icm42688>&&)
 .text._ZSt7forwardISt5_BindIFMN8ICM426888icm42688EF7iIMU_STvES2_EEEOT_RNSt16remove_referenceIS8_E4typeE
                0x0000000008002938       0x16 ./Core/Src/icm42688.o
                0x0000000008002938                std::_Bind<iIMU_ST (ICM42688::icm42688::*(ICM42688::icm42688))()>&& std::forward<std::_Bind<iIMU_ST (ICM42688::icm42688::*(ICM42688::icm42688))()> >(std::remove_reference<std::_Bind<iIMU_ST (ICM42688::icm42688::*(ICM42688::icm42688))()> >::type&)
 *fill*         0x000000000800294e        0x2 
 .text._ZNSt8functionIFvvEEC2ISt5_BindIFMN8ICM426888icm42688EF7iIMU_STvES5_EEvEEOT_
                0x0000000008002950       0x60 ./Core/Src/icm42688.o
                0x0000000008002950                std::function<void ()>::function<std::_Bind<iIMU_ST (ICM42688::icm42688::*(ICM42688::icm42688))()>, void>(std::_Bind<iIMU_ST (ICM42688::icm42688::*(ICM42688::icm42688))()>&&)
                0x0000000008002950                std::function<void ()>::function<std::_Bind<iIMU_ST (ICM42688::icm42688::*(ICM42688::icm42688))()>, void>(std::_Bind<iIMU_ST (ICM42688::icm42688::*(ICM42688::icm42688))()>&&)
 .text._ZNSt8functionIFvvEE4swapERS1_
                0x00000000080029b0       0x42 ./Core/Src/icm42688.o
                0x00000000080029b0                std::function<void ()>::swap(std::function<void ()>&)
 .text._ZSt7forwardIMN8ICM426888icm42688EF7iIMU_SThEEOT_RNSt16remove_referenceIS5_E4typeE
                0x00000000080029f2       0x16 ./Core/Src/icm42688.o
                0x00000000080029f2                iIMU_ST (ICM42688::icm42688::*&&std::forward<iIMU_ST (ICM42688::icm42688::*)(unsigned char)>(std::remove_reference<iIMU_ST (ICM42688::icm42688::*)(unsigned char)>::type&))(unsigned char)
 .text._ZSt7forwardIRtEOT_RNSt16remove_referenceIS1_E4typeE
                0x0000000008002a08       0x16 ./Core/Src/icm42688.o
                0x0000000008002a08                unsigned short& std::forward<unsigned short&>(std::remove_reference<unsigned short&>::type&)
 .text._ZNSt5_BindIFMN8ICM426888icm42688EF7iIMU_SThES1_tEEC2IJRS1_RtEEEOS4_DpOT_
                0x0000000008002a1e       0x4a ./Core/Src/icm42688.o
                0x0000000008002a1e                std::_Bind<iIMU_ST (ICM42688::icm42688::*(ICM42688::icm42688, unsigned short))(unsigned char)>::_Bind<ICM42688::icm42688&, unsigned short&>(iIMU_ST (ICM42688::icm42688::*&&)(unsigned char), ICM42688::icm42688&, unsigned short&)
                0x0000000008002a1e                std::_Bind<iIMU_ST (ICM42688::icm42688::*(ICM42688::icm42688, unsigned short))(unsigned char)>::_Bind<ICM42688::icm42688&, unsigned short&>(iIMU_ST (ICM42688::icm42688::*&&)(unsigned char), ICM42688::icm42688&, unsigned short&)
 .text._ZNSt11_Tuple_implILj1EJtEEC2EOS0_
                0x0000000008002a68       0x20 ./Core/Src/icm42688.o
                0x0000000008002a68                std::_Tuple_impl<1u, unsigned short>::_Tuple_impl(std::_Tuple_impl<1u, unsigned short>&&)
                0x0000000008002a68                std::_Tuple_impl<1u, unsigned short>::_Tuple_impl(std::_Tuple_impl<1u, unsigned short>&&)
 .text._ZSt7forwardISt5_BindIFMN8ICM426888icm42688EF7iIMU_SThES2_tEEEOT_RNSt16remove_referenceIS8_E4typeE
                0x0000000008002a88       0x16 ./Core/Src/icm42688.o
                0x0000000008002a88                std::_Bind<iIMU_ST (ICM42688::icm42688::*(ICM42688::icm42688, unsigned short))(unsigned char)>&& std::forward<std::_Bind<iIMU_ST (ICM42688::icm42688::*(ICM42688::icm42688, unsigned short))(unsigned char)> >(std::remove_reference<std::_Bind<iIMU_ST (ICM42688::icm42688::*(ICM42688::icm42688, unsigned short))(unsigned char)> >::type&)
 *fill*         0x0000000008002a9e        0x2 
 .text._ZNSt8functionIFvvEEC2ISt5_BindIFMN8ICM426888icm42688EF7iIMU_SThES5_tEEvEEOT_
                0x0000000008002aa0       0x60 ./Core/Src/icm42688.o
                0x0000000008002aa0                std::function<void ()>::function<std::_Bind<iIMU_ST (ICM42688::icm42688::*(ICM42688::icm42688, unsigned short))(unsigned char)>, void>(std::_Bind<iIMU_ST (ICM42688::icm42688::*(ICM42688::icm42688, unsigned short))(unsigned char)>&&)
                0x0000000008002aa0                std::function<void ()>::function<std::_Bind<iIMU_ST (ICM42688::icm42688::*(ICM42688::icm42688, unsigned short))(unsigned char)>, void>(std::_Bind<iIMU_ST (ICM42688::icm42688::*(ICM42688::icm42688, unsigned short))(unsigned char)>&&)
 .text._ZSt4moveIRMN8ICM426888icm42688EF7iIMU_STvEEONSt16remove_referenceIT_E4typeEOS7_
                0x0000000008002b00       0x16 ./Core/Src/icm42688.o
                0x0000000008002b00                std::remove_reference<iIMU_ST (ICM42688::icm42688::*&)()>::type&& std::move<iIMU_ST (ICM42688::icm42688::*&)()>(iIMU_ST (ICM42688::icm42688::*&)())
 .text._ZNSt5tupleIJN8ICM426888icm42688EEEC2IJRS1_ELb1ELb1EEEDpOT_
                0x0000000008002b16       0x26 ./Core/Src/icm42688.o
                0x0000000008002b16                std::tuple<ICM42688::icm42688>::tuple<ICM42688::icm42688&, true, true>(ICM42688::icm42688&)
                0x0000000008002b16                std::tuple<ICM42688::icm42688>::tuple<ICM42688::icm42688&, true, true>(ICM42688::icm42688&)
 .text._ZNSt14_Function_base13_Base_managerISt5_BindIFMN8ICM426888icm42688EF7iIMU_STvES3_EEE21_M_not_empty_functionIS8_EEbRKT_
                0x0000000008002b3c       0x16 ./Core/Src/icm42688.o
                0x0000000008002b3c                bool std::_Function_base::_Base_manager<std::_Bind<iIMU_ST (ICM42688::icm42688::*(ICM42688::icm42688))()> >::_M_not_empty_function<std::_Bind<iIMU_ST (ICM42688::icm42688::*(ICM42688::icm42688))()> >(std::_Bind<iIMU_ST (ICM42688::icm42688::*(ICM42688::icm42688))()> const&)
 .text._ZNSt14_Function_base13_Base_managerISt5_BindIFMN8ICM426888icm42688EF7iIMU_STvES3_EEE15_M_init_functorIS8_EEvRSt9_Any_dataOT_
                0x0000000008002b52       0x24 ./Core/Src/icm42688.o
                0x0000000008002b52                void std::_Function_base::_Base_manager<std::_Bind<iIMU_ST (ICM42688::icm42688::*(ICM42688::icm42688))()> >::_M_init_functor<std::_Bind<iIMU_ST (ICM42688::icm42688::*(ICM42688::icm42688))()> >(std::_Any_data&, std::_Bind<iIMU_ST (ICM42688::icm42688::*(ICM42688::icm42688))()>&&)
 .text._ZNSt17_Function_handlerIFvvESt5_BindIFMN8ICM426888icm42688EF7iIMU_STvES3_EEE9_M_invokeERKSt9_Any_data
                0x0000000008002b76       0x1e ./Core/Src/icm42688.o
                0x0000000008002b76                std::_Function_handler<void (), std::_Bind<iIMU_ST (ICM42688::icm42688::*(ICM42688::icm42688))()> >::_M_invoke(std::_Any_data const&)
 .text._ZNSt17_Function_handlerIFvvESt5_BindIFMN8ICM426888icm42688EF7iIMU_STvES3_EEE10_M_managerERSt9_Any_dataRKSA_St18_Manager_operation
                0x0000000008002b94       0x3e ./Core/Src/icm42688.o
                0x0000000008002b94                std::_Function_handler<void (), std::_Bind<iIMU_ST (ICM42688::icm42688::*(ICM42688::icm42688))()> >::_M_manager(std::_Any_data&, std::_Any_data const&, std::_Manager_operation)
 .text._ZSt4moveIRSt9_Any_dataEONSt16remove_referenceIT_E4typeEOS3_
                0x0000000008002bd2       0x16 ./Core/Src/icm42688.o
                0x0000000008002bd2                std::remove_reference<std::_Any_data&>::type&& std::move<std::_Any_data&>(std::_Any_data&)
 .text._ZSt4swapISt9_Any_dataENSt9enable_ifIXsrSt6__and_IJSt6__not_ISt15__is_tuple_likeIT_EESt21is_move_constructibleIS5_ESt18is_move_assignableIS5_EEE5valueEvE4typeERS5_SF_
                0x0000000008002be8       0x4e ./Core/Src/icm42688.o
                0x0000000008002be8                std::enable_if<std::__and_<std::__not_<std::__is_tuple_like<std::_Any_data> >, std::is_move_constructible<std::_Any_data>, std::is_move_assignable<std::_Any_data> >::value, void>::type std::swap<std::_Any_data>(std::_Any_data&, std::_Any_data&)
 .text._ZSt4moveIRPFbRSt9_Any_dataRKS0_St18_Manager_operationEEONSt16remove_referenceIT_E4typeEOS9_
                0x0000000008002c36       0x16 ./Core/Src/icm42688.o
                0x0000000008002c36                std::remove_reference<bool (*&)(std::_Any_data&, std::_Any_data const&, std::_Manager_operation)>::type&& std::move<bool (*&)(std::_Any_data&, std::_Any_data const&, std::_Manager_operation)>(bool (*&)(std::_Any_data&, std::_Any_data const&, std::_Manager_operation))
 .text._ZSt4swapIPFbRSt9_Any_dataRKS0_St18_Manager_operationEENSt9enable_ifIXsrSt6__and_IJSt6__not_ISt15__is_tuple_likeIT_EESt21is_move_constructibleISB_ESt18is_move_assignableISB_EEE5valueEvE4typeERSB_SL_
                0x0000000008002c4c       0x3e ./Core/Src/icm42688.o
                0x0000000008002c4c                std::enable_if<std::__and_<std::__not_<std::__is_tuple_like<bool (*)(std::_Any_data&, std::_Any_data const&, std::_Manager_operation)> >, std::is_move_constructible<bool (*)(std::_Any_data&, std::_Any_data const&, std::_Manager_operation)>, std::is_move_assignable<bool (*)(std::_Any_data&, std::_Any_data const&, std::_Manager_operation)> >::value, void>::type std::swap<bool (*)(std::_Any_data&, std::_Any_data const&, std::_Manager_operation)>(bool (*&)(std::_Any_data&, std::_Any_data const&, std::_Manager_operation), bool (*&)(std::_Any_data&, std::_Any_data const&, std::_Manager_operation))
 .text._ZSt4moveIRPFvRKSt9_Any_dataEEONSt16remove_referenceIT_E4typeEOS7_
                0x0000000008002c8a       0x16 ./Core/Src/icm42688.o
                0x0000000008002c8a                std::remove_reference<void (*&)(std::_Any_data const&)>::type&& std::move<void (*&)(std::_Any_data const&)>(void (*&)(std::_Any_data const&))
 .text._ZSt4swapIPFvRKSt9_Any_dataEENSt9enable_ifIXsrSt6__and_IJSt6__not_ISt15__is_tuple_likeIT_EESt21is_move_constructibleIS9_ESt18is_move_assignableIS9_EEE5valueEvE4typeERS9_SJ_
                0x0000000008002ca0       0x3e ./Core/Src/icm42688.o
                0x0000000008002ca0                std::enable_if<std::__and_<std::__not_<std::__is_tuple_like<void (*)(std::_Any_data const&)> >, std::is_move_constructible<void (*)(std::_Any_data const&)>, std::is_move_assignable<void (*)(std::_Any_data const&)> >::value, void>::type std::swap<void (*)(std::_Any_data const&)>(void (*&)(std::_Any_data const&), void (*&)(std::_Any_data const&))
 .text._ZSt4moveIRMN8ICM426888icm42688EF7iIMU_SThEEONSt16remove_referenceIT_E4typeEOS7_
                0x0000000008002cde       0x16 ./Core/Src/icm42688.o
                0x0000000008002cde                std::remove_reference<iIMU_ST (ICM42688::icm42688::*&)(unsigned char)>::type&& std::move<iIMU_ST (ICM42688::icm42688::*&)(unsigned char)>(iIMU_ST (ICM42688::icm42688::*&)(unsigned char))
 .text._ZNSt5tupleIJN8ICM426888icm42688EtEEC2IRS1_RtLb1EEEOT_OT0_
                0x0000000008002cf4       0x32 ./Core/Src/icm42688.o
                0x0000000008002cf4                std::tuple<ICM42688::icm42688, unsigned short>::tuple<ICM42688::icm42688&, unsigned short&, true>(ICM42688::icm42688&, unsigned short&)
                0x0000000008002cf4                std::tuple<ICM42688::icm42688, unsigned short>::tuple<ICM42688::icm42688&, unsigned short&, true>(ICM42688::icm42688&, unsigned short&)
 .text._ZNSt14_Function_base13_Base_managerISt5_BindIFMN8ICM426888icm42688EF7iIMU_SThES3_tEEE21_M_not_empty_functionIS8_EEbRKT_
                0x0000000008002d26       0x16 ./Core/Src/icm42688.o
                0x0000000008002d26                bool std::_Function_base::_Base_manager<std::_Bind<iIMU_ST (ICM42688::icm42688::*(ICM42688::icm42688, unsigned short))(unsigned char)> >::_M_not_empty_function<std::_Bind<iIMU_ST (ICM42688::icm42688::*(ICM42688::icm42688, unsigned short))(unsigned char)> >(std::_Bind<iIMU_ST (ICM42688::icm42688::*(ICM42688::icm42688, unsigned short))(unsigned char)> const&)
 .text._ZNSt14_Function_base13_Base_managerISt5_BindIFMN8ICM426888icm42688EF7iIMU_SThES3_tEEE15_M_init_functorIS8_EEvRSt9_Any_dataOT_
                0x0000000008002d3c       0x24 ./Core/Src/icm42688.o
                0x0000000008002d3c                void std::_Function_base::_Base_manager<std::_Bind<iIMU_ST (ICM42688::icm42688::*(ICM42688::icm42688, unsigned short))(unsigned char)> >::_M_init_functor<std::_Bind<iIMU_ST (ICM42688::icm42688::*(ICM42688::icm42688, unsigned short))(unsigned char)> >(std::_Any_data&, std::_Bind<iIMU_ST (ICM42688::icm42688::*(ICM42688::icm42688, unsigned short))(unsigned char)>&&)
 .text._ZNSt17_Function_handlerIFvvESt5_BindIFMN8ICM426888icm42688EF7iIMU_SThES3_tEEE9_M_invokeERKSt9_Any_data
                0x0000000008002d60       0x1e ./Core/Src/icm42688.o
                0x0000000008002d60                std::_Function_handler<void (), std::_Bind<iIMU_ST (ICM42688::icm42688::*(ICM42688::icm42688, unsigned short))(unsigned char)> >::_M_invoke(std::_Any_data const&)
 .text._ZNSt17_Function_handlerIFvvESt5_BindIFMN8ICM426888icm42688EF7iIMU_SThES3_tEEE10_M_managerERSt9_Any_dataRKSA_St18_Manager_operation
                0x0000000008002d7e       0x3e ./Core/Src/icm42688.o
                0x0000000008002d7e                std::_Function_handler<void (), std::_Bind<iIMU_ST (ICM42688::icm42688::*(ICM42688::icm42688, unsigned short))(unsigned char)> >::_M_manager(std::_Any_data&, std::_Any_data const&, std::_Manager_operation)
 .text._ZNSt11_Tuple_implILj0EJN8ICM426888icm42688EEEC2IRS1_EEOT_
                0x0000000008002dbc       0x26 ./Core/Src/icm42688.o
                0x0000000008002dbc                std::_Tuple_impl<0u, ICM42688::icm42688>::_Tuple_impl<ICM42688::icm42688&>(ICM42688::icm42688&)
                0x0000000008002dbc                std::_Tuple_impl<0u, ICM42688::icm42688>::_Tuple_impl<ICM42688::icm42688&>(ICM42688::icm42688&)
 .text._ZNSt14_Function_base13_Base_managerISt5_BindIFMN8ICM426888icm42688EF7iIMU_STvES3_EEE9_M_createIS8_EEvRSt9_Any_dataOT_St17integral_constantIbLb0EE
                0x0000000008002de2       0x3a ./Core/Src/icm42688.o
                0x0000000008002de2                void std::_Function_base::_Base_manager<std::_Bind<iIMU_ST (ICM42688::icm42688::*(ICM42688::icm42688))()> >::_M_create<std::_Bind<iIMU_ST (ICM42688::icm42688::*(ICM42688::icm42688))()> >(std::_Any_data&, std::_Bind<iIMU_ST (ICM42688::icm42688::*(ICM42688::icm42688))()>&&, std::integral_constant<bool, false>)
 .text._ZNSt14_Function_base13_Base_managerISt5_BindIFMN8ICM426888icm42688EF7iIMU_STvES3_EEE14_M_get_pointerERKSt9_Any_data
                0x0000000008002e1c       0x1a ./Core/Src/icm42688.o
                0x0000000008002e1c                std::_Function_base::_Base_manager<std::_Bind<iIMU_ST (ICM42688::icm42688::*(ICM42688::icm42688))()> >::_M_get_pointer(std::_Any_data const&)
 .text._ZSt13__invoke_implI7iIMU_STRSt5_BindIFMN8ICM426888icm42688EFS0_vES3_EEJEET_St14__invoke_otherOT0_DpOT1_
                0x0000000008002e36       0x22 ./Core/Src/icm42688.o
                0x0000000008002e36                iIMU_ST std::__invoke_impl<iIMU_ST, std::_Bind<iIMU_ST (ICM42688::icm42688::*(ICM42688::icm42688))()>&>(std::__invoke_other, std::_Bind<iIMU_ST (ICM42688::icm42688::*(ICM42688::icm42688))()>&)
 .text._ZSt10__invoke_rIvRSt5_BindIFMN8ICM426888icm42688EF7iIMU_STvES2_EEJEENSt9enable_ifIXsrSt6__and_IJSt7is_voidIT_ESt14__is_invocableIT0_JDpT1_EEEE5valueESC_E4typeEOSF_DpOSG_
                0x0000000008002e58       0x20 ./Core/Src/icm42688.o
                0x0000000008002e58                std::enable_if<std::__and_<std::is_void<void>, std::__is_invocable<std::_Bind<iIMU_ST (ICM42688::icm42688::*(ICM42688::icm42688))()>&> >::value, void>::type std::__invoke_r<void, std::_Bind<iIMU_ST (ICM42688::icm42688::*(ICM42688::icm42688))()>&>(std::_Bind<iIMU_ST (ICM42688::icm42688::*(ICM42688::icm42688))()>&)
 .text._ZNSt9_Any_data9_M_accessIPSt5_BindIFMN8ICM426888icm42688EF7iIMU_STvES3_EEEERT_v
                0x0000000008002e78       0x18 ./Core/Src/icm42688.o
                0x0000000008002e78                std::_Bind<iIMU_ST (ICM42688::icm42688::*(ICM42688::icm42688))()>*& std::_Any_data::_M_access<std::_Bind<iIMU_ST (ICM42688::icm42688::*(ICM42688::icm42688))()>*>()
 .text._ZNSt14_Function_base13_Base_managerISt5_BindIFMN8ICM426888icm42688EF7iIMU_STvES3_EEE10_M_managerERSt9_Any_dataRKSA_St18_Manager_operation
                0x0000000008002e90       0x74 ./Core/Src/icm42688.o
                0x0000000008002e90                std::_Function_base::_Base_manager<std::_Bind<iIMU_ST (ICM42688::icm42688::*(ICM42688::icm42688))()> >::_M_manager(std::_Any_data&, std::_Any_data const&, std::_Manager_operation)
 .text._ZNSt11_Tuple_implILj0EJN8ICM426888icm42688EtEEC2IRS1_JRtEvEEOT_DpOT0_
                0x0000000008002f04       0x3c ./Core/Src/icm42688.o
                0x0000000008002f04                std::_Tuple_impl<0u, ICM42688::icm42688, unsigned short>::_Tuple_impl<ICM42688::icm42688&, unsigned short&, void>(ICM42688::icm42688&, unsigned short&)
                0x0000000008002f04                std::_Tuple_impl<0u, ICM42688::icm42688, unsigned short>::_Tuple_impl<ICM42688::icm42688&, unsigned short&, void>(ICM42688::icm42688&, unsigned short&)
 .text._ZNSt14_Function_base13_Base_managerISt5_BindIFMN8ICM426888icm42688EF7iIMU_SThES3_tEEE9_M_createIS8_EEvRSt9_Any_dataOT_St17integral_constantIbLb0EE
                0x0000000008002f40       0x3a ./Core/Src/icm42688.o
                0x0000000008002f40                void std::_Function_base::_Base_manager<std::_Bind<iIMU_ST (ICM42688::icm42688::*(ICM42688::icm42688, unsigned short))(unsigned char)> >::_M_create<std::_Bind<iIMU_ST (ICM42688::icm42688::*(ICM42688::icm42688, unsigned short))(unsigned char)> >(std::_Any_data&, std::_Bind<iIMU_ST (ICM42688::icm42688::*(ICM42688::icm42688, unsigned short))(unsigned char)>&&, std::integral_constant<bool, false>)
 .text._ZNSt14_Function_base13_Base_managerISt5_BindIFMN8ICM426888icm42688EF7iIMU_SThES3_tEEE14_M_get_pointerERKSt9_Any_data
                0x0000000008002f7a       0x1a ./Core/Src/icm42688.o
                0x0000000008002f7a                std::_Function_base::_Base_manager<std::_Bind<iIMU_ST (ICM42688::icm42688::*(ICM42688::icm42688, unsigned short))(unsigned char)> >::_M_get_pointer(std::_Any_data const&)
 .text._ZSt13__invoke_implI7iIMU_STRSt5_BindIFMN8ICM426888icm42688EFS0_hES3_tEEJEET_St14__invoke_otherOT0_DpOT1_
                0x0000000008002f94       0x22 ./Core/Src/icm42688.o
                0x0000000008002f94                iIMU_ST std::__invoke_impl<iIMU_ST, std::_Bind<iIMU_ST (ICM42688::icm42688::*(ICM42688::icm42688, unsigned short))(unsigned char)>&>(std::__invoke_other, std::_Bind<iIMU_ST (ICM42688::icm42688::*(ICM42688::icm42688, unsigned short))(unsigned char)>&)
 .text._ZSt10__invoke_rIvRSt5_BindIFMN8ICM426888icm42688EF7iIMU_SThES2_tEEJEENSt9enable_ifIXsrSt6__and_IJSt7is_voidIT_ESt14__is_invocableIT0_JDpT1_EEEE5valueESC_E4typeEOSF_DpOSG_
                0x0000000008002fb6       0x20 ./Core/Src/icm42688.o
                0x0000000008002fb6                std::enable_if<std::__and_<std::is_void<void>, std::__is_invocable<std::_Bind<iIMU_ST (ICM42688::icm42688::*(ICM42688::icm42688, unsigned short))(unsigned char)>&> >::value, void>::type std::__invoke_r<void, std::_Bind<iIMU_ST (ICM42688::icm42688::*(ICM42688::icm42688, unsigned short))(unsigned char)>&>(std::_Bind<iIMU_ST (ICM42688::icm42688::*(ICM42688::icm42688, unsigned short))(unsigned char)>&)
 .text._ZNSt9_Any_data9_M_accessIPSt5_BindIFMN8ICM426888icm42688EF7iIMU_SThES3_tEEEERT_v
                0x0000000008002fd6       0x18 ./Core/Src/icm42688.o
                0x0000000008002fd6                std::_Bind<iIMU_ST (ICM42688::icm42688::*(ICM42688::icm42688, unsigned short))(unsigned char)>*& std::_Any_data::_M_access<std::_Bind<iIMU_ST (ICM42688::icm42688::*(ICM42688::icm42688, unsigned short))(unsigned char)>*>()
 *fill*         0x0000000008002fee        0x2 
 .text._ZNSt14_Function_base13_Base_managerISt5_BindIFMN8ICM426888icm42688EF7iIMU_SThES3_tEEE10_M_managerERSt9_Any_dataRKSA_St18_Manager_operation
                0x0000000008002ff0       0x74 ./Core/Src/icm42688.o
                0x0000000008002ff0                std::_Function_base::_Base_manager<std::_Bind<iIMU_ST (ICM42688::icm42688::*(ICM42688::icm42688, unsigned short))(unsigned char)> >::_M_manager(std::_Any_data&, std::_Any_data const&, std::_Manager_operation)
 .text._ZN4iIMUC2ERKS_
                0x0000000008003064       0x24 ./Core/Src/icm42688.o
                0x0000000008003064                iIMU::iIMU(iIMU const&)
                0x0000000008003064                iIMU::iIMU(iIMU const&)
 .text._ZN8ICM426888icm42688C2ERKS0_
                0x0000000008003088      0x134 ./Core/Src/icm42688.o
                0x0000000008003088                ICM42688::icm42688::icm42688(ICM42688::icm42688 const&)
                0x0000000008003088                ICM42688::icm42688::icm42688(ICM42688::icm42688 const&)
 .text._ZNSt10_Head_baseILj0EN8ICM426888icm42688ELb0EEC2IRS1_EEOT_
                0x00000000080031bc       0x26 ./Core/Src/icm42688.o
                0x00000000080031bc                std::_Head_base<0u, ICM42688::icm42688, false>::_Head_base<ICM42688::icm42688&>(ICM42688::icm42688&)
                0x00000000080031bc                std::_Head_base<0u, ICM42688::icm42688, false>::_Head_base<ICM42688::icm42688&>(ICM42688::icm42688&)
 .text._ZNKSt9_Any_data9_M_accessIPSt5_BindIFMN8ICM426888icm42688EF7iIMU_STvES3_EEEERKT_v
                0x00000000080031e2       0x18 ./Core/Src/icm42688.o
                0x00000000080031e2                std::_Bind<iIMU_ST (ICM42688::icm42688::*(ICM42688::icm42688))()>* const& std::_Any_data::_M_access<std::_Bind<iIMU_ST (ICM42688::icm42688::*(ICM42688::icm42688))()>*>() const
 .text._ZSt7forwardIRSt5_BindIFMN8ICM426888icm42688EF7iIMU_STvES2_EEEOT_RNSt16remove_referenceIS9_E4typeE
                0x00000000080031fa       0x16 ./Core/Src/icm42688.o
                0x00000000080031fa                std::_Bind<iIMU_ST (ICM42688::icm42688::*(ICM42688::icm42688))()>& std::forward<std::_Bind<iIMU_ST (ICM42688::icm42688::*(ICM42688::icm42688))()>&>(std::remove_reference<std::_Bind<iIMU_ST (ICM42688::icm42688::*(ICM42688::icm42688))()>&>::type&)
 .text._ZNSt5_BindIFMN8ICM426888icm42688EF7iIMU_STvES1_EEclIJES2_EET0_DpOT_
                0x0000000008003210       0x24 ./Core/Src/icm42688.o
                0x0000000008003210                iIMU_ST std::_Bind<iIMU_ST (ICM42688::icm42688::*(ICM42688::icm42688))()>::operator()<, iIMU_ST>()
 .text._ZNSt9_Any_data9_M_accessIPKSt9type_infoEERT_v
                0x0000000008003234       0x18 ./Core/Src/icm42688.o
                0x0000000008003234                std::type_info const*& std::_Any_data::_M_access<std::type_info const*>()
 .text._ZNSt14_Function_base13_Base_managerISt5_BindIFMN8ICM426888icm42688EF7iIMU_STvES3_EEE15_M_init_functorIRKS8_EEvRSt9_Any_dataOT_
                0x000000000800324c       0x24 ./Core/Src/icm42688.o
                0x000000000800324c                void std::_Function_base::_Base_manager<std::_Bind<iIMU_ST (ICM42688::icm42688::*(ICM42688::icm42688))()> >::_M_init_functor<std::_Bind<iIMU_ST (ICM42688::icm42688::*(ICM42688::icm42688))()> const&>(std::_Any_data&, std::_Bind<iIMU_ST (ICM42688::icm42688::*(ICM42688::icm42688))()> const&)
 .text._ZNSt14_Function_base13_Base_managerISt5_BindIFMN8ICM426888icm42688EF7iIMU_STvES3_EEE10_M_destroyERSt9_Any_dataSt17integral_constantIbLb0EE
                0x0000000008003270       0x2a ./Core/Src/icm42688.o
                0x0000000008003270                std::_Function_base::_Base_manager<std::_Bind<iIMU_ST (ICM42688::icm42688::*(ICM42688::icm42688))()> >::_M_destroy(std::_Any_data&, std::integral_constant<bool, false>)
 .text._ZNSt11_Tuple_implILj1EJtEEC2IRtEEOT_
                0x000000000800329a       0x26 ./Core/Src/icm42688.o
                0x000000000800329a                std::_Tuple_impl<1u, unsigned short>::_Tuple_impl<unsigned short&>(unsigned short&)
                0x000000000800329a                std::_Tuple_impl<1u, unsigned short>::_Tuple_impl<unsigned short&>(unsigned short&)
 .text._ZNKSt9_Any_data9_M_accessIPSt5_BindIFMN8ICM426888icm42688EF7iIMU_SThES3_tEEEERKT_v
                0x00000000080032c0       0x18 ./Core/Src/icm42688.o
                0x00000000080032c0                std::_Bind<iIMU_ST (ICM42688::icm42688::*(ICM42688::icm42688, unsigned short))(unsigned char)>* const& std::_Any_data::_M_access<std::_Bind<iIMU_ST (ICM42688::icm42688::*(ICM42688::icm42688, unsigned short))(unsigned char)>*>() const
 .text._ZSt7forwardIRSt5_BindIFMN8ICM426888icm42688EF7iIMU_SThES2_tEEEOT_RNSt16remove_referenceIS9_E4typeE
                0x00000000080032d8       0x16 ./Core/Src/icm42688.o
                0x00000000080032d8                std::_Bind<iIMU_ST (ICM42688::icm42688::*(ICM42688::icm42688, unsigned short))(unsigned char)>& std::forward<std::_Bind<iIMU_ST (ICM42688::icm42688::*(ICM42688::icm42688, unsigned short))(unsigned char)>&>(std::remove_reference<std::_Bind<iIMU_ST (ICM42688::icm42688::*(ICM42688::icm42688, unsigned short))(unsigned char)>&>::type&)
 .text._ZNSt5_BindIFMN8ICM426888icm42688EF7iIMU_SThES1_tEEclIJES2_EET0_DpOT_
                0x00000000080032ee       0x24 ./Core/Src/icm42688.o
                0x00000000080032ee                iIMU_ST std::_Bind<iIMU_ST (ICM42688::icm42688::*(ICM42688::icm42688, unsigned short))(unsigned char)>::operator()<, iIMU_ST>()
 .text._ZNSt14_Function_base13_Base_managerISt5_BindIFMN8ICM426888icm42688EF7iIMU_SThES3_tEEE15_M_init_functorIRKS8_EEvRSt9_Any_dataOT_
                0x0000000008003312       0x24 ./Core/Src/icm42688.o
                0x0000000008003312                void std::_Function_base::_Base_manager<std::_Bind<iIMU_ST (ICM42688::icm42688::*(ICM42688::icm42688, unsigned short))(unsigned char)> >::_M_init_functor<std::_Bind<iIMU_ST (ICM42688::icm42688::*(ICM42688::icm42688, unsigned short))(unsigned char)> const&>(std::_Any_data&, std::_Bind<iIMU_ST (ICM42688::icm42688::*(ICM42688::icm42688, unsigned short))(unsigned char)> const&)
 .text._ZNSt14_Function_base13_Base_managerISt5_BindIFMN8ICM426888icm42688EF7iIMU_SThES3_tEEE10_M_destroyERSt9_Any_dataSt17integral_constantIbLb0EE
                0x0000000008003336       0x2a ./Core/Src/icm42688.o
                0x0000000008003336                std::_Function_base::_Base_manager<std::_Bind<iIMU_ST (ICM42688::icm42688::*(ICM42688::icm42688, unsigned short))(unsigned char)> >::_M_destroy(std::_Any_data&, std::integral_constant<bool, false>)
 .text._ZSt16forward_as_tupleIJEESt5tupleIJDpOT_EES3_
                0x0000000008003360       0x10 ./Core/Src/icm42688.o
                0x0000000008003360                std::tuple<> std::forward_as_tuple<>()
 .text._ZNSt5_BindIFMN8ICM426888icm42688EF7iIMU_STvES1_EE6__callIS2_JEJLj0EEEET_OSt5tupleIJDpT0_EESt12_Index_tupleIJXspT1_EEE
                0x0000000008003370       0x3a ./Core/Src/icm42688.o
                0x0000000008003370                iIMU_ST std::_Bind<iIMU_ST (ICM42688::icm42688::*(ICM42688::icm42688))()>::__call<iIMU_ST, , 0u>(std::tuple<>&&, std::_Index_tuple<0u>)
 .text._ZSt7forwardIRKSt5_BindIFMN8ICM426888icm42688EF7iIMU_STvES2_EEEOT_RNSt16remove_referenceISA_E4typeE
                0x00000000080033aa       0x16 ./Core/Src/icm42688.o
                0x00000000080033aa                std::_Bind<iIMU_ST (ICM42688::icm42688::*(ICM42688::icm42688))()> const& std::forward<std::_Bind<iIMU_ST (ICM42688::icm42688::*(ICM42688::icm42688))()> const&>(std::remove_reference<std::_Bind<iIMU_ST (ICM42688::icm42688::*(ICM42688::icm42688))()> const&>::type&)
 .text._ZNSt10_Head_baseILj0EN8ICM426888icm42688ELb0EEC2ERKS2_
                0x00000000080033c0       0x20 ./Core/Src/icm42688.o
                0x00000000080033c0                std::_Head_base<0u, ICM42688::icm42688, false>::_Head_base(std::_Head_base<0u, ICM42688::icm42688, false> const&)
                0x00000000080033c0                std::_Head_base<0u, ICM42688::icm42688, false>::_Head_base(std::_Head_base<0u, ICM42688::icm42688, false> const&)
 .text._ZNSt11_Tuple_implILj0EJN8ICM426888icm42688EEEC2ERKS2_
                0x00000000080033e0       0x20 ./Core/Src/icm42688.o
                0x00000000080033e0                std::_Tuple_impl<0u, ICM42688::icm42688>::_Tuple_impl(std::_Tuple_impl<0u, ICM42688::icm42688> const&)
                0x00000000080033e0                std::_Tuple_impl<0u, ICM42688::icm42688>::_Tuple_impl(std::_Tuple_impl<0u, ICM42688::icm42688> const&)
 .text._ZNSt5tupleIJN8ICM426888icm42688EEEC2ERKS2_
                0x0000000008003400       0x20 ./Core/Src/icm42688.o
                0x0000000008003400                std::tuple<ICM42688::icm42688>::tuple(std::tuple<ICM42688::icm42688> const&)
                0x0000000008003400                std::tuple<ICM42688::icm42688>::tuple(std::tuple<ICM42688::icm42688> const&)
 .text._ZNSt5_BindIFMN8ICM426888icm42688EF7iIMU_STvES1_EEC2ERKS6_
                0x0000000008003420       0x32 ./Core/Src/icm42688.o
                0x0000000008003420                std::_Bind<iIMU_ST (ICM42688::icm42688::*(ICM42688::icm42688))()>::_Bind(std::_Bind<iIMU_ST (ICM42688::icm42688::*(ICM42688::icm42688))()> const&)
                0x0000000008003420                std::_Bind<iIMU_ST (ICM42688::icm42688::*(ICM42688::icm42688))()>::_Bind(std::_Bind<iIMU_ST (ICM42688::icm42688::*(ICM42688::icm42688))()> const&)
 .text._ZNSt14_Function_base13_Base_managerISt5_BindIFMN8ICM426888icm42688EF7iIMU_STvES3_EEE9_M_createIRKS8_EEvRSt9_Any_dataOT_St17integral_constantIbLb0EE
                0x0000000008003452       0x3a ./Core/Src/icm42688.o
                0x0000000008003452                void std::_Function_base::_Base_manager<std::_Bind<iIMU_ST (ICM42688::icm42688::*(ICM42688::icm42688))()> >::_M_create<std::_Bind<iIMU_ST (ICM42688::icm42688::*(ICM42688::icm42688))()> const&>(std::_Any_data&, std::_Bind<iIMU_ST (ICM42688::icm42688::*(ICM42688::icm42688))()> const&, std::integral_constant<bool, false>)
 .text._ZNSt10_Head_baseILj1EtLb0EEC2IRtEEOT_
                0x000000000800348c       0x22 ./Core/Src/icm42688.o
                0x000000000800348c                std::_Head_base<1u, unsigned short, false>::_Head_base<unsigned short&>(unsigned short&)
                0x000000000800348c                std::_Head_base<1u, unsigned short, false>::_Head_base<unsigned short&>(unsigned short&)
 .text._ZNSt5_BindIFMN8ICM426888icm42688EF7iIMU_SThES1_tEE6__callIS2_JEJLj0ELj1EEEET_OSt5tupleIJDpT0_EESt12_Index_tupleIJXspT1_EEE
                0x00000000080034ae       0x56 ./Core/Src/icm42688.o
                0x00000000080034ae                iIMU_ST std::_Bind<iIMU_ST (ICM42688::icm42688::*(ICM42688::icm42688, unsigned short))(unsigned char)>::__call<iIMU_ST, , 0u, 1u>(std::tuple<>&&, std::_Index_tuple<0u, 1u>)
 .text._ZSt7forwardIRKSt5_BindIFMN8ICM426888icm42688EF7iIMU_SThES2_tEEEOT_RNSt16remove_referenceISA_E4typeE
                0x0000000008003504       0x16 ./Core/Src/icm42688.o
                0x0000000008003504                std::_Bind<iIMU_ST (ICM42688::icm42688::*(ICM42688::icm42688, unsigned short))(unsigned char)> const& std::forward<std::_Bind<iIMU_ST (ICM42688::icm42688::*(ICM42688::icm42688, unsigned short))(unsigned char)> const&>(std::remove_reference<std::_Bind<iIMU_ST (ICM42688::icm42688::*(ICM42688::icm42688, unsigned short))(unsigned char)> const&>::type&)
 .text._ZNSt11_Tuple_implILj0EJN8ICM426888icm42688EtEEC2ERKS2_
                0x000000000800351a       0x2c ./Core/Src/icm42688.o
                0x000000000800351a                std::_Tuple_impl<0u, ICM42688::icm42688, unsigned short>::_Tuple_impl(std::_Tuple_impl<0u, ICM42688::icm42688, unsigned short> const&)
                0x000000000800351a                std::_Tuple_impl<0u, ICM42688::icm42688, unsigned short>::_Tuple_impl(std::_Tuple_impl<0u, ICM42688::icm42688, unsigned short> const&)
 .text._ZNSt5tupleIJN8ICM426888icm42688EtEEC2ERKS2_
                0x0000000008003546       0x20 ./Core/Src/icm42688.o
                0x0000000008003546                std::tuple<ICM42688::icm42688, unsigned short>::tuple(std::tuple<ICM42688::icm42688, unsigned short> const&)
                0x0000000008003546                std::tuple<ICM42688::icm42688, unsigned short>::tuple(std::tuple<ICM42688::icm42688, unsigned short> const&)
 .text._ZNSt5_BindIFMN8ICM426888icm42688EF7iIMU_SThES1_tEEC2ERKS6_
                0x0000000008003566       0x32 ./Core/Src/icm42688.o
                0x0000000008003566                std::_Bind<iIMU_ST (ICM42688::icm42688::*(ICM42688::icm42688, unsigned short))(unsigned char)>::_Bind(std::_Bind<iIMU_ST (ICM42688::icm42688::*(ICM42688::icm42688, unsigned short))(unsigned char)> const&)
                0x0000000008003566                std::_Bind<iIMU_ST (ICM42688::icm42688::*(ICM42688::icm42688, unsigned short))(unsigned char)>::_Bind(std::_Bind<iIMU_ST (ICM42688::icm42688::*(ICM42688::icm42688, unsigned short))(unsigned char)> const&)
 .text._ZNSt14_Function_base13_Base_managerISt5_BindIFMN8ICM426888icm42688EF7iIMU_SThES3_tEEE9_M_createIRKS8_EEvRSt9_Any_dataOT_St17integral_constantIbLb0EE
                0x0000000008003598       0x3a ./Core/Src/icm42688.o
                0x0000000008003598                void std::_Function_base::_Base_manager<std::_Bind<iIMU_ST (ICM42688::icm42688::*(ICM42688::icm42688, unsigned short))(unsigned char)> >::_M_create<std::_Bind<iIMU_ST (ICM42688::icm42688::*(ICM42688::icm42688, unsigned short))(unsigned char)> const&>(std::_Any_data&, std::_Bind<iIMU_ST (ICM42688::icm42688::*(ICM42688::icm42688, unsigned short))(unsigned char)> const&, std::integral_constant<bool, false>)
 .text._ZSt3getILj0EJN8ICM426888icm42688EEERNSt13tuple_elementIXT_ESt5tupleIJDpT0_EEE4typeERS6_
                0x00000000080035d2       0x1a ./Core/Src/icm42688.o
                0x00000000080035d2                std::tuple_element<0u, std::tuple<ICM42688::icm42688> >::type& std::get<0u, ICM42688::icm42688>(std::tuple<ICM42688::icm42688>&)
 .text._ZNVKSt3_MuIN8ICM426888icm42688ELb0ELb0EEclIRS1_St5tupleIJEEEEOT_S8_RT0_
                0x00000000080035ec       0x1c ./Core/Src/icm42688.o
                0x00000000080035ec                ICM42688::icm42688& std::_Mu<ICM42688::icm42688, false, false>::operator()<ICM42688::icm42688&, std::tuple<> >(ICM42688::icm42688&, std::tuple<>&) const volatile
 .text._ZSt8__invokeIRMN8ICM426888icm42688EF7iIMU_STvEJRS1_EENSt15__invoke_resultIT_JDpT0_EE4typeEOS8_DpOS9_
                0x0000000008003608       0x2e ./Core/Src/icm42688.o
                0x0000000008003608                std::__invoke_result<iIMU_ST (ICM42688::icm42688::*&)(), ICM42688::icm42688&>::type std::__invoke<iIMU_ST (ICM42688::icm42688::*&)(), ICM42688::icm42688&>(iIMU_ST (ICM42688::icm42688::*&)(), ICM42688::icm42688&)
 .text._ZSt3getILj0EJN8ICM426888icm42688EtEERNSt13tuple_elementIXT_ESt5tupleIJDpT0_EEE4typeERS6_
                0x0000000008003636       0x1a ./Core/Src/icm42688.o
                0x0000000008003636                std::tuple_element<0u, std::tuple<ICM42688::icm42688, unsigned short> >::type& std::get<0u, ICM42688::icm42688, unsigned short>(std::tuple<ICM42688::icm42688, unsigned short>&)
 .text._ZSt3getILj1EJN8ICM426888icm42688EtEERNSt13tuple_elementIXT_ESt5tupleIJDpT0_EEE4typeERS6_
                0x0000000008003650       0x1a ./Core/Src/icm42688.o
                0x0000000008003650                std::tuple_element<1u, std::tuple<ICM42688::icm42688, unsigned short> >::type& std::get<1u, ICM42688::icm42688, unsigned short>(std::tuple<ICM42688::icm42688, unsigned short>&)
 .text._ZNVKSt3_MuItLb0ELb0EEclIRtSt5tupleIJEEEEOT_S6_RT0_
                0x000000000800366a       0x1c ./Core/Src/icm42688.o
                0x000000000800366a                unsigned short& std::_Mu<unsigned short, false, false>::operator()<unsigned short&, std::tuple<> >(unsigned short&, std::tuple<>&) const volatile
 .text._ZSt8__invokeIRMN8ICM426888icm42688EF7iIMU_SThEJRS1_RtEENSt15__invoke_resultIT_JDpT0_EE4typeEOS9_DpOSA_
                0x0000000008003686       0x38 ./Core/Src/icm42688.o
                0x0000000008003686                std::__invoke_result<iIMU_ST (ICM42688::icm42688::*&)(unsigned char), ICM42688::icm42688&, unsigned short&>::type std::__invoke<iIMU_ST (ICM42688::icm42688::*&)(unsigned char), ICM42688::icm42688&, unsigned short&>(iIMU_ST (ICM42688::icm42688::*&)(unsigned char), ICM42688::icm42688&, unsigned short&)
 .text._ZSt12__get_helperILj0EN8ICM426888icm42688EJEERT0_RSt11_Tuple_implIXT_EJS2_DpT1_EE
                0x00000000080036be       0x18 ./Core/Src/icm42688.o
                0x00000000080036be                ICM42688::icm42688& std::__get_helper<0u, ICM42688::icm42688>(std::_Tuple_impl<0u, ICM42688::icm42688>&)
 .text._ZSt7forwardIRMN8ICM426888icm42688EF7iIMU_STvEEOT_RNSt16remove_referenceIS6_E4typeE
                0x00000000080036d6       0x16 ./Core/Src/icm42688.o
                0x00000000080036d6                iIMU_ST (ICM42688::icm42688::*&std::forward<iIMU_ST (ICM42688::icm42688::*&)()>(std::remove_reference<iIMU_ST (ICM42688::icm42688::*&)()>::type&))()
 .text._ZSt13__invoke_implI7iIMU_STRMN8ICM426888icm42688EFS0_vERS2_JEET_St19__invoke_memfun_refOT0_OT1_DpOT2_
                0x00000000080036ec       0x4e ./Core/Src/icm42688.o
                0x00000000080036ec                iIMU_ST std::__invoke_impl<iIMU_ST, iIMU_ST (ICM42688::icm42688::*&)(), ICM42688::icm42688&>(std::__invoke_memfun_ref, iIMU_ST (ICM42688::icm42688::*&)(), ICM42688::icm42688&)
 .text._ZSt12__get_helperILj0EN8ICM426888icm42688EJtEERT0_RSt11_Tuple_implIXT_EJS2_DpT1_EE
                0x000000000800373a       0x18 ./Core/Src/icm42688.o
                0x000000000800373a                ICM42688::icm42688& std::__get_helper<0u, ICM42688::icm42688, unsigned short>(std::_Tuple_impl<0u, ICM42688::icm42688, unsigned short>&)
 .text._ZSt12__get_helperILj1EtJEERT0_RSt11_Tuple_implIXT_EJS0_DpT1_EE
                0x0000000008003752       0x18 ./Core/Src/icm42688.o
                0x0000000008003752                unsigned short& std::__get_helper<1u, unsigned short>(std::_Tuple_impl<1u, unsigned short>&)
 .text._ZSt7forwardIRMN8ICM426888icm42688EF7iIMU_SThEEOT_RNSt16remove_referenceIS6_E4typeE
                0x000000000800376a       0x16 ./Core/Src/icm42688.o
                0x000000000800376a                iIMU_ST (ICM42688::icm42688::*&std::forward<iIMU_ST (ICM42688::icm42688::*&)(unsigned char)>(std::remove_reference<iIMU_ST (ICM42688::icm42688::*&)(unsigned char)>::type&))(unsigned char)
 .text._ZSt13__invoke_implI7iIMU_STRMN8ICM426888icm42688EFS0_hERS2_JRtEET_St19__invoke_memfun_refOT0_OT1_DpOT2_
                0x0000000008003780       0x5e ./Core/Src/icm42688.o
                0x0000000008003780                iIMU_ST std::__invoke_impl<iIMU_ST, iIMU_ST (ICM42688::icm42688::*&)(unsigned char), ICM42688::icm42688&, unsigned short&>(std::__invoke_memfun_ref, iIMU_ST (ICM42688::icm42688::*&)(unsigned char), ICM42688::icm42688&, unsigned short&)
 .text._ZNSt11_Tuple_implILj0EJN8ICM426888icm42688EEE7_M_headERS2_
                0x00000000080037de       0x1a ./Core/Src/icm42688.o
                0x00000000080037de                std::_Tuple_impl<0u, ICM42688::icm42688>::_M_head(std::_Tuple_impl<0u, ICM42688::icm42688>&)
 .text._ZSt8__invfwdIRN8ICM426888icm42688ES2_EOT0_RNSt16remove_referenceIT_E4typeE
                0x00000000080037f8       0x16 ./Core/Src/icm42688.o
                0x00000000080037f8                ICM42688::icm42688& std::__invfwd<ICM42688::icm42688&, ICM42688::icm42688&>(std::remove_reference<ICM42688::icm42688&>::type&)
 .text._ZNSt11_Tuple_implILj0EJN8ICM426888icm42688EtEE7_M_headERS2_
                0x000000000800380e       0x1c ./Core/Src/icm42688.o
                0x000000000800380e                std::_Tuple_impl<0u, ICM42688::icm42688, unsigned short>::_M_head(std::_Tuple_impl<0u, ICM42688::icm42688, unsigned short>&)
 .text._ZNSt11_Tuple_implILj1EJtEE7_M_headERS0_
                0x000000000800382a       0x1a ./Core/Src/icm42688.o
                0x000000000800382a                std::_Tuple_impl<1u, unsigned short>::_M_head(std::_Tuple_impl<1u, unsigned short>&)
 .text._ZNSt10_Head_baseILj0EN8ICM426888icm42688ELb0EE7_M_headERS2_
                0x0000000008003844       0x16 ./Core/Src/icm42688.o
                0x0000000008003844                std::_Head_base<0u, ICM42688::icm42688, false>::_M_head(std::_Head_base<0u, ICM42688::icm42688, false>&)
 .text._ZNSt10_Head_baseILj1EtLb0EE7_M_headERS0_
                0x000000000800385a       0x16 ./Core/Src/icm42688.o
                0x000000000800385a                std::_Head_base<1u, unsigned short, false>::_M_head(std::_Head_base<1u, unsigned short, false>&)
 .text._ZN8ICM426888GYRO_CNFlsEhNS0_3FSRE
                0x0000000008003870       0x20 ./Core/Src/icm42688_utils.o
                0x0000000008003870                ICM42688::GYRO_CNF::operator<<(unsigned char, ICM42688::GYRO_CNF::FSR)
 .text._ZN8ICM426889ACCEL_CNFlsEhNS0_3FSRE
                0x0000000008003890       0x20 ./Core/Src/icm42688_utils.o
                0x0000000008003890                ICM42688::ACCEL_CNF::operator<<(unsigned char, ICM42688::ACCEL_CNF::FSR)
 .text._ZN8ICM4268823map_gyro_ODR_CNF_to_ODRENS_8GYRO_CNF3ODRE
                0x00000000080038b0       0xc0 ./Core/Src/icm42688_utils.o
                0x00000000080038b0                ICM42688::map_gyro_ODR_CNF_to_ODR(ICM42688::GYRO_CNF::ODR)
 .text._ZN8ICM4268823map_gyro_FSR_CNF_to_FSRENS_8GYRO_CNF3FSRE
                0x0000000008003970       0x48 ./Core/Src/icm42688_utils.o
                0x0000000008003970                ICM42688::map_gyro_FSR_CNF_to_FSR(ICM42688::GYRO_CNF::FSR)
 .text._ZN8ICM4268824map_accel_ODR_CNF_to_ODRENS_9ACCEL_CNF3ODRE
                0x00000000080039b8       0xc0 ./Core/Src/icm42688_utils.o
                0x00000000080039b8                ICM42688::map_accel_ODR_CNF_to_ODR(ICM42688::ACCEL_CNF::ODR)
 .text._ZN8ICM4268824map_accel_FSR_CNF_to_FSRENS_9ACCEL_CNF3FSRE
                0x0000000008003a78       0x42 ./Core/Src/icm42688_utils.o
                0x0000000008003a78                ICM42688::map_accel_FSR_CNF_to_FSR(ICM42688::ACCEL_CNF::FSR)
 *fill*         0x0000000008003aba        0x2 
 .text._ZN8ICM4268815convertTempDataEhh
                0x0000000008003abc       0x4c ./Core/Src/icm42688_utils.o
                0x0000000008003abc                ICM42688::convertTempData(unsigned char, unsigned char)
 .text._ZN8ICM426888GYRO_CNFleENS0_3ODRES1_
                0x0000000008003b08       0x28 ./Core/Src/icm42688_utils.o
                0x0000000008003b08                ICM42688::GYRO_CNF::operator<=(ICM42688::GYRO_CNF::ODR, ICM42688::GYRO_CNF::ODR)
 .text._ZN8ICM426888GYRO_CNFgeENS0_3ODRES1_
                0x0000000008003b30       0x28 ./Core/Src/icm42688_utils.o
                0x0000000008003b30                ICM42688::GYRO_CNF::operator>=(ICM42688::GYRO_CNF::ODR, ICM42688::GYRO_CNF::ODR)
 .text._ZN8ICM426888GYRO_CNFmiENS0_3ODRES1_
                0x0000000008003b58       0x22 ./Core/Src/icm42688_utils.o
                0x0000000008003b58                ICM42688::GYRO_CNF::operator-(ICM42688::GYRO_CNF::ODR, ICM42688::GYRO_CNF::ODR)
 .text._ZN8ICM426888GYRO_CNFleENS0_3FSRES1_
                0x0000000008003b7a       0x28 ./Core/Src/icm42688_utils.o
                0x0000000008003b7a                ICM42688::GYRO_CNF::operator<=(ICM42688::GYRO_CNF::FSR, ICM42688::GYRO_CNF::FSR)
 .text._ZN8ICM426889ACCEL_CNFleENS0_3ODRES1_
                0x0000000008003ba2       0x28 ./Core/Src/icm42688_utils.o
                0x0000000008003ba2                ICM42688::ACCEL_CNF::operator<=(ICM42688::ACCEL_CNF::ODR, ICM42688::ACCEL_CNF::ODR)
 .text._ZN8ICM426889ACCEL_CNFgeENS0_3ODRES1_
                0x0000000008003bca       0x28 ./Core/Src/icm42688_utils.o
                0x0000000008003bca                ICM42688::ACCEL_CNF::operator>=(ICM42688::ACCEL_CNF::ODR, ICM42688::ACCEL_CNF::ODR)
 .text._ZN8ICM426889ACCEL_CNFmiENS0_3ODRES1_
                0x0000000008003bf2       0x22 ./Core/Src/icm42688_utils.o
                0x0000000008003bf2                ICM42688::ACCEL_CNF::operator-(ICM42688::ACCEL_CNF::ODR, ICM42688::ACCEL_CNF::ODR)
 .text._ZN8ICM426889ACCEL_CNFleENS0_3FSRES1_
                0x0000000008003c14       0x28 ./Core/Src/icm42688_utils.o
                0x0000000008003c14                ICM42688::ACCEL_CNF::operator<=(ICM42688::ACCEL_CNF::FSR, ICM42688::ACCEL_CNF::FSR)
 .text.main     0x0000000008003c3c       0x2e ./Core/Src/main.o
                0x0000000008003c3c                main
 *fill*         0x0000000008003c6a        0x2 
 .text._Z18SystemClock_Configv
                0x0000000008003c6c       0xfc ./Core/Src/main.o
                0x0000000008003c6c                SystemClock_Config()
 .text.Error_Handler
                0x0000000008003d68        0xa ./Core/Src/main.o
                0x0000000008003d68                Error_Handler
 *fill*         0x0000000008003d72        0x2 
 .text._Z20fail_silent_mode_runv
                0x0000000008003d74       0x24 ./Core/Src/modeFailSilent.o
                0x0000000008003d74                fail_silent_mode_run()
 .text._ZN9iPHandler12add_read_bitEhbb
                0x0000000008003d98       0x54 ./Core/Src/modeNormal.o
                0x0000000008003d98                iPHandler::add_read_bit(unsigned char, bool, bool)
 .text._ZN9iPHandler13add_write_bitEhbb
                0x0000000008003dec       0x54 ./Core/Src/modeNormal.o
                0x0000000008003dec                iPHandler::add_write_bit(unsigned char, bool, bool)
 .text._Z15normal_mode_runv
                0x0000000008003e40      0x228 ./Core/Src/modeNormal.o
                0x0000000008003e40                normal_mode_run()
 .text.HAL_CAN_RxFifo0MsgPendingCallback
                0x0000000008004068       0x28 ./Core/Src/modeNormal.o
                0x0000000008004068                HAL_CAN_RxFifo0MsgPendingCallback
 .text._ZN9iPHandlerC2Ev
                0x0000000008004090       0x20 ./Core/Src/modeNormal.o
                0x0000000008004090                iPHandler::iPHandler()
                0x0000000008004090                iPHandler::iPHandler()
 .text._ZN5STM3211PHandlerSPIILh32EEC2EP19__SPI_HandleTypeDefPNS_4gpioE9COMM_MODE
                0x00000000080040b0       0x68 ./Core/Src/modeNormal.o
                0x00000000080040b0                STM32::PHandlerSPI<(unsigned char)32>::PHandlerSPI(__SPI_HandleTypeDef*, STM32::gpio*, COMM_MODE)
                0x00000000080040b0                STM32::PHandlerSPI<(unsigned char)32>::PHandlerSPI(__SPI_HandleTypeDef*, STM32::gpio*, COMM_MODE)
 .text._ZN5STM3211PHandlerSPIILh32EE14read_registersERK11PHandlerOpt
                0x0000000008004118       0x72 ./Core/Src/modeNormal.o
                0x0000000008004118                STM32::PHandlerSPI<(unsigned char)32>::read_registers(PHandlerOpt const&)
 .text._ZN5STM3211PHandlerSPIILh32EE15write_registersEPhRK11PHandlerOpt
                0x000000000800418a       0x78 ./Core/Src/modeNormal.o
                0x000000000800418a                STM32::PHandlerSPI<(unsigned char)32>::write_registers(unsigned char*, PHandlerOpt const&)
 .text._ZN5STM3211PHandlerSPIILh32EE17start_transmitionEPv
                0x0000000008004202       0x86 ./Core/Src/modeNormal.o
                0x0000000008004202                STM32::PHandlerSPI<(unsigned char)32>::start_transmition(void*)
 .text._ZN5STM3211PHandlerSPIILh32EE8transmitEPhS2_t
                0x0000000008004288       0x4e ./Core/Src/modeNormal.o
                0x0000000008004288                STM32::PHandlerSPI<(unsigned char)32>::transmit(unsigned char*, unsigned char*, unsigned short)
 .text._ZN5STM3211PHandlerSPIILh32EE24map_hal_st_to_handler_stE17HAL_StatusTypeDef
                0x00000000080042d6       0x24 ./Core/Src/modeNormal.o
                0x00000000080042d6                STM32::PHandlerSPI<(unsigned char)32>::map_hal_st_to_handler_st(HAL_StatusTypeDef)
 .text._Z22my_copy_array_of_uint8PhPKhm
                0x00000000080042fa       0x3e ./Core/Src/myUtils.o
                0x00000000080042fa                my_copy_array_of_uint8(unsigned char*, unsigned char const*, unsigned long)
 .text.MX_SPI2_Init
                0x0000000008004338       0x7c ./Core/Src/spi.o
                0x0000000008004338                MX_SPI2_Init
 .text.HAL_SPI_MspInit
                0x00000000080043b4       0x88 ./Core/Src/spi.o
                0x00000000080043b4                HAL_SPI_MspInit
 .text.HAL_MspInit
                0x000000000800443c       0x48 ./Core/Src/stm32f7xx_hal_msp.o
                0x000000000800443c                HAL_MspInit
 .text.NMI_Handler
                0x0000000008004484        0x6 ./Core/Src/stm32f7xx_it.o
                0x0000000008004484                NMI_Handler
 .text.HardFault_Handler
                0x000000000800448a        0x6 ./Core/Src/stm32f7xx_it.o
                0x000000000800448a                HardFault_Handler
 .text.MemManage_Handler
                0x0000000008004490        0x6 ./Core/Src/stm32f7xx_it.o
                0x0000000008004490                MemManage_Handler
 .text.BusFault_Handler
                0x0000000008004496        0x6 ./Core/Src/stm32f7xx_it.o
                0x0000000008004496                BusFault_Handler
 .text.UsageFault_Handler
                0x000000000800449c        0x6 ./Core/Src/stm32f7xx_it.o
                0x000000000800449c                UsageFault_Handler
 .text.SVC_Handler
                0x00000000080044a2        0xe ./Core/Src/stm32f7xx_it.o
                0x00000000080044a2                SVC_Handler
 .text.DebugMon_Handler
                0x00000000080044b0        0xe ./Core/Src/stm32f7xx_it.o
                0x00000000080044b0                DebugMon_Handler
 .text.PendSV_Handler
                0x00000000080044be        0xe ./Core/Src/stm32f7xx_it.o
                0x00000000080044be                PendSV_Handler
 .text.SysTick_Handler
                0x00000000080044cc        0xc ./Core/Src/stm32f7xx_it.o
                0x00000000080044cc                SysTick_Handler
 .text.CAN1_RX0_IRQHandler
                0x00000000080044d8       0x14 ./Core/Src/stm32f7xx_it.o
                0x00000000080044d8                CAN1_RX0_IRQHandler
 .text.TIM5_IRQHandler
                0x00000000080044ec       0x14 ./Core/Src/stm32f7xx_it.o
                0x00000000080044ec                TIM5_IRQHandler
 .text._getpid  0x0000000008004500       0x10 ./Core/Src/syscalls.o
                0x0000000008004500                _getpid
 .text._kill    0x0000000008004510       0x20 ./Core/Src/syscalls.o
                0x0000000008004510                _kill
 .text._exit    0x0000000008004530       0x14 ./Core/Src/syscalls.o
                0x0000000008004530                _exit
 .text._sbrk    0x0000000008004544       0x6c ./Core/Src/sysmem.o
                0x0000000008004544                _sbrk
 .text._Z11system_initv
                0x00000000080045b0       0x48 ./Core/Src/system.o
                0x00000000080045b0                system_init()
 .text._Z22system_run_active_modev
                0x00000000080045f8       0x20 ./Core/Src/system.o
                0x00000000080045f8                system_run_active_mode()
 .text.SystemInit
                0x0000000008004618       0x24 ./Core/Src/system_stm32f7xx.o
                0x0000000008004618                SystemInit
 .text._Z27taskCNIsendData_constructorP17taskCNIsendData_tmmmmm
                0x000000000800463c       0x34 ./Core/Src/taskCNIsendData.o
                0x000000000800463c                taskCNIsendData_constructor(taskCNIsendData_t*, unsigned long, unsigned long, unsigned long, unsigned long, unsigned long)
 .text._Z21taskCNIsendData_startP17taskCNIsendData_t
                0x0000000008004670       0x14 ./Core/Src/taskCNIsendData.o
                0x0000000008004670                taskCNIsendData_start(taskCNIsendData_t*)
 .text._Z22taskCNIsendData_updateP17taskCNIsendData_t
                0x0000000008004684       0x1a ./Core/Src/taskCNIsendData.o
                0x0000000008004684                taskCNIsendData_update(taskCNIsendData_t*)
 *fill*         0x000000000800469e        0x2 
 .text._Z25taskHeartbeat_constructorP15taskHeartbeat_tmmmmPN5STM324gpioE
                0x00000000080046a0       0x34 ./Core/Src/taskHeartbeat.o
                0x00000000080046a0                taskHeartbeat_constructor(taskHeartbeat_t*, unsigned long, unsigned long, unsigned long, unsigned long, STM32::gpio*)
 .text._Z19taskHeartbeat_startP15taskHeartbeat_t
                0x00000000080046d4       0x1c ./Core/Src/taskHeartbeat.o
                0x00000000080046d4                taskHeartbeat_start(taskHeartbeat_t*)
 .text._Z20taskHeartbeat_updateP15taskHeartbeat_t
                0x00000000080046f0       0x1a ./Core/Src/taskHeartbeat.o
                0x00000000080046f0                taskHeartbeat_update(taskHeartbeat_t*)
 *fill*         0x000000000800470a        0x2 
 .text._Z26taskIMUgetData_constructorP16taskIMUgetData_tmmmmPN8ICM426888icm42688Em
                0x000000000800470c       0x3c ./Core/Src/taskIMUgetData.o
                0x000000000800470c                taskIMUgetData_constructor(taskIMUgetData_t*, unsigned long, unsigned long, unsigned long, unsigned long, ICM42688::icm42688*, unsigned long)
 .text._Z20taskIMUgetData_startP16taskIMUgetData_t
                0x0000000008004748       0x14 ./Core/Src/taskIMUgetData.o
                0x0000000008004748                taskIMUgetData_start(taskIMUgetData_t*)
 .text._Z21taskIMUgetData_updateP16taskIMUgetData_t
                0x000000000800475c       0x62 ./Core/Src/taskIMUgetData.o
                0x000000000800475c                taskIMUgetData_update(taskIMUgetData_t*)
 .text._ZL21make_imu_data_for_cni7IMUDataPh
                0x00000000080047be       0x46 ./Core/Src/taskIMUgetData.o
 .text._Z24taskWatchdog_constructorP14taskWatchdog_tmmmmP18IWDG_HandleTypeDef
                0x0000000008004804       0x5c ./Core/Src/taskWatchdog.o
                0x0000000008004804                taskWatchdog_constructor(taskWatchdog_t*, unsigned long, unsigned long, unsigned long, unsigned long, IWDG_HandleTypeDef*)
 .text._Z18taskWatchdog_startP14taskWatchdog_t
                0x0000000008004860       0x1a ./Core/Src/taskWatchdog.o
                0x0000000008004860                taskWatchdog_start(taskWatchdog_t*)
 .text._Z19taskWatchdog_updateP14taskWatchdog_t
                0x000000000800487a       0x1a ./Core/Src/taskWatchdog.o
                0x000000000800487a                taskWatchdog_update(taskWatchdog_t*)
 .text.MX_TIM5_Init
                0x0000000008004894       0x9c ./Core/Src/tim.o
                0x0000000008004894                MX_TIM5_Init
 .text.HAL_TIM_Base_MspInit
                0x0000000008004930       0x4c ./Core/Src/tim.o
                0x0000000008004930                HAL_TIM_Base_MspInit
 .text._ZL27timeTriggeredScheduler_tickP19__TIM_HandleTypeDef
                0x000000000800497c       0x24 ./Core/Src/timeTriggeredScheduler.o
 .text._Z34timeTriggeredScheduler_constructorP19__TIM_HandleTypeDefm
                0x00000000080049a0       0x54 ./Core/Src/timeTriggeredScheduler.o
                0x00000000080049a0                timeTriggeredScheduler_constructor(__TIM_HandleTypeDef*, unsigned long)
 .text._Z27timeTriggeredScheduler_initv
                0x00000000080049f4       0x30 ./Core/Src/timeTriggeredScheduler.o
                0x00000000080049f4                timeTriggeredScheduler_init()
 .text._Z28timeTriggeredScheduler_startv
                0x0000000008004a24       0x18 ./Core/Src/timeTriggeredScheduler.o
                0x0000000008004a24                timeTriggeredScheduler_start()
 .text._Z31timeTriggeredScheduler_dispatchv
                0x0000000008004a3c      0x138 ./Core/Src/timeTriggeredScheduler.o
                0x0000000008004a3c                timeTriggeredScheduler_dispatch()
 .text._Z31timeTriggeredScheduler_add_taskP19timeTriggeredTask_t
                0x0000000008004b74       0x50 ./Core/Src/timeTriggeredScheduler.o
                0x0000000008004b74                timeTriggeredScheduler_add_task(timeTriggeredTask_t*)
 .text._Z33taskTimeTriggeredSync_constructorP23taskTimeTriggeredSync_tmmmmmmm
                0x0000000008004bc4       0x40 ./Core/Src/timeTriggeredScheduler.o
                0x0000000008004bc4                taskTimeTriggeredSync_constructor(taskTimeTriggeredSync_t*, unsigned long, unsigned long, unsigned long, unsigned long, unsigned long, unsigned long, unsigned long)
 .text._Z28taskTimeTriggeredSync_updateP23taskTimeTriggeredSync_t
                0x0000000008004c04       0xb0 ./Core/Src/timeTriggeredScheduler.o
                0x0000000008004c04                taskTimeTriggeredSync_update(taskTimeTriggeredSync_t*)
 .text._Z29timeTriggeredTask_constructorP19timeTriggeredTask_tPFvPvEmmmm
                0x0000000008004cb4       0x3a ./Core/Src/timeTriggeredTask.o
                0x0000000008004cb4                timeTriggeredTask_constructor(timeTriggeredTask_t*, void (*)(void*), unsigned long, unsigned long, unsigned long, unsigned long)
 *fill*         0x0000000008004cee        0x2 
 .text.Reset_Handler
                0x0000000008004cf0       0x50 ./Core/Startup/startup_stm32f746zgtx.o
                0x0000000008004cf0                Reset_Handler
 .text.Default_Handler
                0x0000000008004d40        0x2 ./Core/Startup/startup_stm32f746zgtx.o
                0x0000000008004d40                RTC_Alarm_IRQHandler
                0x0000000008004d40                EXTI2_IRQHandler
                0x0000000008004d40                TIM8_CC_IRQHandler
                0x0000000008004d40                UART8_IRQHandler
                0x0000000008004d40                SPI4_IRQHandler
                0x0000000008004d40                TIM1_CC_IRQHandler
                0x0000000008004d40                DMA2_Stream5_IRQHandler
                0x0000000008004d40                DMA1_Stream5_IRQHandler
                0x0000000008004d40                PVD_IRQHandler
                0x0000000008004d40                TAMP_STAMP_IRQHandler
                0x0000000008004d40                CAN2_RX1_IRQHandler
                0x0000000008004d40                EXTI3_IRQHandler
                0x0000000008004d40                TIM8_TRG_COM_TIM14_IRQHandler
                0x0000000008004d40                TIM1_UP_TIM10_IRQHandler
                0x0000000008004d40                TIM8_UP_TIM13_IRQHandler
                0x0000000008004d40                I2C3_ER_IRQHandler
                0x0000000008004d40                EXTI0_IRQHandler
                0x0000000008004d40                I2C2_EV_IRQHandler
                0x0000000008004d40                DMA1_Stream2_IRQHandler
                0x0000000008004d40                FPU_IRQHandler
                0x0000000008004d40                OTG_HS_WKUP_IRQHandler
                0x0000000008004d40                LTDC_ER_IRQHandler
                0x0000000008004d40                CAN2_SCE_IRQHandler
                0x0000000008004d40                DMA2_Stream2_IRQHandler
                0x0000000008004d40                SPI1_IRQHandler
                0x0000000008004d40                TIM6_DAC_IRQHandler
                0x0000000008004d40                TIM1_BRK_TIM9_IRQHandler
                0x0000000008004d40                DCMI_IRQHandler
                0x0000000008004d40                CAN2_RX0_IRQHandler
                0x0000000008004d40                DMA2_Stream3_IRQHandler
                0x0000000008004d40                SAI2_IRQHandler
                0x0000000008004d40                USART6_IRQHandler
                0x0000000008004d40                USART3_IRQHandler
                0x0000000008004d40                CAN1_RX1_IRQHandler
                0x0000000008004d40                UART5_IRQHandler
                0x0000000008004d40                DMA2_Stream0_IRQHandler
                0x0000000008004d40                TIM4_IRQHandler
                0x0000000008004d40                QUADSPI_IRQHandler
                0x0000000008004d40                I2C1_EV_IRQHandler
                0x0000000008004d40                DMA1_Stream6_IRQHandler
                0x0000000008004d40                DMA1_Stream1_IRQHandler
                0x0000000008004d40                UART4_IRQHandler
                0x0000000008004d40                TIM3_IRQHandler
                0x0000000008004d40                RCC_IRQHandler
                0x0000000008004d40                TIM8_BRK_TIM12_IRQHandler
                0x0000000008004d40                Default_Handler
                0x0000000008004d40                CEC_IRQHandler
                0x0000000008004d40                EXTI15_10_IRQHandler
                0x0000000008004d40                ADC_IRQHandler
                0x0000000008004d40                DMA1_Stream7_IRQHandler
                0x0000000008004d40                SPI5_IRQHandler
                0x0000000008004d40                TIM7_IRQHandler
                0x0000000008004d40                SDMMC1_IRQHandler
                0x0000000008004d40                CAN2_TX_IRQHandler
                0x0000000008004d40                DMA2_Stream7_IRQHandler
                0x0000000008004d40                I2C3_EV_IRQHandler
                0x0000000008004d40                EXTI9_5_IRQHandler
                0x0000000008004d40                RTC_WKUP_IRQHandler
                0x0000000008004d40                LTDC_IRQHandler
                0x0000000008004d40                ETH_WKUP_IRQHandler
                0x0000000008004d40                SPDIF_RX_IRQHandler
                0x0000000008004d40                SPI2_IRQHandler
                0x0000000008004d40                OTG_HS_EP1_IN_IRQHandler
                0x0000000008004d40                DMA1_Stream0_IRQHandler
                0x0000000008004d40                CAN1_TX_IRQHandler
                0x0000000008004d40                EXTI4_IRQHandler
                0x0000000008004d40                RNG_IRQHandler
                0x0000000008004d40                ETH_IRQHandler
                0x0000000008004d40                OTG_HS_EP1_OUT_IRQHandler
                0x0000000008004d40                WWDG_IRQHandler
                0x0000000008004d40                SPI6_IRQHandler
                0x0000000008004d40                I2C4_EV_IRQHandler