Archive member included to satisfy reference by file (symbol)

/opt/st/stm32cubeide_1.14.0/plugins/com.st.stm32cube.ide.mcu.externaltools.gnu-tools-for-stm32.11.3.rel1.linux64_1.1.100.202309141235/tools/bin/../lib/gcc/arm-none-eabi/11.3.1/../../../../arm-none-eabi/lib/thumb/v7e-m+fp/hard/libstdc++_nano.a(del_ops.o)
                              ./Core/Src/icm42688.o (operator delete(void*, unsigned int))
/opt/st/stm32cubeide_1.14.0/plugins/com.st.stm32cube.ide.mcu.externaltools.gnu-tools-for-stm32.11.3.rel1.linux64_1.1.100.202309141235/tools/bin/../lib/gcc/arm-none-eabi/11.3.1/../../../../arm-none-eabi/lib/thumb/v7e-m+fp/hard/libstdc++_nano.a(new_op.o)
                              ./Core/Src/icm42688.o (operator new(unsigned int))
/opt/st/stm32cubeide_1.14.0/plugins/com.st.stm32cube.ide.mcu.externaltools.gnu-tools-for-stm32.11.3.rel1.linux64_1.1.100.202309141235/tools/bin/../lib/gcc/arm-none-eabi/11.3.1/../../../../arm-none-eabi/lib/thumb/v7e-m+fp/hard/libstdc++_nano.a(del_op.o)
                              /opt/st/stm32cubeide_1.14.0/plugins/com.st.stm32cube.ide.mcu.externaltools.gnu-tools-for-stm32.11.3.rel1.linux64_1.1.100.202309141235/tools/bin/../lib/gcc/arm-none-eabi/11.3.1/../../../../arm-none-eabi/lib/thumb/v7e-m+fp/hard/libstdc++_nano.a(del_ops.o) (operator delete(void*))
/opt/st/stm32cubeide_1.14.0/plugins/com.st.stm32cube.ide.mcu.externaltools.gnu-tools-for-stm32.11.3.rel1.linux64_1.1.100.202309141235/tools/bin/../lib/gcc/arm-none-eabi/11.3.1/../../../../arm-none-eabi/lib/thumb/v7e-m+fp/hard/libstdc++_nano.a(new_handler.o)
                              /opt/st/stm32cubeide_1.14.0/plugins/com.st.stm32cube.ide.mcu.externaltools.gnu-tools-for-stm32.11.3.rel1.linux64_1.1.100.202309141235/tools/bin/../lib/gcc/arm-none-eabi/11.3.1/../../../../arm-none-eabi/lib/thumb/v7e-m+fp/hard/libstdc++_nano.a(new_op.o) (std::get_new_handler())
/opt/st/stm32cubeide_1.14.0/plugins/com.st.stm32cube.ide.mcu.externaltools.gnu-tools-for-stm32.11.3.rel1.linux64_1.1.100.202309141235/tools/bin/../lib/gcc/arm-none-eabi/11.3.1/../../../../arm-none-eabi/lib/thumb/v7e-m+fp/hard/libm.a(libm_a-w_atan2.o)
                              ./Core/Src/attitudeEstimator.o (atan2)
/opt/st/stm32cubeide_1.14.0/plugins/com.st.stm32cube.ide.mcu.externaltools.gnu-tools-for-stm32.11.3.rel1.linux64_1.1.100.202309141235/tools/bin/../lib/gcc/arm-none-eabi/11.3.1/../../../../arm-none-eabi/lib/thumb/v7e-m+fp/hard/libm.a(libm_a-e_atan2.o)
                              /opt/st/stm32cubeide_1.14.0/plugins/com.st.stm32cube.ide.mcu.externaltools.gnu-tools-for-stm32.11.3.rel1.linux64_1.1.100.202309141235/tools/bin/../lib/gcc/arm-none-eabi/11.3.1/../../../../arm-none-eabi/lib/thumb/v7e-m+fp/hard/libm.a(libm_a-w_atan2.o) (__ieee754_atan2)
/opt/st/stm32cubeide_1.14.0/plugins/com.st.stm32cube.ide.mcu.externaltools.gnu-tools-for-stm32.11.3.rel1.linux64_1.1.100.202309141235/tools/bin/../lib/gcc/arm-none-eabi/11.3.1/../../../../arm-none-eabi/lib/thumb/v7e-m+fp/hard/libm.a(libm_a-s_atan.o)
                              /opt/st/stm32cubeide_1.14.0/plugins/com.st.stm32cube.ide.mcu.externaltools.gnu-tools-for-stm32.11.3.rel1.linux64_1.1.100.202309141235/tools/bin/../lib/gcc/arm-none-eabi/11.3.1/../../../../arm-none-eabi/lib/thumb/v7e-m+fp/hard/libm.a(libm_a-e_atan2.o) (atan)
/opt/st/stm32cubeide_1.14.0/plugins/com.st.stm32cube.ide.mcu.externaltools.gnu-tools-for-stm32.11.3.rel1.linux64_1.1.100.202309141235/tools/bin/../lib/gcc/arm-none-eabi/11.3.1/../../../../arm-none-eabi/lib/thumb/v7e-m+fp/hard/libm.a(libm_a-s_fabs.o)
                              /opt/st/stm32cubeide_1.14.0/plugins/com.st.stm32cube.ide.mcu.externaltools.gnu-tools-for-stm32.11.3.rel1.linux64_1.1.100.202309141235/tools/bin/../lib/gcc/arm-none-eabi/11.3.1/../../../../arm-none-eabi/lib/thumb/v7e-m+fp/hard/libm.a(libm_a-e_atan2.o) (fabs)
/opt/st/stm32cubeide_1.14.0/plugins/com.st.stm32cube.ide.mcu.externaltools.gnu-tools-for-stm32.11.3.rel1.linux64_1.1.100.202309141235/tools/bin/../lib/gcc/arm-none-eabi/11.3.1/../../../../arm-none-eabi/lib/thumb/v7e-m+fp/hard/libc_nano.a(libc_a-abort.o)
                              /opt/st/stm32cubeide_1.14.0/plugins/com.st.stm32cube.ide.mcu.externaltools.gnu-tools-for-stm32.11.3.rel1.linux64_1.1.100.202309141235/tools/bin/../lib/gcc/arm-none-eabi/11.3.1/../../../../arm-none-eabi/lib/thumb/v7e-m+fp/hard/libstdc++_nano.a(new_op.o) (abort)
/opt/st/stm32cubeide_1.14.0/plugins/com.st.stm32cube.ide.mcu.externaltools.gnu-tools-for-stm32.11.3.rel1.linux64_1.1.100.202309141235/tools/bin/../lib/gcc/arm-none-eabi/11.3.1/../../../../arm-none-eabi/lib/thumb/v7e-m+fp/hard/libc_nano.a(libc_a-exit.o)
                              /opt/st/stm32cubeide_1.14.0/plugins/com.st.stm32cube.ide.mcu.externaltools.gnu-tools-for-stm32.11.3.rel1.linux64_1.1.100.202309141235/tools/bin/../lib/gcc/arm-none-eabi/11.3.1/../../../../arm-none-eabi/lib/thumb/v7e-m+fp/hard/crt0.o (exit)
[...]
Memory Configuration

Name             Origin             Length             Attributes
RAM              0x0000000020000000 0x0000000000050000 xrw
FLASH            0x0000000008000000 0x0000000000100000 xr
*default*        0x0000000000000000 0xffffffffffffffff

Linker script and memory map

LOAD /opt/st/stm32cubeide_1.14.0/plugins/com.st.stm32cube.ide.mcu.externaltools.gnu-tools-for-stm32.11.3.rel1.linux64_1.1.100.202309141235/tools/bin/../lib/gcc/arm-none-eabi/11.3.1/thumb/v7e-m+fp/hard/crti.o
LOAD /opt/st/stm32cubeide_1.14.0/plugins/com.st.stm32cube.ide.mcu.externaltools.gnu-tools-for-stm32.11.3.rel1.linux64_1.1.100.202309141235/tools/bin/../lib/gcc/arm-none-eabi/11.3.1/thumb/v7e-m+fp/hard/crtbegin.o
LOAD /opt/st/stm32cubeide_1.14.0/plugins/com.st.stm32cube.ide.mcu.externaltools.gnu-tools-for-stm32.11.3.rel1.linux64_1.1.100.202309141235/tools/bin/../lib/gcc/arm-none-eabi/11.3.1/../../../../arm-none-eabi/lib/thumb/v7e-m+fp/hard/crt0.o
LOAD ./Core/Src/CNI.o
LOAD ./Core/Src/attitudeEstimator.o
LOAD ./Core/Src/can.o
LOAD ./Core/Src/faultInjectionIMU.o
LOAD ./Core/Src/gpio.o
LOAD ./Core/Src/gpio_STM32.o
LOAD ./Core/Src/i2c.o
LOAD ./Core/Src/icm42688.o
LOAD ./Core/Src/icm42688_utils.o
LOAD ./Core/Src/iwdg.o
LOAD ./Core/Src/main.o
LOAD ./Core/Src/modeFailSilent.o
LOAD ./Core/Src/modeNormal.o
LOAD ./Core/Src/myUtils.o
LOAD ./Core/Src/spi.o
LOAD ./Core/Src/stateMachine.o
LOAD ./Core/Src/stm32f7xx_hal_msp.o
LOAD ./Core/Src/stm32f7xx_it.o
LOAD ./Core/Src/syscalls.o
LOAD ./Core/Src/sysmem.o
LOAD ./Core/Src/system.o
LOAD ./Core/Src/system_stm32f7xx.o
LOAD ./Core/Src/taskCNIreceiveData.o
LOAD ./Core/Src/taskCNIsendData.o
LOAD ./Core/Src/taskCompareAttitude.o
LOAD ./Core/Src/taskEstimateAttitude.o
LOAD ./Core/Src/taskHeartbeat.o
LOAD ./Core/Src/taskIMUgetData.o
LOAD ./Core/Src/taskWatchdog.o
LOAD ./Core/Src/tim.o
LOAD ./Core/Src/timeTriggeredScheduler.o
LOAD ./Core/Src/timeTriggeredTask.o
LOAD ./Core/Startup/startup_stm32f746zgtx.o
LOAD ./Drivers/STM32F7xx_HAL_Driver/Src/stm32f7xx_hal.o
LOAD ./Drivers/STM32F7xx_HAL_Driver/Src/stm32f7xx_hal_can.o
LOAD ./Drivers/STM32F7xx_HAL_Driver/Src/stm32f7xx_hal_cortex.o
LOAD ./Drivers/STM32F7xx_HAL_Driver/Src/stm32f7xx_hal_dma.o
LOAD ./Drivers/STM32F7xx_HAL_Driver/Src/stm32f7xx_hal_dma_ex.o
LOAD ./Drivers/STM32F7xx_HAL_Driver/Src/stm32f7xx_hal_exti.o
LOAD ./Drivers/STM32F7xx_HAL_Driver/Src/stm32f7xx_hal_flash.o
LOAD ./Drivers/STM32F7xx_HAL_Driver/Src/stm32f7xx_hal_flash_ex.o
LOAD ./Drivers/STM32F7xx_HAL_Driver/Src/stm32f7xx_hal_gpio.o
LOAD ./Drivers/STM32F7xx_HAL_Driver/Src/stm32f7xx_hal_i2c.o
LOAD ./Drivers/STM32F7xx_HAL_Driver/Src/stm32f7xx_hal_i2c_ex.o
LOAD ./Drivers/STM32F7xx_HAL_Driver/Src/stm32f7xx_hal_iwdg.o
LOAD ./Drivers/STM32F7xx_HAL_Driver/Src/stm32f7xx_hal_pwr.o
LOAD ./Drivers/STM32F7xx_HAL_Driver/Src/stm32f7xx_hal_pwr_ex.o
LOAD ./Drivers/STM32F7xx_HAL_Driver/Src/stm32f7xx_hal_rcc.o
LOAD ./Drivers/STM32F7xx_HAL_Driver/Src/stm32f7xx_hal_rcc_ex.o
LOAD ./Drivers/STM32F7xx_HAL_Driver/Src/stm32f7xx_hal_spi.o
LOAD ./Drivers/STM32F7xx_HAL_Driver/Src/stm32f7xx_hal_spi_ex.o
LOAD ./Drivers/STM32F7xx_HAL_Driver/Src/stm32f7xx_hal_tim.o
LOAD ./Drivers/STM32F7xx_HAL_Driver/Src/stm32f7xx_hal_tim_ex.o
START GROUP
LOAD /opt/st/stm32cubeide_1.14.0/plugins/com.st.stm32cube.ide.mcu.externaltools.gnu-tools-for-stm32.11.3.rel1.linux64_1.1.100.202309141235/tools/bin/../lib/gcc/arm-none-eabi/11.3.1/../../../../arm-none-eabi/lib/thumb/v7e-m+fp/hard/libstdc++_nano.a
LOAD /opt/st/stm32cubeide_1.14.0/plugins/com.st.stm32cube.ide.mcu.externaltools.gnu-tools-for-stm32.11.3.rel1.linux64_1.1.100.202309141235/tools/bin/../lib/gcc/arm-none-eabi/11.3.1/../../../../arm-none-eabi/lib/thumb/v7e-m+fp/hard/libsupc++_nano.a
END GROUP
LOAD /opt/st/stm32cubeide_1.14.0/plugins/com.st.stm32cube.ide.mcu.externaltools.gnu-tools-for-stm32.11.3.rel1.linux64_1.1.100.202309141235/tools/bin/../lib/gcc/arm-none-eabi/11.3.1/../../../../arm-none-eabi/lib/thumb/v7e-m+fp/hard/libstdc++_nano.a
LOAD /opt/st/stm32cubeide_1.14.0/plugins/com.st.stm32cube.ide.mcu.externaltools.gnu-tools-for-stm32.11.3.rel1.linux64_1.1.100.202309141235/tools/bin/../lib/gcc/arm-none-eabi/11.3.1/../../../../arm-none-eabi/lib/thumb/v7e-m+fp/hard/libm.a
LOAD /opt/st/stm32cubeide_1.14.0/plugins/com.st.stm32cube.ide.mcu.externaltools.gnu-tools-for-stm32.11.3.rel1.linux64_1.1.100.202309141235/tools/bin/../lib/gcc/arm-none-eabi/11.3.1/../../../../arm-none-eabi/lib/thumb/v7e-m+fp/hard/libc_nano.a
START GROUP
LOAD /opt/st/stm32cubeide_1.14.0/plugins/com.st.stm32cube.ide.mcu.externaltools.gnu-tools-for-stm32.11.3.rel1.linux64_1.1.100.202309141235/tools/bin/../lib/gcc/arm-none-eabi/11.3.1/thumb/v7e-m+fp/hard/libgcc.a
LOAD /opt/st/stm32cubeide_1.14.0/plugins/com.st.stm32cube.ide.mcu.externaltools.gnu-tools-for-stm32.11.3.rel1.linux64_1.1.100.202309141235/tools/bin/../lib/gcc/arm-none-eabi/11.3.1/../../../../arm-none-eabi/lib/thumb/v7e-m+fp/hard/libc_nano.a
END GROUP
START GROUP
LOAD /opt/st/stm32cubeide_1.14.0/plugins/com.st.stm32cube.ide.mcu.externaltools.gnu-tools-for-stm32.11.3.rel1.linux64_1.1.100.202309141235/tools/bin/../lib/gcc/arm-none-eabi/11.3.1/thumb/v7e-m+fp/hard/libgcc.a
LOAD /opt/st/stm32cubeide_1.14.0/plugins/com.st.stm32cube.ide.mcu.externaltools.gnu-tools-for-stm32.11.3.rel1.linux64_1.1.100.202309141235/tools/bin/../lib/gcc/arm-none-eabi/11.3.1/../../../../arm-none-eabi/lib/thumb/v7e-m+fp/hard/libc_nano.a
LOAD /opt/st/stm32cubeide_1.14.0/plugins/com.st.stm32cube.ide.mcu.externaltools.gnu-tools-for-stm32.11.3.rel1.linux64_1.1.100.202309141235/tools/bin/../lib/gcc/arm-none-eabi/11.3.1/../../../../arm-none-eabi/lib/thumb/v7e-m+fp/hard/libnosys.a
END GROUP
START GROUP
LOAD /opt/st/stm32cubeide_1.14.0/plugins/com.st.stm32cube.ide.mcu.externaltools.gnu-tools-for-stm32.11.3.rel1.linux64_1.1.100.202309141235/tools/bin/../lib/gcc/arm-none-eabi/11.3.1/thumb/v7e-m+fp/hard/libgcc.a
LOAD /opt/st/stm32cubeide_1.14.0/plugins/com.st.stm32cube.ide.mcu.externaltools.gnu-tools-for-stm32.11.3.rel1.linux64_1.1.100.202309141235/tools/bin/../lib/gcc/arm-none-eabi/11.3.1/../../../../arm-none-eabi/lib/thumb/v7e-m+fp/hard/libc_nano.a
LOAD /opt/st/stm32cubeide_1.14.0/plugins/com.st.stm32cube.ide.mcu.externaltools.gnu-tools-for-stm32.11.3.rel1.linux64_1.1.100.202309141235/tools/bin/../lib/gcc/arm-none-eabi/11.3.1/../../../../arm-none-eabi/lib/thumb/v7e-m+fp/hard/libnosys.a
END GROUP
LOAD /opt/st/stm32cubeide_1.14.0/plugins/com.st.stm32cube.ide.mcu.externaltools.gnu-tools-for-stm32.11.3.rel1.linux64_1.1.100.202309141235/tools/bin/../lib/gcc/arm-none-eabi/11.3.1/thumb/v7e-m+fp/hard/crtend.o
LOAD /opt/st/stm32cubeide_1.14.0/plugins/com.st.stm32cube.ide.mcu.externaltools.gnu-tools-for-stm32.11.3.rel1.linux64_1.1.100.202309141235/tools/bin/../lib/gcc/arm-none-eabi/11.3.1/thumb/v7e-m+fp/hard/crtn.o
                0x0000000020050000                _estack = (ORIGIN (RAM) + LENGTH (RAM))
                0x0000000000000200                _Min_Heap_Size = 0x200
                0x0000000000000400                _Min_Stack_Size = 0x400

.isr_vector     0x0000000008000000      0x1c8
                0x0000000008000000                . = ALIGN (0x4)
 *(.isr_vector)
 .isr_vector    0x0000000008000000      0x1c8 ./Core/Startup/startup_stm32f746zgtx.o
                0x0000000008000000                g_pfnVectors
                0x00000000080001c8                . = ALIGN (0x4)

.text           0x00000000080001c8     0xa8a4
                0x00000000080001c8                . = ALIGN (0x4)
 *(.text)
 .text          0x00000000080001c8       0x40 /opt/st/stm32cubeide_1.14.0/plugins/com.st.stm32cube.ide.mcu.externaltools.gnu-tools-for-stm32.11.3.rel1.linux64_1.1.100.202309141235/tools/bin/../lib/gcc/arm-none-eabi/11.3.1/thumb/v7e-m+fp/hard/crtbegin.o
 .text          0x0000000008000208      0x378 /opt/st/stm32cubeide_1.14.0/plugins/com.st.stm32cube.ide.mcu.externaltools.gnu-tools-for-stm32.11.3.rel1.linux64_1.1.100.202309141235/tools/bin/../lib/gcc/arm-none-eabi/11.3.1/thumb/v7e-m+fp/hard/libgcc.a(_arm_addsubdf3.o)
                0x0000000008000208                __aeabi_drsub
                0x0000000008000210                __aeabi_dsub
                0x0000000008000210                __subdf3
                0x0000000008000214                __adddf3
                0x0000000008000214                __aeabi_dadd
                0x000000000800048c                __aeabi_ui2d
                0x000000000800048c                __floatunsidf
                0x00000000080004ac                __floatsidf
                0x00000000080004ac                __aeabi_i2d
                0x00000000080004d0                __extendsfdf2
                0x00000000080004d0                __aeabi_f2d
                0x0000000008000514                __aeabi_ul2d
                0x0000000008000514                __floatundidf
                0x0000000008000524                __floatdidf
                0x0000000008000524                __aeabi_l2d
 .text          0x0000000008000580      0x424 /opt/st/stm32cubeide_1.14.0/plugins/com.st.stm32cube.ide.mcu.externaltools.gnu-tools-for-stm32.11.3.rel1.linux64_1.1.100.202309141235/tools/bin/../lib/gcc/arm-none-eabi/11.3.1/thumb/v7e-m+fp/hard/libgcc.a(_arm_muldivdf3.o)
                0x0000000008000580                __aeabi_dmul
                0x0000000008000580                __muldf3
                0x00000000080007d4                __aeabi_ddiv
                0x00000000080007d4                __divdf3
 .text          0x00000000080009a4      0x110 /opt/st/stm32cubeide_1.14.0/plugins/com.st.stm32cube.ide.mcu.externaltools.gnu-tools-for-stm32.11.3.rel1.linux64_1.1.100.202309141235/tools/bin/../lib/gcc/arm-none-eabi/11.3.1/thumb/v7e-m+fp/hard/libgcc.a(_arm_cmpdf2.o)
                0x00000000080009a4                __gtdf2
                0x00000000080009a4                __gedf2
                0x00000000080009ac                __ltdf2
                0x00000000080009ac                __ledf2
                0x00000000080009b4                __cmpdf2
                0x00000000080009b4                __eqdf2
                0x00000000080009b4                __nedf2
                0x0000000008000a30                __aeabi_cdrcmple
                0x0000000008000a40                __aeabi_cdcmple
                0x0000000008000a40                __aeabi_cdcmpeq
                0x0000000008000a50                __aeabi_dcmpeq
                0x0000000008000a64                __aeabi_dcmplt
                0x0000000008000a78                __aeabi_dcmple
                0x0000000008000a8c                __aeabi_dcmpge
                0x0000000008000aa0                __aeabi_dcmpgt
 .text          0x0000000008000ab4       0xa0 /opt/st/stm32cubeide_1.14.0/plugins/com.st.stm32cube.ide.mcu.externaltools.gnu-tools-for-stm32.11.3.rel1.linux64_1.1.100.202309141235/tools/bin/../lib/gcc/arm-none-eabi/11.3.1/thumb/v7e-m+fp/hard/libgcc.a(_arm_truncdfsf2.o)
                0x0000000008000ab4                __aeabi_d2f
                0x0000000008000ab4                __truncdfsf2
 .text          0x0000000008000b54       0x30 /opt/st/stm32cubeide_1.14.0/plugins/com.st.stm32cube.ide.mcu.externaltools.gnu-tools-for-stm32.11.3.rel1.linux64_1.1.100.202309141235/tools/bin/../lib/gcc/arm-none-eabi/11.3.1/thumb/v7e-m+fp/hard/libgcc.a(_aeabi_uldivmod.o)
                0x0000000008000b54                __aeabi_uldivmod
 .text          0x0000000008000b84      0x2c8 /opt/st/stm32cubeide_1.14.0/plugins/com.st.stm32cube.ide.mcu.externaltools.gnu-tools-for-stm32.11.3.rel1.linux64_1.1.100.202309141235/tools/bin/../lib/gcc/arm-none-eabi/11.3.1/thumb/v7e-m+fp/hard/libgcc.a(_udivmoddi4.o)
                0x0000000008000b84                __udivmoddi4
 .text          0x0000000008000e4c        0x4 /opt/st/stm32cubeide_1.14.0/plugins/com.st.stm32cube.ide.mcu.externaltools.gnu-tools-for-stm32.11.3.rel1.linux64_1.1.100.202309141235/tools/bin/../lib/gcc/arm-none-eabi/11.3.1/thumb/v7e-m+fp/hard/libgcc.a(_dvmd_tls.o)
                0x0000000008000e4c                __aeabi_ldiv0
                0x0000000008000e4c                __aeabi_idiv0
 *(.text*)
 .text._Z15CNI_constructorP19__CAN_HandleTypeDef
                0x0000000008000e50       0x38 ./Core/Src/CNI.o
                0x0000000008000e50                CNI_constructor(__CAN_HandleTypeDef*)
 .text._Z8CNI_initv
                0x0000000008000e88       0x4c ./Core/Src/CNI.o
                0x0000000008000e88                CNI_init()
 .text._Z9CNI_startv
                0x0000000008000ed4       0x24 ./Core/Src/CNI.o
                0x0000000008000ed4                CNI_start()
 .text._Z12CNI_send_msgm
                0x0000000008000ef8      0x124 ./Core/Src/CNI.o
                0x0000000008000ef8                CNI_send_msg(unsigned long)
 .text._Z15CNI_receive_msgmm
                0x000000000800101c      0x178 ./Core/Src/CNI.o
                0x000000000800101c                CNI_receive_msg(unsigned long, unsigned long)
 .text._Z22CNI_update_msg_contentmPhm
                0x0000000008001194      0x138 ./Core/Src/CNI.o
                0x0000000008001194                CNI_update_msg_content(unsigned long, unsigned char*, unsigned long)
 .text._Z19CNI_get_msg_contentmPhmPm
                0x00000000080012cc       0xf4 ./Core/Src/CNI.o
                0x00000000080012cc                CNI_get_msg_content(unsigned long, unsigned char*, unsigned long, unsigned long*)
 .text._Z29attitudeEstimator_constructorff
                0x00000000080013c0       0x6c ./Core/Src/attitudeEstimator.o
                0x00000000080013c0                attitudeEstimator_constructor(float, float)
 .text._Z30attitudeEstimator_set_imu_data7IMUData
                0x000000000800142c       0xb4 ./Core/Src/attitudeEstimator.o
                0x000000000800142c                attitudeEstimator_set_imu_data(IMUData)
 .text._Z24attitudeEstimator_updatev
                0x00000000080014e0      0x178 ./Core/Src/attitudeEstimator.o
                0x00000000080014e0                attitudeEstimator_update()
 .text._Z27attitudeEstimator_read_dataP14attitudeData_t
                0x0000000008001658       0x28 ./Core/Src/attitudeEstimator.o
                0x0000000008001658                attitudeEstimator_read_data(attitudeData_t*)
 .text.MX_CAN1_Init
                0x0000000008001680       0x70 ./Core/Src/can.o
                0x0000000008001680                MX_CAN1_Init
 .text.MX_CAN2_Init
                0x00000000080016f0       0x70 ./Core/Src/can.o
                0x00000000080016f0                MX_CAN2_Init
 .text.HAL_CAN_MspInit
                0x0000000008001760      0x138 ./Core/Src/can.o
                0x0000000008001760                HAL_CAN_MspInit
 .text._ZNSt26linear_congruential_engineIjLj16807ELj0ELj2147483647EEC2Ev
                0x0000000008001898       0x1a ./Core/Src/faultInjectionIMU.o
                0x0000000008001898                std::linear_congruential_engine<unsigned int, 16807u, 0u, 2147483647u>::linear_congruential_engine()
                0x0000000008001898                std::linear_congruential_engine<unsigned int, 16807u, 0u, 2147483647u>::linear_congruential_engine()
 .text._ZNSt24uniform_int_distributionImEC2Emm
                0x00000000080018b2       0x22 ./Core/Src/faultInjectionIMU.o
                0x00000000080018b2                std::uniform_int_distribution<unsigned long>::uniform_int_distribution(unsigned long, unsigned long)
                0x00000000080018b2                std::uniform_int_distribution<unsigned long>::uniform_int_distribution(unsigned long, unsigned long)
 .text._ZNSt24uniform_int_distributionIlEC2Ell
                0x00000000080018d4       0x22 ./Core/Src/faultInjectionIMU.o
                0x00000000080018d4                std::uniform_int_distribution<long>::uniform_int_distribution(long, long)
                0x00000000080018d4                std::uniform_int_distribution<long>::uniform_int_distribution(long, long)
 .text._ZNSt26linear_congruential_engineIjLj16807ELj0ELj2147483647EEC2Ej
                0x00000000080018f6       0x1c ./Core/Src/faultInjectionIMU.o
                0x00000000080018f6                std::linear_congruential_engine<unsigned int, 16807u, 0u, 2147483647u>::linear_congruential_engine(unsigned int)
                0x00000000080018f6                std::linear_congruential_engine<unsigned int, 16807u, 0u, 2147483647u>::linear_congruential_engine(unsigned int)
 .text._ZNSt24uniform_int_distributionImE10param_typeC2Emm
                0x0000000008001912       0x26 ./Core/Src/faultInjectionIMU.o
                0x0000000008001912                std::uniform_int_distribution<unsigned long>::param_type::param_type(unsigned long, unsigned long)
                0x0000000008001912                std::uniform_int_distribution<unsigned long>::param_type::param_type(unsigned long, unsigned long)
 .text._ZNSt24uniform_int_distributionIlE10param_typeC2Ell
                0x0000000008001938       0x26 ./Core/Src/faultInjectionIMU.o
                0x0000000008001938                std::uniform_int_distribution<long>::param_type::param_type(long, long)
                0x0000000008001938                std::uniform_int_distribution<long>::param_type::param_type(long, long)
 .text._ZNSt26linear_congruential_engineIjLj16807ELj0ELj2147483647EE4seedEj
                0x000000000800195e       0x48 ./Core/Src/faultInjectionIMU.o
                0x000000000800195e                std::linear_congruential_engine<unsigned int, 16807u, 0u, 2147483647u>::seed(unsigned int)
 .text._ZNSt8__detail5__modIjLj2147483647ELj1ELj0EEET_S1_
                0x00000000080019a6       0x1e ./Core/Src/faultInjectionIMU.o
                0x00000000080019a6                unsigned int std::__detail::__mod<unsigned int, 2147483647u, 1u, 0u>(unsigned int)
 .text._ZNSt8__detail4_ModIjLj2147483647ELj1ELj0ELb1ELb1EE6__calcEj
                0x00000000080019c4       0x34 ./Core/Src/faultInjectionIMU.o
                0x00000000080019c4                std::__detail::_Mod<unsigned int, 2147483647u, 1u, 0u, true, true>::__calc(unsigned int)
 .text._Z41__static_initialization_and_destruction_0ii
                0x00000000080019f8       0x4c ./Core/Src/faultInjectionIMU.o
 .text._GLOBAL__sub_I__Z32faultInjectorIMUbias_constructorP22faultInjectorIMUbias_tm
                0x0000000008001a44       0x10 ./Core/Src/faultInjectionIMU.o
 .text.MX_GPIO_Init
                0x0000000008001a54      0x150 ./Core/Src/gpio.o
                0x0000000008001a54                MX_GPIO_Init
 .text._ZN5STM324gpioC2EP12GPIO_TypeDeft
                0x0000000008001ba4       0x2c ./Core/Src/gpio_STM32.o
                0x0000000008001ba4                STM32::gpio::gpio(GPIO_TypeDef*, unsigned short)
                0x0000000008001ba4                STM32::gpio::gpio(GPIO_TypeDef*, unsigned short)
 .text._ZN5STM324gpio6toggleEv
                0x0000000008001bd0       0x20 ./Core/Src/gpio_STM32.o
                0x0000000008001bd0                STM32::gpio::toggle()
 .text._ZN5STM324gpio5writeE7GPIO_ST
                0x0000000008001bf0       0x2c ./Core/Src/gpio_STM32.o
                0x0000000008001bf0                STM32::gpio::write(GPIO_ST)
 .text._ZN5STM324gpio22map_hal_st_to_igpio_stE7GPIO_ST
                0x0000000008001c1c       0x20 ./Core/Src/gpio_STM32.o
                0x0000000008001c1c                STM32::gpio::map_hal_st_to_igpio_st(GPIO_ST)
 .text._ZNSt14_Function_baseC2Ev
                0x0000000008001c3c       0x26 ./Core/Src/gpio_STM32.o
                0x0000000008001c3c                std::_Function_base::_Function_base()
                0x0000000008001c3c                std::_Function_base::_Function_base()
 .text._ZNSt8functionIFvvEEC2Ev
                0x0000000008001c62       0x2c ./Core/Src/gpio_STM32.o
                0x0000000008001c62                std::function<void ()>::function()
                0x0000000008001c62                std::function<void ()>::function()
 *fill*         0x0000000008001c8e        0x2 
 .text.MX_I2C4_Init
                0x0000000008001c90       0x80 ./Core/Src/i2c.o
                0x0000000008001c90                MX_I2C4_Init
 .text.HAL_I2C_MspInit
                0x0000000008001d10       0xc0 ./Core/Src/i2c.o
                0x0000000008001d10                HAL_I2C_MspInit
 .text._ZNSt9_Any_data9_M_accessEv
                0x0000000008001dd0       0x16 ./Core/Src/icm42688.o
                0x0000000008001dd0                std::_Any_data::_M_access()
 .text._ZNKSt9_Any_data9_M_accessEv
                0x0000000008001de6       0x16 ./Core/Src/icm42688.o
                0x0000000008001de6                std::_Any_data::_M_access() const
 .text._ZNSt14_Function_baseD2Ev
                0x0000000008001dfc       0x26 ./Core/Src/icm42688.o
                0x0000000008001dfc                std::_Function_base::~_Function_base()
                0x0000000008001dfc                std::_Function_base::~_Function_base()
 .text._ZN9iPHandler4lockEv
                0x0000000008001e22       0x28 ./Core/Src/icm42688.o
                0x0000000008001e22                iPHandler::lock()
 .text._ZN9iPHandler6unlockEv
                0x0000000008001e4a       0x2e ./Core/Src/icm42688.o
                0x0000000008001e4a                iPHandler::unlock()
 .text._ZN8ICM426888GYRO_CNFlsENS0_3ODREh
                0x0000000008001e78       0x24 ./Core/Src/icm42688.o
                0x0000000008001e78                ICM42688::GYRO_CNF::operator<<(ICM42688::GYRO_CNF::ODR, unsigned char)
 .text._ZN8ICM426888GYRO_CNFlsENS0_3FSREh
                0x0000000008001e9c       0x24 ./Core/Src/icm42688.o
                0x0000000008001e9c                ICM42688::GYRO_CNF::operator<<(ICM42688::GYRO_CNF::FSR, unsigned char)
 .text._ZN8ICM426889ACCEL_CNFlsENS0_3ODREh
                0x0000000008001ec0       0x24 ./Core/Src/icm42688.o
                0x0000000008001ec0                ICM42688::ACCEL_CNF::operator<<(ICM42688::ACCEL_CNF::ODR, unsigned char)
 .text._ZN8ICM426889ACCEL_CNFlsENS0_3FSREh
                0x0000000008001ee4       0x24 ./Core/Src/icm42688.o
                0x0000000008001ee4                ICM42688::ACCEL_CNF::operator<<(ICM42688::ACCEL_CNF::FSR, unsigned char)
 .text._ZN8ICM4268811FIFO_CONFIG13SET_FIFO_MODEENS_9FIFO_MODEE
                0x0000000008001f08       0x1c ./Core/Src/icm42688.o
                0x0000000008001f08                ICM42688::FIFO_CONFIG::SET_FIFO_MODE(ICM42688::FIFO_MODE)
 .text._ZN8ICM4268812GYRO_CONFIG07SET_FSREhNS_8GYRO_CNF3FSRE
                0x0000000008001f24       0x2c ./Core/Src/icm42688.o
                0x0000000008001f24                ICM42688::GYRO_CONFIG0::SET_FSR(unsigned char, ICM42688::GYRO_CNF::FSR)
 .text._ZN8ICM4268812GYRO_CONFIG07SET_ODREhNS_8GYRO_CNF3ODRE
                0x0000000008001f50       0x2c ./Core/Src/icm42688.o
                0x0000000008001f50                ICM42688::GYRO_CONFIG0::SET_ODR(unsigned char, ICM42688::GYRO_CNF::ODR)
 .text._ZN8ICM4268813ACCEL_CONFIG07SET_FSREhNS_9ACCEL_CNF3FSRE
                0x0000000008001f7c       0x2c ./Core/Src/icm42688.o
                0x0000000008001f7c                ICM42688::ACCEL_CONFIG0::SET_FSR(unsigned char, ICM42688::ACCEL_CNF::FSR)
 .text._ZN8ICM4268813ACCEL_CONFIG07SET_ODREhNS_9ACCEL_CNF3ODRE
                0x0000000008001fa8       0x2c ./Core/Src/icm42688.o
                0x0000000008001fa8                ICM42688::ACCEL_CONFIG0::SET_ODR(unsigned char, ICM42688::ACCEL_CNF::ODR)
 .text._ZN4iIMUC2Ev
                0x0000000008001fd4       0x20 ./Core/Src/icm42688.o
                0x0000000008001fd4                iIMU::iIMU()
                0x0000000008001fd4                iIMU::iIMU()
 .text._ZN8ICM426889RegistersC2Ev
                0x0000000008001ff4       0x40 ./Core/Src/icm42688.o
                0x0000000008001ff4                ICM42688::Registers::Registers()
                0x0000000008001ff4                ICM42688::Registers::Registers()
 .text._ZN8ICM426888icm42688C2ERNS_6ConfigEP9iPHandlerPN5STM324gpioEhS7_S7_
                0x0000000008002034       0xec ./Core/Src/icm42688.o
                0x0000000008002034                ICM42688::icm42688::icm42688(ICM42688::Config&, iPHandler*, STM32::gpio*, unsigned char, STM32::gpio*, STM32::gpio*)
                0x0000000008002034                ICM42688::icm42688::icm42688(ICM42688::Config&, iPHandler*, STM32::gpio*, unsigned char, STM32::gpio*, STM32::gpio*)
 .text._ZN8ICM426888icm42688C2ERNS_6ConfigEP9iPHandlerPN5STM324gpioE
                0x0000000008002120       0x3e ./Core/Src/icm42688.o
                0x0000000008002120                ICM42688::icm42688::icm42688(ICM42688::Config&, iPHandler*, STM32::gpio*)
                0x0000000008002120                ICM42688::icm42688::icm42688(ICM42688::Config&, iPHandler*, STM32::gpio*)
 .text._ZN11PHandlerOptC2Ev
                0x000000000800215e       0x34 ./Core/Src/icm42688.o
                0x000000000800215e                PHandlerOpt::PHandlerOpt()
                0x000000000800215e                PHandlerOpt::PHandlerOpt()
 .text._ZN8ICM426888icm4268817set_bank_registerENS_12bankRegisterE
                0x0000000008002192       0x92 ./Core/Src/icm42688.o
                0x0000000008002192                ICM42688::icm42688::set_bank_register(ICM42688::bankRegister)
 .text._ZN8ICM426888icm426889save_dataEv
                0x0000000008002224       0xe2 ./Core/Src/icm42688.o
                0x0000000008002224                ICM42688::icm42688::save_data()
 .text._ZN8ICM426888icm4268818save_data_callbackEv
                0x0000000008002306       0x2c ./Core/Src/icm42688.o
                0x0000000008002306                ICM42688::icm42688::save_data_callback()
 .text._ZN8ICM426888icm4268814save_fifo_dataEh
                0x0000000008002332       0x1a ./Core/Src/icm42688.o
                0x0000000008002332                ICM42688::icm42688::save_fifo_data(unsigned char)
 .text._ZN8ICM426888icm4268823save_fifo_data_callbackEv
                0x000000000800234c       0x14 ./Core/Src/icm42688.o
                0x000000000800234c                ICM42688::icm42688::save_fifo_data_callback()
 .text._ZN8ICM426888icm426889read_dataEP7IMUData
                0x0000000008002360       0x34 ./Core/Src/icm42688.o
                0x0000000008002360                ICM42688::icm42688::read_data(IMUData*)
 .text._ZN8ICM426888icm4268812set_gyro_odrEh
                0x0000000008002394       0xdc ./Core/Src/icm42688.o
                0x0000000008002394                ICM42688::icm42688::set_gyro_odr(unsigned char)
 .text._ZN8ICM426888icm4268812set_gyro_fsrEh
                0x0000000008002470       0xdc ./Core/Src/icm42688.o
                0x0000000008002470                ICM42688::icm42688::set_gyro_fsr(unsigned char)
 .text._ZN8ICM426888icm4268813set_accel_odrEh
                0x000000000800254c       0xdc ./Core/Src/icm42688.o
                0x000000000800254c                ICM42688::icm42688::set_accel_odr(unsigned char)
 .text._ZN8ICM426888icm4268813set_accel_fsrEh
                0x0000000008002628       0xdc ./Core/Src/icm42688.o
                0x0000000008002628                ICM42688::icm42688::set_accel_fsr(unsigned char)
 .text._ZN8ICM426888icm4268819get_accel_odr_valueEv
                0x0000000008002704       0x20 ./Core/Src/icm42688.o
                0x0000000008002704                ICM42688::icm42688::get_accel_odr_value()
 .text._ZN8ICM426888icm4268819get_accel_fsr_valueEv
                0x0000000008002724       0x20 ./Core/Src/icm42688.o
                0x0000000008002724                ICM42688::icm42688::get_accel_fsr_value()
 .text._ZN8ICM426888icm4268818get_gyro_odr_valueEv
                0x0000000008002744       0x20 ./Core/Src/icm42688.o
                0x0000000008002744                ICM42688::icm42688::get_gyro_odr_value()
 .text._ZN8ICM426888icm4268818get_gyro_fsr_valueEv
                0x0000000008002764       0x20 ./Core/Src/icm42688.o
                0x0000000008002764                ICM42688::icm42688::get_gyro_fsr_value()
 .text._ZN8ICM426888icm4268820get_accel_resolutionEv
                0x0000000008002784       0x2c ./Core/Src/icm42688.o
                0x0000000008002784                ICM42688::icm42688::get_accel_resolution()
 .text._ZN8ICM426888icm4268819get_gyro_resolutionEv
                0x00000000080027b0       0x2c ./Core/Src/icm42688.o
                0x00000000080027b0                ICM42688::icm42688::get_gyro_resolution()
 .text._ZN8ICM426888icm4268815convertGyroDataEhh
                0x00000000080027dc       0x50 ./Core/Src/icm42688.o
                0x00000000080027dc                ICM42688::icm42688::convertGyroData(unsigned char, unsigned char)
 .text._ZN8ICM426888icm4268816convertAccelDataEhh
                0x000000000800282c       0x50 ./Core/Src/icm42688.o
                0x000000000800282c                ICM42688::icm42688::convertAccelData(unsigned char, unsigned char)
 .text._ZN8ICM426888icm4268812write_configEv
                0x000000000800287c       0x6a ./Core/Src/icm42688.o
                0x000000000800287c                ICM42688::icm42688::write_config()
 .text._ZN8ICM426888icm4268823write_config_accel_gyroEv
                0x00000000080028e6      0x19a ./Core/Src/icm42688.o
                0x00000000080028e6                ICM42688::icm42688::write_config_accel_gyro()
 .text._ZN8ICM426888icm4268817write_config_FIFOEv
                0x0000000008002a80      0x1f0 ./Core/Src/icm42688.o
                0x0000000008002a80                ICM42688::icm42688::write_config_FIFO()
 .text._ZN8ICM426888icm4268816write_config_intEv
                0x0000000008002c70      0x344 ./Core/Src/icm42688.o
                0x0000000008002c70                ICM42688::icm42688::write_config_int()
 .text._ZN8ICM426888icm426886enableEv
                0x0000000008002fb4       0xac ./Core/Src/icm42688.o
                0x0000000008002fb4                ICM42688::icm42688::enable()
 .text._ZN8ICM426888icm426887disableEv
                0x0000000008003060      0x12c ./Core/Src/icm42688.o
                0x0000000008003060                ICM42688::icm42688::disable()
 .text._ZN8ICM426888icm426889load_dataEPh
                0x000000000800318c       0xf0 ./Core/Src/icm42688.o
                0x000000000800318c                ICM42688::icm42688::load_data(unsigned char*)
 .text._ZN8ICM426888icm4268827map_handler_ret_to_iIMU_retE12iPHANDLER_ST
                0x000000000800327c       0x48 ./Core/Src/icm42688.o
                0x000000000800327c                ICM42688::icm42688::map_handler_ret_to_iIMU_ret(iPHANDLER_ST)
 .text._ZN11circ_bufferI7IMUDataLm16EtEC2Ev
                0x00000000080032c4       0x3c ./Core/Src/icm42688.o
                0x00000000080032c4                circ_buffer<IMUData, 16ul, unsigned short>::circ_buffer()
                0x00000000080032c4                circ_buffer<IMUData, 16ul, unsigned short>::circ_buffer()
 .text._ZN11circ_bufferI7IMUDataLm16EtE4readEPS0_
                0x0000000008003300       0xa4 ./Core/Src/icm42688.o
                0x0000000008003300                circ_buffer<IMUData, 16ul, unsigned short>::read(IMUData*)
 .text._ZNSt5tupleIJN8ICM426888icm42688EEEC2EOS2_
                0x00000000080033a4       0x20 ./Core/Src/icm42688.o
                0x00000000080033a4                std::tuple<ICM42688::icm42688>::tuple(std::tuple<ICM42688::icm42688>&&)
                0x00000000080033a4                std::tuple<ICM42688::icm42688>::tuple(std::tuple<ICM42688::icm42688>&&)
 .text._ZNSt5_BindIFMN8ICM426888icm42688EF7iIMU_STvES1_EEC2EOS6_
                0x00000000080033c4       0x32 ./Core/Src/icm42688.o
                0x00000000080033c4                std::_Bind<iIMU_ST (ICM42688::icm42688::*(ICM42688::icm42688))()>::_Bind(std::_Bind<iIMU_ST (ICM42688::icm42688::*(ICM42688::icm42688))()>&&)
                0x00000000080033c4                std::_Bind<iIMU_ST (ICM42688::icm42688::*(ICM42688::icm42688))()>::_Bind(std::_Bind<iIMU_ST (ICM42688::icm42688::*(ICM42688::icm42688))()>&&)
 .text._ZSt4bindIMN8ICM426888icm42688EF7iIMU_STvEJRS1_EENSt12_Bind_helperIXsrSt5__or_IJSt11is_integralINSt5decayIT_E4typeEESt7is_enumISC_EEE5valueESA_JDpT0_EE4typeEOSA_DpOSH_
                0x00000000080033f6       0x2e ./Core/Src/icm42688.o
                0x00000000080033f6                std::_Bind_helper<std::__or_<std::is_integral<std::decay<iIMU_ST (ICM42688::icm42688::*)()>::type>, std::is_enum<std::decay<iIMU_ST (ICM42688::icm42688::*)()>::type> >::value, iIMU_ST (ICM42688::icm42688::*)(), ICM42688::icm42688&>::type std::bind<iIMU_ST (ICM42688::icm42688::*)(), ICM42688::icm42688&>(iIMU_ST (ICM42688::icm42688::*&&)(), ICM42688::icm42688&)
 .text._ZNSt8functionIFvvEED2Ev
                0x0000000008003424       0x1a ./Core/Src/icm42688.o
                0x0000000008003424                std::function<void ()>::~function()
                0x0000000008003424                std::function<void ()>::~function()
 .text._ZNSt8functionIFvvEEaSISt5_BindIFMN8ICM426888icm42688EF7iIMU_STvES5_EEEENSt9enable_ifIXsrNS1_9_CallableIT_NSB_IXntsrSt7is_sameINSt9remove_cvINSt16remove_referenceISD_E4typeEE4typeES1_E5valueESt5decayISD_EE4type4typeESt15__invoke_resultIRSQ_JEEEE5valueERS1_E4typeEOSD_
                0x000000000800343e       0x3e ./Core/Src/icm42688.o
                0x000000000800343e                std::enable_if<std::function<void ()>::_Callable<std::_Bind<iIMU_ST (ICM42688::icm42688::*(ICM42688::icm42688))()>, std::enable_if<!std::is_same<std::remove_cv<std::remove_reference<std::_Bind<iIMU_ST (ICM42688::icm42688::*(ICM42688::icm42688))()> >::type>::type, std::function<void ()> >::value, std::decay<std::_Bind<iIMU_ST (ICM42688::icm42688::*(ICM42688::icm42688))()> > >::type::type, std::__invoke_result<std::enable_if<!std::is_same<std::remove_cv<std::remove_reference<std::_Bind<iIMU_ST (ICM42688::icm42688::*(ICM42688::icm42688))()> >::type>::type, std::function<void ()> >::value, std::decay<std::_Bind<iIMU_ST (ICM42688::icm42688::*(ICM42688::icm42688))()> > >::type::type&> >::value, std::function<void ()>&>::type std::function<void ()>::operator=<std::_Bind<iIMU_ST (ICM42688::icm42688::*(ICM42688::icm42688))()> >(std::_Bind<iIMU_ST (ICM42688::icm42688::*(ICM42688::icm42688))()>&&)
 .text._ZN4iIMUC2EOS_
                0x000000000800347c       0x24 ./Core/Src/icm42688.o
                0x000000000800347c                iIMU::iIMU(iIMU&&)
                0x000000000800347c                iIMU::iIMU(iIMU&&)
 .text._ZN8ICM426888icm42688C2EOS0_
                0x00000000080034a0      0x134 ./Core/Src/icm42688.o
                0x00000000080034a0                ICM42688::icm42688::icm42688(ICM42688::icm42688&&)
                0x00000000080034a0                ICM42688::icm42688::icm42688(ICM42688::icm42688&&)
 .text._ZNSt10_Head_baseILj0EN8ICM426888icm42688ELb0EEC2EOS2_
                0x00000000080035d4       0x20 ./Core/Src/icm42688.o
                0x00000000080035d4                std::_Head_base<0u, ICM42688::icm42688, false>::_Head_base(std::_Head_base<0u, ICM42688::icm42688, false>&&)
                0x00000000080035d4                std::_Head_base<0u, ICM42688::icm42688, false>::_Head_base(std::_Head_base<0u, ICM42688::icm42688, false>&&)
 .text._ZNSt11_Tuple_implILj0EJN8ICM426888icm42688EtEEC2EOS2_
                0x00000000080035f4       0x30 ./Core/Src/icm42688.o
                0x00000000080035f4                std::_Tuple_impl<0u, ICM42688::icm42688, unsigned short>::_Tuple_impl(std::_Tuple_impl<0u, ICM42688::icm42688, unsigned short>&&)
                0x00000000080035f4                std::_Tuple_impl<0u, ICM42688::icm42688, unsigned short>::_Tuple_impl(std::_Tuple_impl<0u, ICM42688::icm42688, unsigned short>&&)
 .text._ZNSt5tupleIJN8ICM426888icm42688EtEEC2EOS2_
                0x0000000008003624       0x20 ./Core/Src/icm42688.o
                0x0000000008003624                std::tuple<ICM42688::icm42688, unsigned short>::tuple(std::tuple<ICM42688::icm42688, unsigned short>&&)
                0x0000000008003624                std::tuple<ICM42688::icm42688, unsigned short>::tuple(std::tuple<ICM42688::icm42688, unsigned short>&&)
 .text._ZNSt5_BindIFMN8ICM426888icm42688EF7iIMU_SThES1_tEEC2EOS6_
                0x0000000008003644       0x32 ./Core/Src/icm42688.o
                0x0000000008003644                std::_Bind<iIMU_ST (ICM42688::icm42688::*(ICM42688::icm42688, unsigned short))(unsigned char)>::_Bind(std::_Bind<iIMU_ST (ICM42688::icm42688::*(ICM42688::icm42688, unsigned short))(unsigned char)>&&)
                0x0000000008003644                std::_Bind<iIMU_ST (ICM42688::icm42688::*(ICM42688::icm42688, unsigned short))(unsigned char)>::_Bind(std::_Bind<iIMU_ST (ICM42688::icm42688::*(ICM42688::icm42688, unsigned short))(unsigned char)>&&)
 .text._ZSt4bindIMN8ICM426888icm42688EF7iIMU_SThEJRS1_RtEENSt12_Bind_helperIXsrSt5__or_IJSt11is_integralINSt5decayIT_E4typeEESt7is_enumISD_EEE5valueESB_JDpT0_EE4typeEOSB_DpOSI_
                0x0000000008003676       0x38 ./Core/Src/icm42688.o
                0x0000000008003676                std::_Bind_helper<std::__or_<std::is_integral<std::decay<iIMU_ST (ICM42688::icm42688::*)(unsigned char)>::type>, std::is_enum<std::decay<iIMU_ST (ICM42688::icm42688::*)(unsigned char)>::type> >::value, iIMU_ST (ICM42688::icm42688::*)(unsigned char), ICM42688::icm42688&, unsigned short&>::type std::bind<iIMU_ST (ICM42688::icm42688::*)(unsigned char), ICM42688::icm42688&, unsigned short&>(iIMU_ST (ICM42688::icm42688::*&&)(unsigned char), ICM42688::icm42688&, unsigned short&)
 .text._ZNSt8functionIFvvEEaSISt5_BindIFMN8ICM426888icm42688EF7iIMU_SThES5_tEEEENSt9enable_ifIXsrNS1_9_CallableIT_NSB_IXntsrSt7is_sameINSt9remove_cvINSt16remove_referenceISD_E4typeEE4typeES1_E5valueESt5decayISD_EE4type4typeESt15__invoke_resultIRSQ_JEEEE5valueERS1_E4typeEOSD_
                0x00000000080036ae       0x3e ./Core/Src/icm42688.o
                0x00000000080036ae                std::enable_if<std::function<void ()>::_Callable<std::_Bind<iIMU_ST (ICM42688::icm42688::*(ICM42688::icm42688, unsigned short))(unsigned char)>, std::enable_if<!std::is_same<std::remove_cv<std::remove_reference<std::_Bind<iIMU_ST (ICM42688::icm42688::*(ICM42688::icm42688, unsigned short))(unsigned char)> >::type>::type, std::function<void ()> >::value, std::decay<std::_Bind<iIMU_ST (ICM42688::icm42688::*(ICM42688::icm42688, unsigned short))(unsigned char)> > >::type::type, std::__invoke_result<std::enable_if<!std::is_same<std::remove_cv<std::remove_reference<std::_Bind<iIMU_ST (ICM42688::icm42688::*(ICM42688::icm42688, unsigned short))(unsigned char)> >::type>::type, std::function<void ()> >::value, std::decay<std::_Bind<iIMU_ST (ICM42688::icm42688::*(ICM42688::icm42688, unsigned short))(unsigned char)> > >::type::type&> >::value, std::function<void ()>&>::type std::function<void ()>::operator=<std::_Bind<iIMU_ST (ICM42688::icm42688::*(ICM42688::icm42688, unsigned short))(unsigned char)> >(std::_Bind<iIMU_ST (ICM42688::icm42688::*(ICM42688::icm42688, unsigned short))(unsigned char)>&&)
 .text._ZN11circ_bufferI7IMUDataLm16EtE5writeES0_
                0x00000000080036ec       0xca ./Core/Src/icm42688.o
                0x00000000080036ec                circ_buffer<IMUData, 16ul, unsigned short>::write(IMUData)
 .text._ZSt7forwardIMN8ICM426888icm42688EF7iIMU_STvEEOT_RNSt16remove_referenceIS5_E4typeE
                0x00000000080037b6       0x16 ./Core/Src/icm42688.o
                0x00000000080037b6                iIMU_ST (ICM42688::icm42688::*&&std::forward<iIMU_ST (ICM42688::icm42688::*)()>(std::remove_reference<iIMU_ST (ICM42688::icm42688::*)()>::type&))()
 .text._ZSt7forwardIRN8ICM426888icm42688EEOT_RNSt16remove_referenceIS3_E4typeE
                0x00000000080037cc       0x16 ./Core/Src/icm42688.o
                0x00000000080037cc                ICM42688::icm42688& std::forward<ICM42688::icm42688&>(std::remove_reference<ICM42688::icm42688&>::type&)
 .text._ZNSt5_BindIFMN8ICM426888icm42688EF7iIMU_STvES1_EEC2IJRS1_EEEOS4_DpOT_
                0x00000000080037e2       0x3e ./Core/Src/icm42688.o
                0x00000000080037e2                std::_Bind<iIMU_ST (ICM42688::icm42688::*(ICM42688::icm42688))()>::_Bind<ICM42688::icm42688&>(iIMU_ST (ICM42688::icm42688::*&&)(), ICM42688::icm42688&)
                0x00000000080037e2                std::_Bind<iIMU_ST (ICM42688::icm42688::*(ICM42688::icm42688))()>::_Bind<ICM42688::icm42688&>(iIMU_ST (ICM42688::icm42688::*&&)(), ICM42688::icm42688&)
 .text._ZNSt11_Tuple_implILj0EJN8ICM426888icm42688EEEC2EOS2_
                0x0000000008003820       0x20 ./Core/Src/icm42688.o
                0x0000000008003820                std::_Tuple_impl<0u, ICM42688::icm42688>::_Tuple_impl(std::_Tuple_impl<0u, ICM42688::icm42688>&&)
                0x0000000008003820                std::_Tuple_impl<0u, ICM42688::icm42688>::_Tuple_impl(std::_Tuple_impl<0u, ICM42688::icm42688>&&)
 .text._ZSt7forwardISt5_BindIFMN8ICM426888icm42688EF7iIMU_STvES2_EEEOT_RNSt16remove_referenceIS8_E4typeE
                0x0000000008003840       0x16 ./Core/Src/icm42688.o
                0x0000000008003840                std::_Bind<iIMU_ST (ICM42688::icm42688::*(ICM42688::icm42688))()>&& std::forward<std::_Bind<iIMU_ST (ICM42688::icm42688::*(ICM42688::icm42688))()> >(std::remove_reference<std::_Bind<iIMU_ST (ICM42688::icm42688::*(ICM42688::icm42688))()> >::type&)
 *fill*         0x0000000008003856        0x2 
 .text._ZNSt8functionIFvvEEC2ISt5_BindIFMN8ICM426888icm42688EF7iIMU_STvES5_EEvEEOT_
                0x0000000008003858       0x60 ./Core/Src/icm42688.o
                0x0000000008003858                std::function<void ()>::function<std::_Bind<iIMU_ST (ICM42688::icm42688::*(ICM42688::icm42688))()>, void>(std::_Bind<iIMU_ST (ICM42688::icm42688::*(ICM42688::icm42688))()>&&)
                0x0000000008003858                std::function<void ()>::function<std::_Bind<iIMU_ST (ICM42688::icm42688::*(ICM42688::icm42688))()>, void>(std::_Bind<iIMU_ST (ICM42688::icm42688::*(ICM42688::icm42688))()>&&)
 .text._ZNSt8functionIFvvEE4swapERS1_
                0x00000000080038b8       0x42 ./Core/Src/icm42688.o
                0x00000000080038b8                std::function<void ()>::swap(std::function<void ()>&)
 .text._ZSt7forwardIMN8ICM426888icm42688EF7iIMU_SThEEOT_RNSt16remove_referenceIS5_E4typeE
                0x00000000080038fa       0x16 ./Core/Src/icm42688.o
                0x00000000080038fa                iIMU_ST (ICM42688::icm42688::*&&std::forward<iIMU_ST (ICM42688::icm42688::*)(unsigned char)>(std::remove_reference<iIMU_ST (ICM42688::icm42688::*)(unsigned char)>::type&))(unsigned char)
 .text._ZSt7forwardIRtEOT_RNSt16remove_referenceIS1_E4typeE
                0x0000000008003910       0x16 ./Core/Src/icm42688.o
                0x0000000008003910                unsigned short& std::forward<unsigned short&>(std::remove_reference<unsigned short&>::type&)
 .text._ZNSt5_BindIFMN8ICM426888icm42688EF7iIMU_SThES1_tEEC2IJRS1_RtEEEOS4_DpOT_
                0x0000000008003926       0x4a ./Core/Src/icm42688.o
                0x0000000008003926                std::_Bind<iIMU_ST (ICM42688::icm42688::*(ICM42688::icm42688, unsigned short))(unsigned char)>::_Bind<ICM42688::icm42688&, unsigned short&>(iIMU_ST (ICM42688::icm42688::*&&)(unsigned char), ICM42688::icm42688&, unsigned short&)
                0x0000000008003926                std::_Bind<iIMU_ST (ICM42688::icm42688::*(ICM42688::icm42688, unsigned short))(unsigned char)>::_Bind<ICM42688::icm42688&, unsigned short&>(iIMU_ST (ICM42688::icm42688::*&&)(unsigned char), ICM42688::icm42688&, unsigned short&)
 .text._ZNSt11_Tuple_implILj1EJtEEC2EOS0_
                0x0000000008003970       0x20 ./Core/Src/icm42688.o
                0x0000000008003970                std::_Tuple_impl<1u, unsigned short>::_Tuple_impl(std::_Tuple_impl<1u, unsigned short>&&)
                0x0000000008003970                std::_Tuple_impl<1u, unsigned short>::_Tuple_impl(std::_Tuple_impl<1u, unsigned short>&&)
 .text._ZSt7forwardISt5_BindIFMN8ICM426888icm42688EF7iIMU_SThES2_tEEEOT_RNSt16remove_referenceIS8_E4typeE
                0x0000000008003990       0x16 ./Core/Src/icm42688.o
                0x0000000008003990                std::_Bind<iIMU_ST (ICM42688::icm42688::*(ICM42688::icm42688, unsigned short))(unsigned char)>&& std::forward<std::_Bind<iIMU_ST (ICM42688::icm42688::*(ICM42688::icm42688, unsigned short))(unsigned char)> >(std::remove_reference<std::_Bind<iIMU_ST (ICM42688::icm42688::*(ICM42688::icm42688, unsigned short))(unsigned char)> >::type&)
 *fill*         0x00000000080039a6        0x2 
 .text._ZNSt8functionIFvvEEC2ISt5_BindIFMN8ICM426888icm42688EF7iIMU_SThES5_tEEvEEOT_
                0x00000000080039a8       0x60 ./Core/Src/icm42688.o
                0x00000000080039a8                std::function<void ()>::function<std::_Bind<iIMU_ST (ICM42688::icm42688::*(ICM42688::icm42688, unsigned short))(unsigned char)>, void>(std::_Bind<iIMU_ST (ICM42688::icm42688::*(ICM42688::icm42688, unsigned short))(unsigned char)>&&)
                0x00000000080039a8                std::function<void ()>::function<std::_Bind<iIMU_ST (ICM42688::icm42688::*(ICM42688::icm42688, unsigned short))(unsigned char)>, void>(std::_Bind<iIMU_ST (ICM42688::icm42688::*(ICM42688::icm42688, unsigned short))(unsigned char)>&&)
 .text._ZSt4moveIRMN8ICM426888icm42688EF7iIMU_STvEEONSt16remove_referenceIT_E4typeEOS7_
                0x0000000008003a08       0x16 ./Core/Src/icm42688.o
                0x0000000008003a08                std::remove_reference<iIMU_ST (ICM42688::icm42688::*&)()>::type&& std::move<iIMU_ST (ICM42688::icm42688::*&)()>(iIMU_ST (ICM42688::icm42688::*&)())
 .text._ZNSt5tupleIJN8ICM426888icm42688EEEC2IJRS1_ELb1ELb1EEEDpOT_
                0x0000000008003a1e       0x26 ./Core/Src/icm42688.o
                0x0000000008003a1e                std::tuple<ICM42688::icm42688>::tuple<ICM42688::icm42688&, true, true>(ICM42688::icm42688&)
                0x0000000008003a1e                std::tuple<ICM42688::icm42688>::tuple<ICM42688::icm42688&, true, true>(ICM42688::icm42688&)
 .text._ZNSt14_Function_base13_Base_managerISt5_BindIFMN8ICM426888icm42688EF7iIMU_STvES3_EEE21_M_not_empty_functionIS8_EEbRKT_
                0x0000000008003a44       0x16 ./Core/Src/icm42688.o
                0x0000000008003a44                bool std::_Function_base::_Base_manager<std::_Bind<iIMU_ST (ICM42688::icm42688::*(ICM42688::icm42688))()> >::_M_not_empty_function<std::_Bind<iIMU_ST (ICM42688::icm42688::*(ICM42688::icm42688))()> >(std::_Bind<iIMU_ST (ICM42688::icm42688::*(ICM42688::icm42688))()> const&)
 .text._ZNSt14_Function_base13_Base_managerISt5_BindIFMN8ICM426888icm42688EF7iIMU_STvES3_EEE15_M_init_functorIS8_EEvRSt9_Any_dataOT_
                0x0000000008003a5a       0x24 ./Core/Src/icm42688.o
                0x0000000008003a5a                void std::_Function_base::_Base_manager<std::_Bind<iIMU_ST (ICM42688::icm42688::*(ICM42688::icm42688))()> >::_M_init_functor<std::_Bind<iIMU_ST (ICM42688::icm42688::*(ICM42688::icm42688))()> >(std::_Any_data&, std::_Bind<iIMU_ST (ICM42688::icm42688::*(ICM42688::icm42688))()>&&)
 .text._ZNSt17_Function_handlerIFvvESt5_BindIFMN8ICM426888icm42688EF7iIMU_STvES3_EEE9_M_invokeERKSt9_Any_data
                0x0000000008003a7e       0x1e ./Core/Src/icm42688.o
                0x0000000008003a7e                std::_Function_handler<void (), std::_Bind<iIMU_ST (ICM42688::icm42688::*(ICM42688::icm42688))()> >::_M_invoke(std::_Any_data const&)
 .text._ZNSt17_Function_handlerIFvvESt5_BindIFMN8ICM426888icm42688EF7iIMU_STvES3_EEE10_M_managerERSt9_Any_dataRKSA_St18_Manager_operation
                0x0000000008003a9c       0x3e ./Core/Src/icm42688.o
                0x0000000008003a9c                std::_Function_handler<void (), std::_Bind<iIMU_ST (ICM42688::icm42688::*(ICM42688::icm42688))()> >::_M_manager(std::_Any_data&, std::_Any_data const&, std::_Manager_operation)
 .text._ZSt4moveIRSt9_Any_dataEONSt16remove_referenceIT_E4typeEOS3_
                0x0000000008003ada       0x16 ./Core/Src/icm42688.o
                0x0000000008003ada                std::remove_reference<std::_Any_data&>::type&& std::move<std::_Any_data&>(std::_Any_data&)
 .text._ZSt4swapISt9_Any_dataENSt9enable_ifIXsrSt6__and_IJSt6__not_ISt15__is_tuple_likeIT_EESt21is_move_constructibleIS5_ESt18is_move_assignableIS5_EEE5valueEvE4typeERS5_SF_
                0x0000000008003af0       0x4e ./Core/Src/icm42688.o
                0x0000000008003af0                std::enable_if<std::__and_<std::__not_<std::__is_tuple_like<std::_Any_data> >, std::is_move_constructible<std::_Any_data>, std::is_move_assignable<std::_Any_data> >::value, void>::type std::swap<std::_Any_data>(std::_Any_data&, std::_Any_data&)
 .text._ZSt4moveIRPFbRSt9_Any_dataRKS0_St18_Manager_operationEEONSt16remove_referenceIT_E4typeEOS9_
                0x0000000008003b3e       0x16 ./Core/Src/icm42688.o
                0x0000000008003b3e                std::remove_reference<bool (*&)(std::_Any_data&, std::_Any_data const&, std::_Manager_operation)>::type&& std::move<bool (*&)(std::_Any_data&, std::_Any_data const&, std::_Manager_operation)>(bool (*&)(std::_Any_data&, std::_Any_data const&, std::_Manager_operation))
 .text._ZSt4swapIPFbRSt9_Any_dataRKS0_St18_Manager_operationEENSt9enable_ifIXsrSt6__and_IJSt6__not_ISt15__is_tuple_likeIT_EESt21is_move_constructibleISB_ESt18is_move_assignableISB_EEE5valueEvE4typeERSB_SL_
                0x0000000008003b54       0x3e ./Core/Src/icm42688.o
                0x0000000008003b54                std::enable_if<std::__and_<std::__not_<std::__is_tuple_like<bool (*)(std::_Any_data&, std::_Any_data const&, std::_Manager_operation)> >, std::is_move_constructible<bool (*)(std::_Any_data&, std::_Any_data const&, std::_Manager_operation)>, std::is_move_assignable<bool (*)(std::_Any_data&, std::_Any_data const&, std::_Manager_operation)> >::value, void>::type std::swap<bool (*)(std::_Any_data&, std::_Any_data const&, std::_Manager_operation)>(bool (*&)(std::_Any_data&, std::_Any_data const&, std::_Manager_operation), bool (*&)(std::_Any_data&, std::_Any_data const&, std::_Manager_operation))
 .text._ZSt4moveIRPFvRKSt9_Any_dataEEONSt16remove_referenceIT_E4typeEOS7_
                0x0000000008003b92       0x16 ./Core/Src/icm42688.o
                0x0000000008003b92                std::remove_reference<void (*&)(std::_Any_data const&)>::type&& std::move<void (*&)(std::_Any_data const&)>(void (*&)(std::_Any_data const&))
 .text._ZSt4swapIPFvRKSt9_Any_dataEENSt9enable_ifIXsrSt6__and_IJSt6__not_ISt15__is_tuple_likeIT_EESt21is_move_constructibleIS9_ESt18is_move_assignableIS9_EEE5valueEvE4typeERS9_SJ_
                0x0000000008003ba8       0x3e ./Core/Src/icm42688.o
                0x0000000008003ba8                std::enable_if<std::__and_<std::__not_<std::__is_tuple_like<void (*)(std::_Any_data const&)> >, std::is_move_constructible<void (*)(std::_Any_data const&)>, std::is_move_assignable<void (*)(std::_Any_data const&)> >::value, void>::type std::swap<void (*)(std::_Any_data const&)>(void (*&)(std::_Any_data const&), void (*&)(std::_Any_data const&))
 .text._ZSt4moveIRMN8ICM426888icm42688EF7iIMU_SThEEONSt16remove_referenceIT_E4typeEOS7_
                0x0000000008003be6       0x16 ./Core/Src/icm42688.o
                0x0000000008003be6                std::remove_reference<iIMU_ST (ICM42688::icm42688::*&)(unsigned char)>::type&& std::move<iIMU_ST (ICM42688::icm42688::*&)(unsigned char)>(iIMU_ST (ICM42688::icm42688::*&)(unsigned char))
 .text._ZNSt5tupleIJN8ICM426888icm42688EtEEC2IRS1_RtLb1EEEOT_OT0_
                0x0000000008003bfc       0x32 ./Core/Src/icm42688.o
                0x0000000008003bfc                std::tuple<ICM42688::icm42688, unsigned short>::tuple<ICM42688::icm42688&, unsigned short&, true>(ICM42688::icm42688&, unsigned short&)
                0x0000000008003bfc                std::tuple<ICM42688::icm42688, unsigned short>::tuple<ICM42688::icm42688&, unsigned short&, true>(ICM42688::icm42688&, unsigned short&)
 .text._ZNSt14_Function_base13_Base_managerISt5_BindIFMN8ICM426888icm42688EF7iIMU_SThES3_tEEE21_M_not_empty_functionIS8_EEbRKT_
                0x0000000008003c2e       0x16 ./Core/Src/icm42688.o
                0x0000000008003c2e                bool std::_Function_base::_Base_manager<std::_Bind<iIMU_ST (ICM42688::icm42688::*(ICM42688::icm42688, unsigned short))(unsigned char)> >::_M_not_empty_function<std::_Bind<iIMU_ST (ICM42688::icm42688::*(ICM42688::icm42688, unsigned short))(unsigned char)> >(std::_Bind<iIMU_ST (ICM42688::icm42688::*(ICM42688::icm42688, unsigned short))(unsigned char)> const&)
 .text._ZNSt14_Function_base13_Base_managerISt5_BindIFMN8ICM426888icm42688EF7iIMU_SThES3_tEEE15_M_init_functorIS8_EEvRSt9_Any_dataOT_
                0x0000000008003c44       0x24 ./Core/Src/icm42688.o
                0x0000000008003c44                void std::_Function_base::_Base_manager<std::_Bind<iIMU_ST (ICM42688::icm42688::*(ICM42688::icm42688, unsigned short))(unsigned char)> >::_M_init_functor<std::_Bind<iIMU_ST (ICM42688::icm42688::*(ICM42688::icm42688, unsigned short))(unsigned char)> >(std::_Any_data&, std::_Bind<iIMU_ST (ICM42688::icm42688::*(ICM42688::icm42688, unsigned short))(unsigned char)>&&)
 .text._ZNSt17_Function_handlerIFvvESt5_BindIFMN8ICM426888icm42688EF7iIMU_SThES3_tEEE9_M_invokeERKSt9_Any_data
                0x0000000008003c68       0x1e ./Core/Src/icm42688.o
                0x0000000008003c68                std::_Function_handler<void (), std::_Bind<iIMU_ST (ICM42688::icm42688::*(ICM42688::icm42688, unsigned short))(unsigned char)> >::_M_invoke(std::_Any_data const&)
 .text._ZNSt17_Function_handlerIFvvESt5_BindIFMN8ICM426888icm42688EF7iIMU_SThES3_tEEE10_M_managerERSt9_Any_dataRKSA_St18_Manager_operation
                0x0000000008003c86       0x3e ./Core/Src/icm42688.o
                0x0000000008003c86                std::_Function_handler<void (), std::_Bind<iIMU_ST (ICM42688::icm42688::*(ICM42688::icm42688, unsigned short))(unsigned char)> >::_M_manager(std::_Any_data&, std::_Any_data const&, std::_Manager_operation)
 .text._ZNSt11_Tuple_implILj0EJN8ICM426888icm42688EEEC2IRS1_EEOT_
                0x0000000008003cc4       0x26 ./Core/Src/icm42688.o
                0x0000000008003cc4                std::_Tuple_impl<0u, ICM42688::icm42688>::_Tuple_impl<ICM42688::icm42688&>(ICM42688::icm42688&)
                0x0000000008003cc4                std::_Tuple_impl<0u, ICM42688::icm42688>::_Tuple_impl<ICM42688::icm42688&>(ICM42688::icm42688&)
 .text._ZNSt14_Function_base13_Base_managerISt5_BindIFMN8ICM426888icm42688EF7iIMU_STvES3_EEE9_M_createIS8_EEvRSt9_Any_dataOT_St17integral_constantIbLb0EE
                0x0000000008003cea       0x3a ./Core/Src/icm42688.o
                0x0000000008003cea                void std::_Function_base::_Base_manager<std::_Bind<iIMU_ST (ICM42688::icm42688::*(ICM42688::icm42688))()> >::_M_create<std::_Bind<iIMU_ST (ICM42688::icm42688::*(ICM42688::icm42688))()> >(std::_Any_data&, std::_Bind<iIMU_ST (ICM42688::icm42688::*(ICM42688::icm42688))()>&&, std::integral_constant<bool, false>)
 .text._ZNSt14_Function_base13_Base_managerISt5_BindIFMN8ICM426888icm42688EF7iIMU_STvES3_EEE14_M_get_pointerERKSt9_Any_data
                0x0000000008003d24       0x1a ./Core/Src/icm42688.o
                0x0000000008003d24                std::_Function_base::_Base_manager<std::_Bind<iIMU_ST (ICM42688::icm42688::*(ICM42688::icm42688))()> >::_M_get_pointer(std::_Any_data const&)
 .text._ZSt13__invoke_implI7iIMU_STRSt5_BindIFMN8ICM426888icm42688EFS0_vES3_EEJEET_St14__invoke_otherOT0_DpOT1_
                0x0000000008003d3e       0x22 ./Core/Src/icm42688.o
                0x0000000008003d3e                iIMU_ST std::__invoke_impl<iIMU_ST, std::_Bind<iIMU_ST (ICM42688::icm42688::*(ICM42688::icm42688))()>&>(std::__invoke_other, std::_Bind<iIMU_ST (ICM42688::icm42688::*(ICM42688::icm42688))()>&)
 .text._ZSt10__invoke_rIvRSt5_BindIFMN8ICM426888icm42688EF7iIMU_STvES2_EEJEENSt9enable_ifIXsrSt6__and_IJSt7is_voidIT_ESt14__is_invocableIT0_JDpT1_EEEE5valueESC_E4typeEOSF_DpOSG_
                0x0000000008003d60       0x20 ./Core/Src/icm42688.o
                0x0000000008003d60                std::enable_if<std::__and_<std::is_void<void>, std::__is_invocable<std::_Bind<iIMU_ST (ICM42688::icm42688::*(ICM42688::icm42688))()>&> >::value, void>::type std::__invoke_r<void, std::_Bind<iIMU_ST (ICM42688::icm42688::*(ICM42688::icm42688))()>&>(std::_Bind<iIMU_ST (ICM42688::icm42688::*(ICM42688::icm42688))()>&)
 .text._ZNSt9_Any_data9_M_accessIPSt5_BindIFMN8ICM426888icm42688EF7iIMU_STvES3_EEEERT_v
                0x0000000008003d80       0x18 ./Core/Src/icm42688.o
                0x0000000008003d80                std::_Bind<iIMU_ST (ICM42688::icm42688::*(ICM42688::icm42688))()>*& std::_Any_data::_M_access<std::_Bind<iIMU_ST (ICM42688::icm42688::*(ICM42688::icm42688))()>*>()
 .text._ZNSt14_Function_base13_Base_managerISt5_BindIFMN8ICM426888icm42688EF7iIMU_STvES3_EEE10_M_managerERSt9_Any_dataRKSA_St18_Manager_operation
                0x0000000008003d98       0x74 ./Core/Src/icm42688.o
                0x0000000008003d98                std::_Function_base::_Base_manager<std::_Bind<iIMU_ST (ICM42688::icm42688::*(ICM42688::icm42688))()> >::_M_manager(std::_Any_data&, std::_Any_data const&, std::_Manager_operation)
 .text._ZNSt11_Tuple_implILj0EJN8ICM426888icm42688EtEEC2IRS1_JRtEvEEOT_DpOT0_
                0x0000000008003e0c       0x3c ./Core/Src/icm42688.o
                0x0000000008003e0c                std::_Tuple_impl<0u, ICM42688::icm42688, unsigned short>::_Tuple_impl<ICM42688::icm42688&, unsigned short&, void>(ICM42688::icm42688&, unsigned short&)
                0x0000000008003e0c                std::_Tuple_impl<0u, ICM42688::icm42688, unsigned short>::_Tuple_impl<ICM42688::icm42688&, unsigned short&, void>(ICM42688::icm42688&, unsigned short&)
 .text._ZNSt14_Function_base13_Base_managerISt5_BindIFMN8ICM426888icm42688EF7iIMU_SThES3_tEEE9_M_createIS8_EEvRSt9_Any_dataOT_St17integral_constantIbLb0EE
                0x0000000008003e48       0x3a ./Core/Src/icm42688.o
                0x0000000008003e48                void std::_Function_base::_Base_manager<std::_Bind<iIMU_ST (ICM42688::icm42688::*(ICM42688::icm42688, unsigned short))(unsigned char)> >::_M_create<std::_Bind<iIMU_ST (ICM42688::icm42688::*(ICM42688::icm42688, unsigned short))(unsigned char)> >(std::_Any_data&, std::_Bind<iIMU_ST (ICM42688::icm42688::*(ICM42688::icm42688, unsigned short))(unsigned char)>&&, std::integral_constant<bool, false>)
 .text._ZNSt14_Function_base13_Base_managerISt5_BindIFMN8ICM426888icm42688EF7iIMU_SThES3_tEEE14_M_get_pointerERKSt9_Any_data
                0x0000000008003e82       0x1a ./Core/Src/icm42688.o
                0x0000000008003e82                std::_Function_base::_Base_manager<std::_Bind<iIMU_ST (ICM42688::icm42688::*(ICM42688::icm42688, unsigned short))(unsigned char)> >::_M_get_pointer(std::_Any_data const&)
 .text._ZSt13__invoke_implI7iIMU_STRSt5_BindIFMN8ICM426888icm42688EFS0_hES3_tEEJEET_St14__invoke_otherOT0_DpOT1_
                0x0000000008003e9c       0x22 ./Core/Src/icm42688.o
                0x0000000008003e9c                iIMU_ST std::__invoke_impl<iIMU_ST, std::_Bind<iIMU_ST (ICM42688::icm42688::*(ICM42688::icm42688, unsigned short))(unsigned char)>&>(std::__invoke_other, std::_Bind<iIMU_ST (ICM42688::icm42688::*(ICM42688::icm42688, unsigned short))(unsigned char)>&)
 .text._ZSt10__invoke_rIvRSt5_BindIFMN8ICM426888icm42688EF7iIMU_SThES2_tEEJEENSt9enable_ifIXsrSt6__and_IJSt7is_voidIT_ESt14__is_invocableIT0_JDpT1_EEEE5valueESC_E4typeEOSF_DpOSG_
                0x0000000008003ebe       0x20 ./Core/Src/icm42688.o
                0x0000000008003ebe                std::enable_if<std::__and_<std::is_void<void>, std::__is_invocable<std::_Bind<iIMU_ST (ICM42688::icm42688::*(ICM42688::icm42688, unsigned short))(unsigned char)>&> >::value, void>::type std::__invoke_r<void, std::_Bind<iIMU_ST (ICM42688::icm42688::*(ICM42688::icm42688, unsigned short))(unsigned char)>&>(std::_Bind<iIMU_ST (ICM42688::icm42688::*(ICM42688::icm42688, unsigned short))(unsigned char)>&)
 .text._ZNSt9_Any_data9_M_accessIPSt5_BindIFMN8ICM426888icm42688EF7iIMU_SThES3_tEEEERT_v
                0x0000000008003ede       0x18 ./Core/Src/icm42688.o
                0x0000000008003ede                std::_Bind<iIMU_ST (ICM42688::icm42688::*(ICM42688::icm42688, unsigned short))(unsigned char)>*& std::_Any_data::_M_access<std::_Bind<iIMU_ST (ICM42688::icm42688::*(ICM42688::icm42688, unsigned short))(unsigned char)>*>()
 *fill*         0x0000000008003ef6        0x2 
 .text._ZNSt14_Function_base13_Base_managerISt5_BindIFMN8ICM426888icm42688EF7iIMU_SThES3_tEEE10_M_managerERSt9_Any_dataRKSA_St18_Manager_operation
                0x0000000008003ef8       0x74 ./Core/Src/icm42688.o
                0x0000000008003ef8                std::_Function_base::_Base_manager<std::_Bind<iIMU_ST (ICM42688::icm42688::*(ICM42688::icm42688, unsigned short))(unsigned char)> >::_M_manager(std::_Any_data&, std::_Any_data const&, std::_Manager_operation)
 .text._ZN4iIMUC2ERKS_
                0x0000000008003f6c       0x24 ./Core/Src/icm42688.o
                0x0000000008003f6c                iIMU::iIMU(iIMU const&)
                0x0000000008003f6c                iIMU::iIMU(iIMU const&)
 .text._ZN8ICM426888icm42688C2ERKS0_
                0x0000000008003f90      0x134 ./Core/Src/icm42688.o
                0x0000000008003f90                ICM42688::icm42688::icm42688(ICM42688::icm42688 const&)
                0x0000000008003f90                ICM42688::icm42688::icm42688(ICM42688::icm42688 const&)
 .text._ZNSt10_Head_baseILj0EN8ICM426888icm42688ELb0EEC2IRS1_EEOT_
                0x00000000080040c4       0x26 ./Core/Src/icm42688.o
                0x00000000080040c4                std::_Head_base<0u, ICM42688::icm42688, false>::_Head_base<ICM42688::icm42688&>(ICM42688::icm42688&)
                0x00000000080040c4                std::_Head_base<0u, ICM42688::icm42688, false>::_Head_base<ICM42688::icm42688&>(ICM42688::icm42688&)
 .text._ZNKSt9_Any_data9_M_accessIPSt5_BindIFMN8ICM426888icm42688EF7iIMU_STvES3_EEEERKT_v
                0x00000000080040ea       0x18 ./Core/Src/icm42688.o
                0x00000000080040ea                std::_Bind<iIMU_ST (ICM42688::icm42688::*(ICM42688::icm42688))()>* const& std::_Any_data::_M_access<std::_Bind<iIMU_ST (ICM42688::icm42688::*(ICM42688::icm42688))()>*>() const
 .text._ZSt7forwardIRSt5_BindIFMN8ICM426888icm42688EF7iIMU_STvES2_EEEOT_RNSt16remove_referenceIS9_E4typeE
                0x0000000008004102       0x16 ./Core/Src/icm42688.o
                0x0000000008004102                std::_Bind<iIMU_ST (ICM42688::icm42688::*(ICM42688::icm42688))()>& std::forward<std::_Bind<iIMU_ST (ICM42688::icm42688::*(ICM42688::icm42688))()>&>(std::remove_reference<std::_Bind<iIMU_ST (ICM42688::icm42688::*(ICM42688::icm42688))()>&>::type&)
 .text._ZNSt5_BindIFMN8ICM426888icm42688EF7iIMU_STvES1_EEclIJES2_EET0_DpOT_
                0x0000000008004118       0x24 ./Core/Src/icm42688.o
                0x0000000008004118                iIMU_ST std::_Bind<iIMU_ST (ICM42688::icm42688::*(ICM42688::icm42688))()>::operator()<, iIMU_ST>()
 .text._ZNSt9_Any_data9_M_accessIPKSt9type_infoEERT_v
                0x000000000800413c       0x18 ./Core/Src/icm42688.o
                0x000000000800413c                std::type_info const*& std::_Any_data::_M_access<std::type_info const*>()
 .text._ZNSt14_Function_base13_Base_managerISt5_BindIFMN8ICM426888icm42688EF7iIMU_STvES3_EEE15_M_init_functorIRKS8_EEvRSt9_Any_dataOT_
                0x0000000008004154       0x24 ./Core/Src/icm42688.o
                0x0000000008004154                void std::_Function_base::_Base_manager<std::_Bind<iIMU_ST (ICM42688::icm42688::*(ICM42688::icm42688))()> >::_M_init_functor<std::_Bind<iIMU_ST (ICM42688::icm42688::*(ICM42688::icm42688))()> const&>(std::_Any_data&, std::_Bind<iIMU_ST (ICM42688::icm42688::*(ICM42688::icm42688))()> const&)
 .text._ZNSt14_Function_base13_Base_managerISt5_BindIFMN8ICM426888icm42688EF7iIMU_STvES3_EEE10_M_destroyERSt9_Any_dataSt17integral_constantIbLb0EE
                0x0000000008004178       0x2a ./Core/Src/icm42688.o
                0x0000000008004178                std::_Function_base::_Base_manager<std::_Bind<iIMU_ST (ICM42688::icm42688::*(ICM42688::icm42688))()> >::_M_destroy(std::_Any_data&, std::integral_constant<bool, false>)
 .text._ZNSt11_Tuple_implILj1EJtEEC2IRtEEOT_
                0x00000000080041a2       0x26 ./Core/Src/icm42688.o
                0x00000000080041a2                std::_Tuple_impl<1u, unsigned short>::_Tuple_impl<unsigned short&>(unsigned short&)
                0x00000000080041a2                std::_Tuple_impl<1u, unsigned short>::_Tuple_impl<unsigned short&>(unsigned short&)
 .text._ZNKSt9_Any_data9_M_accessIPSt5_BindIFMN8ICM426888icm42688EF7iIMU_SThES3_tEEEERKT_v
                0x00000000080041c8       0x18 ./Core/Src/icm42688.o
                0x00000000080041c8                std::_Bind<iIMU_ST (ICM42688::icm42688::*(ICM42688::icm42688, unsigned short))(unsigned char)>* const& std::_Any_data::_M_access<std::_Bind<iIMU_ST (ICM42688::icm42688::*(ICM42688::icm42688, unsigned short))(unsigned char)>*>() const
 .text._ZSt7forwardIRSt5_BindIFMN8ICM426888icm42688EF7iIMU_SThES2_tEEEOT_RNSt16remove_referenceIS9_E4typeE
                0x00000000080041e0       0x16 ./Core/Src/icm42688.o
                0x00000000080041e0                std::_Bind<iIMU_ST (ICM42688::icm42688::*(ICM42688::icm42688, unsigned short))(unsigned char)>& std::forward<std::_Bind<iIMU_ST (ICM42688::icm42688::*(ICM42688::icm42688, unsigned short))(unsigned char)>&>(std::remove_reference<std::_Bind<iIMU_ST (ICM42688::icm42688::*(ICM42688::icm42688, unsigned short))(unsigned char)>&>::type&)
 .text._ZNSt5_BindIFMN8ICM426888icm42688EF7iIMU_SThES1_tEEclIJES2_EET0_DpOT_
                0x00000000080041f6       0x24 ./Core/Src/icm42688.o
                0x00000000080041f6                iIMU_ST std::_Bind<iIMU_ST (ICM42688::icm42688::*(ICM42688::icm42688, unsigned short))(unsigned char)>::operator()<, iIMU_ST>()
 .text._ZNSt14_Function_base13_Base_managerISt5_BindIFMN8ICM426888icm42688EF7iIMU_SThES3_tEEE15_M_init_functorIRKS8_EEvRSt9_Any_dataOT_
                0x000000000800421a       0x24 ./Core/Src/icm42688.o
                0x000000000800421a                void std::_Function_base::_Base_manager<std::_Bind<iIMU_ST (ICM42688::icm42688::*(ICM42688::icm42688, unsigned short))(unsigned char)> >::_M_init_functor<std::_Bind<iIMU_ST (ICM42688::icm42688::*(ICM42688::icm42688, unsigned short))(unsigned char)> const&>(std::_Any_data&, std::_Bind<iIMU_ST (ICM42688::icm42688::*(ICM42688::icm42688, unsigned short))(unsigned char)> const&)
 .text._ZNSt14_Function_base13_Base_managerISt5_BindIFMN8ICM426888icm42688EF7iIMU_SThES3_tEEE10_M_destroyERSt9_Any_dataSt17integral_constantIbLb0EE
                0x000000000800423e       0x2a ./Core/Src/icm42688.o
                0x000000000800423e                std::_Function_base::_Base_manager<std::_Bind<iIMU_ST (ICM42688::icm42688::*(ICM42688::icm42688, unsigned short))(unsigned char)> >::_M_destroy(std::_Any_data&, std::integral_constant<bool, false>)
 .text._ZSt16forward_as_tupleIJEESt5tupleIJDpOT_EES3_
                0x0000000008004268       0x10 ./Core/Src/icm42688.o
                0x0000000008004268                std::tuple<> std::forward_as_tuple<>()
 .text._ZNSt5_BindIFMN8ICM426888icm42688EF7iIMU_STvES1_EE6__callIS2_JEJLj0EEEET_OSt5tupleIJDpT0_EESt12_Index_tupleIJXspT1_EEE
                0x0000000008004278       0x3a ./Core/Src/icm42688.o
                0x0000000008004278                iIMU_ST std::_Bind<iIMU_ST (ICM42688::icm42688::*(ICM42688::icm42688))()>::__call<iIMU_ST, , 0u>(std::tuple<>&&, std::_Index_tuple<0u>)
 .text._ZSt7forwardIRKSt5_BindIFMN8ICM426888icm42688EF7iIMU_STvES2_EEEOT_RNSt16remove_referenceISA_E4typeE
                0x00000000080042b2       0x16 ./Core/Src/icm42688.o
                0x00000000080042b2                std::_Bind<iIMU_ST (ICM42688::icm42688::*(ICM42688::icm42688))()> const& std::forward<std::_Bind<iIMU_ST (ICM42688::icm42688::*(ICM42688::icm42688))()> const&>(std::remove_reference<std::_Bind<iIMU_ST (ICM42688::icm42688::*(ICM42688::icm42688))()> const&>::type&)
 .text._ZNSt10_Head_baseILj0EN8ICM426888icm42688ELb0EEC2ERKS2_
                0x00000000080042c8       0x20 ./Core/Src/icm42688.o
                0x00000000080042c8                std::_Head_base<0u, ICM42688::icm42688, false>::_Head_base(std::_Head_base<0u, ICM42688::icm42688, false> const&)
                0x00000000080042c8                std::_Head_base<0u, ICM42688::icm42688, false>::_Head_base(std::_Head_base<0u, ICM42688::icm42688, false> const&)
 .text._ZNSt11_Tuple_implILj0EJN8ICM426888icm42688EEEC2ERKS2_
                0x00000000080042e8       0x20 ./Core/Src/icm42688.o
                0x00000000080042e8                std::_Tuple_impl<0u, ICM42688::icm42688>::_Tuple_impl(std::_Tuple_impl<0u, ICM42688::icm42688> const&)
                0x00000000080042e8                std::_Tuple_impl<0u, ICM42688::icm42688>::_Tuple_impl(std::_Tuple_impl<0u, ICM42688::icm42688> const&)
 .text._ZNSt5tupleIJN8ICM426888icm42688EEEC2ERKS2_
                0x0000000008004308       0x20 ./Core/Src/icm42688.o
                0x0000000008004308                std::tuple<ICM42688::icm42688>::tuple(std::tuple<ICM42688::icm42688> const&)
                0x0000000008004308                std::tuple<ICM42688::icm42688>::tuple(std::tuple<ICM42688::icm42688> const&)
 .text._ZNSt5_BindIFMN8ICM426888icm42688EF7iIMU_STvES1_EEC2ERKS6_
                0x0000000008004328       0x32 ./Core/Src/icm42688.o
                0x0000000008004328                std::_Bind<iIMU_ST (ICM42688::icm42688::*(ICM42688::icm42688))()>::_Bind(std::_Bind<iIMU_ST (ICM42688::icm42688::*(ICM42688::icm42688))()> const&)
                0x0000000008004328                std::_Bind<iIMU_ST (ICM42688::icm42688::*(ICM42688::icm42688))()>::_Bind(std::_Bind<iIMU_ST (ICM42688::icm42688::*(ICM42688::icm42688))()> const&)
 .text._ZNSt14_Function_base13_Base_managerISt5_BindIFMN8ICM426888icm42688EF7iIMU_STvES3_EEE9_M_createIRKS8_EEvRSt9_Any_dataOT_St17integral_constantIbLb0EE
                0x000000000800435a       0x3a ./Core/Src/icm42688.o
                0x000000000800435a                void std::_Function_base::_Base_manager<std::_Bind<iIMU_ST (ICM42688::icm42688::*(ICM42688::icm42688))()> >::_M_create<std::_Bind<iIMU_ST (ICM42688::icm42688::*(ICM42688::icm42688))()> const&>(std::_Any_data&, std::_Bind<iIMU_ST (ICM42688::icm42688::*(ICM42688::icm42688))()> const&, std::integral_constant<bool, false>)
 .text._ZNSt10_Head_baseILj1EtLb0EEC2IRtEEOT_
                0x0000000008004394       0x22 ./Core/Src/icm42688.o
                0x0000000008004394                std::_Head_base<1u, unsigned short, false>::_Head_base<unsigned short&>(unsigned short&)
                0x0000000008004394                std::_Head_base<1u, unsigned short, false>::_Head_base<unsigned short&>(unsigned short&)
 .text._ZNSt5_BindIFMN8ICM426888icm42688EF7iIMU_SThES1_tEE6__callIS2_JEJLj0ELj1EEEET_OSt5tupleIJDpT0_EESt12_Index_tupleIJXspT1_EEE
                0x00000000080043b6       0x56 ./Core/Src/icm42688.o
                0x00000000080043b6                iIMU_ST std::_Bind<iIMU_ST (ICM42688::icm42688::*(ICM42688::icm42688, unsigned short))(unsigned char)>::__call<iIMU_ST, , 0u, 1u>(std::tuple<>&&, std::_Index_tuple<0u, 1u>)
 .text._ZSt7forwardIRKSt5_BindIFMN8ICM426888icm42688EF7iIMU_SThES2_tEEEOT_RNSt16remove_referenceISA_E4typeE
                0x000000000800440c       0x16 ./Core/Src/icm42688.o
                0x000000000800440c                std::_Bind<iIMU_ST (ICM42688::icm42688::*(ICM42688::icm42688, unsigned short))(unsigned char)> const& std::forward<std::_Bind<iIMU_ST (ICM42688::icm42688::*(ICM42688::icm42688, unsigned short))(unsigned char)> const&>(std::remove_reference<std::_Bind<iIMU_ST (ICM42688::icm42688::*(ICM42688::icm42688, unsigned short))(unsigned char)> const&>::type&)
 .text._ZNSt11_Tuple_implILj0EJN8ICM426888icm42688EtEEC2ERKS2_
                0x0000000008004422       0x2c ./Core/Src/icm42688.o
                0x0000000008004422                std::_Tuple_impl<0u, ICM42688::icm42688, unsigned short>::_Tuple_impl(std::_Tuple_impl<0u, ICM42688::icm42688, unsigned short> const&)
                0x0000000008004422                std::_Tuple_impl<0u, ICM42688::icm42688, unsigned short>::_Tuple_impl(std::_Tuple_impl<0u, ICM42688::icm42688, unsigned short> const&)
 .text._ZNSt5tupleIJN8ICM426888icm42688EtEEC2ERKS2_
                0x000000000800444e       0x20 ./Core/Src/icm42688.o
                0x000000000800444e                std::tuple<ICM42688::icm42688, unsigned short>::tuple(std::tuple<ICM42688::icm42688, unsigned short> const&)
                0x000000000800444e                std::tuple<ICM42688::icm42688, unsigned short>::tuple(std::tuple<ICM42688::icm42688, unsigned short> const&)
 .text._ZNSt5_BindIFMN8ICM426888icm42688EF7iIMU_SThES1_tEEC2ERKS6_
                0x000000000800446e       0x32 ./Core/Src/icm42688.o
                0x000000000800446e                std::_Bind<iIMU_ST (ICM42688::icm42688::*(ICM42688::icm42688, unsigned short))(unsigned char)>::_Bind(std::_Bind<iIMU_ST (ICM42688::icm42688::*(ICM42688::icm42688, unsigned short))(unsigned char)> const&)
                0x000000000800446e                std::_Bind<iIMU_ST (ICM42688::icm42688::*(ICM42688::icm42688, unsigned short))(unsigned char)>::_Bind(std::_Bind<iIMU_ST (ICM42688::icm42688::*(ICM42688::icm42688, unsigned short))(unsigned char)> const&)
 .text._ZNSt14_Function_base13_Base_managerISt5_BindIFMN8ICM426888icm42688EF7iIMU_SThES3_tEEE9_M_createIRKS8_EEvRSt9_Any_dataOT_St17integral_constantIbLb0EE
                0x00000000080044a0       0x3a ./Core/Src/icm42688.o
                0x00000000080044a0                void std::_Function_base::_Base_manager<std::_Bind<iIMU_ST (ICM42688::icm42688::*(ICM42688::icm42688, unsigned short))(unsigned char)> >::_M_create<std::_Bind<iIMU_ST (ICM42688::icm42688::*(ICM42688::icm42688, unsigned short))(unsigned char)> const&>(std::_Any_data&, std::_Bind<iIMU_ST (ICM42688::icm42688::*(ICM42688::icm42688, unsigned short))(unsigned char)> const&, std::integral_constant<bool, false>)
 .text._ZSt3getILj0EJN8ICM426888icm42688EEERNSt13tuple_elementIXT_ESt5tupleIJDpT0_EEE4typeERS6_
                0x00000000080044da       0x1a ./Core/Src/icm42688.o
                0x00000000080044da                std::tuple_element<0u, std::tuple<ICM42688::icm42688> >::type& std::get<0u, ICM42688::icm42688>(std::tuple<ICM42688::icm42688>&)
 .text._ZNVKSt3_MuIN8ICM426888icm42688ELb0ELb0EEclIRS1_St5tupleIJEEEEOT_S8_RT0_
                0x00000000080044f4       0x1c ./Core/Src/icm42688.o
                0x00000000080044f4                ICM42688::icm42688& std::_Mu<ICM42688::icm42688, false, false>::operator()<ICM42688::icm42688&, std::tuple<> >(ICM42688::icm42688&, std::tuple<>&) const volatile
 .text._ZSt8__invokeIRMN8ICM426888icm42688EF7iIMU_STvEJRS1_EENSt15__invoke_resultIT_JDpT0_EE4typeEOS8_DpOS9_
                0x0000000008004510       0x2e ./Core/Src/icm42688.o
                0x0000000008004510                std::__invoke_result<iIMU_ST (ICM42688::icm42688::*&)(), ICM42688::icm42688&>::type std::__invoke<iIMU_ST (ICM42688::icm42688::*&)(), ICM42688::icm42688&>(iIMU_ST (ICM42688::icm42688::*&)(), ICM42688::icm42688&)
 .text._ZSt3getILj0EJN8ICM426888icm42688EtEERNSt13tuple_elementIXT_ESt5tupleIJDpT0_EEE4typeERS6_
                0x000000000800453e       0x1a ./Core/Src/icm42688.o
                0x000000000800453e                std::tuple_element<0u, std::tuple<ICM42688::icm42688, unsigned short> >::type& std::get<0u, ICM42688::icm42688, unsigned short>(std::tuple<ICM42688::icm42688, unsigned short>&)
 .text._ZSt3getILj1EJN8ICM426888icm42688EtEERNSt13tuple_elementIXT_ESt5tupleIJDpT0_EEE4typeERS6_
                0x0000000008004558       0x1a ./Core/Src/icm42688.o
                0x0000000008004558                std::tuple_element<1u, std::tuple<ICM42688::icm42688, unsigned short> >::type& std::get<1u, ICM42688::icm42688, unsigned short>(std::tuple<ICM42688::icm42688, unsigned short>&)
 .text._ZNVKSt3_MuItLb0ELb0EEclIRtSt5tupleIJEEEEOT_S6_RT0_
                0x0000000008004572       0x1c ./Core/Src/icm42688.o
                0x0000000008004572                unsigned short& std::_Mu<unsigned short, false, false>::operator()<unsigned short&, std::tuple<> >(unsigned short&, std::tuple<>&) const volatile
 .text._ZSt8__invokeIRMN8ICM426888icm42688EF7iIMU_SThEJRS1_RtEENSt15__invoke_resultIT_JDpT0_EE4typeEOS9_DpOSA_
                0x000000000800458e       0x38 ./Core/Src/icm42688.o
                0x000000000800458e                std::__invoke_result<iIMU_ST (ICM42688::icm42688::*&)(unsigned char), ICM42688::icm42688&, unsigned short&>::type std::__invoke<iIMU_ST (ICM42688::icm42688::*&)(unsigned char), ICM42688::icm42688&, unsigned short&>(iIMU_ST (ICM42688::icm42688::*&)(unsigned char), ICM42688::icm42688&, unsigned short&)
 .text._ZSt12__get_helperILj0EN8ICM426888icm42688EJEERT0_RSt11_Tuple_implIXT_EJS2_DpT1_EE
                0x00000000080045c6       0x18 ./Core/Src/icm42688.o
                0x00000000080045c6                ICM42688::icm42688& std::__get_helper<0u, ICM42688::icm42688>(std::_Tuple_impl<0u, ICM42688::icm42688>&)
 .text._ZSt7forwardIRMN8ICM426888icm42688EF7iIMU_STvEEOT_RNSt16remove_referenceIS6_E4typeE
                0x00000000080045de       0x16 ./Core/Src/icm42688.o
                0x00000000080045de                iIMU_ST (ICM42688::icm42688::*&std::forward<iIMU_ST (ICM42688::icm42688::*&)()>(std::remove_reference<iIMU_ST (ICM42688::icm42688::*&)()>::type&))()
 .text._ZSt13__invoke_implI7iIMU_STRMN8ICM426888icm42688EFS0_vERS2_JEET_St19__invoke_memfun_refOT0_OT1_DpOT2_
                0x00000000080045f4       0x4e ./Core/Src/icm42688.o
                0x00000000080045f4                iIMU_ST std::__invoke_impl<iIMU_ST, iIMU_ST (ICM42688::icm42688::*&)(), ICM42688::icm42688&>(std::__invoke_memfun_ref, iIMU_ST (ICM42688::icm42688::*&)(), ICM42688::icm42688&)
 .text._ZSt12__get_helperILj0EN8ICM426888icm42688EJtEERT0_RSt11_Tuple_implIXT_EJS2_DpT1_EE
                0x0000000008004642       0x18 ./Core/Src/icm42688.o
                0x0000000008004642                ICM42688::icm42688& std::__get_helper<0u, ICM42688::icm42688, unsigned short>(std::_Tuple_impl<0u, ICM42688::icm42688, unsigned short>&)
 .text._ZSt12__get_helperILj1EtJEERT0_RSt11_Tuple_implIXT_EJS0_DpT1_EE
                0x000000000800465a       0x18 ./Core/Src/icm42688.o
                0x000000000800465a                unsigned short& std::__get_helper<1u, unsigned short>(std::_Tuple_impl<1u, unsigned short>&)
 .text._ZSt7forwardIRMN8ICM426888icm42688EF7iIMU_SThEEOT_RNSt16remove_referenceIS6_E4typeE
                0x0000000008004672       0x16 ./Core/Src/icm42688.o
                0x0000000008004672                iIMU_ST (ICM42688::icm42688::*&std::forward<iIMU_ST (ICM42688::icm42688::*&)(unsigned char)>(std::remove_reference<iIMU_ST (ICM42688::icm42688::*&)(unsigned char)>::type&))(unsigned char)
 .text._ZSt13__invoke_implI7iIMU_STRMN8ICM426888icm42688EFS0_hERS2_JRtEET_St19__invoke_memfun_refOT0_OT1_DpOT2_
                0x0000000008004688       0x5e ./Core/Src/icm42688.o
                0x0000000008004688                iIMU_ST std::__invoke_impl<iIMU_ST, iIMU_ST (ICM42688::icm42688::*&)(unsigned char), ICM42688::icm42688&, unsigned short&>(std::__invoke_memfun_ref, iIMU_ST (ICM42688::icm42688::*&)(unsigned char), ICM42688::icm42688&, unsigned short&)
 .text._ZNSt11_Tuple_implILj0EJN8ICM426888icm42688EEE7_M_headERS2_
                0x00000000080046e6       0x1a ./Core/Src/icm42688.o
                0x00000000080046e6                std::_Tuple_impl<0u, ICM42688::icm42688>::_M_head(std::_Tuple_impl<0u, ICM42688::icm42688>&)
 .text._ZSt8__invfwdIRN8ICM426888icm42688ES2_EOT0_RNSt16remove_referenceIT_E4typeE
                0x0000000008004700       0x16 ./Core/Src/icm42688.o
                0x0000000008004700                ICM42688::icm42688& std::__invfwd<ICM42688::icm42688&, ICM42688::icm42688&>(std::remove_reference<ICM42688::icm42688&>::type&)
 .text._ZNSt11_Tuple_implILj0EJN8ICM426888icm42688EtEE7_M_headERS2_
                0x0000000008004716       0x1c ./Core/Src/icm42688.o
                0x0000000008004716                std::_Tuple_impl<0u, ICM42688::icm42688, unsigned short>::_M_head(std::_Tuple_impl<0u, ICM42688::icm42688, unsigned short>&)
 .text._ZNSt11_Tuple_implILj1EJtEE7_M_headERS0_
                0x0000000008004732       0x1a ./Core/Src/icm42688.o
                0x0000000008004732                std::_Tuple_impl<1u, unsigned short>::_M_head(std::_Tuple_impl<1u, unsigned short>&)
 .text._ZNSt10_Head_baseILj0EN8ICM426888icm42688ELb0EE7_M_headERS2_
                0x000000000800474c       0x16 ./Core/Src/icm42688.o
                0x000000000800474c                std::_Head_base<0u, ICM42688::icm42688, false>::_M_head(std::_Head_base<0u, ICM42688::icm42688, false>&)
 .text._ZNSt10_Head_baseILj1EtLb0EE7_M_headERS0_
                0x0000000008004762       0x16 ./Core/Src/icm42688.o
                0x0000000008004762                std::_Head_base<1u, unsigned short, false>::_M_head(std::_Head_base<1u, unsigned short, false>&)
 .text._ZN8ICM426888GYRO_CNFlsEhNS0_3FSRE
                0x0000000008004778       0x20 ./Core/Src/icm42688_utils.o
                0x0000000008004778                ICM42688::GYRO_CNF::operator<<(unsigned char, ICM42688::GYRO_CNF::FSR)
 .text._ZN8ICM426889ACCEL_CNFlsEhNS0_3FSRE
                0x0000000008004798       0x20 ./Core/Src/icm42688_utils.o
                0x0000000008004798                ICM42688::ACCEL_CNF::operator<<(unsigned char, ICM42688::ACCEL_CNF::FSR)
 .text._ZN8ICM4268823map_gyro_ODR_CNF_to_ODRENS_8GYRO_CNF3ODRE
                0x00000000080047b8       0xc0 ./Core/Src/icm42688_utils.o
                0x00000000080047b8                ICM42688::map_gyro_ODR_CNF_to_ODR(ICM42688::GYRO_CNF::ODR)
 .text._ZN8ICM4268823map_gyro_FSR_CNF_to_FSRENS_8GYRO_CNF3FSRE
                0x0000000008004878       0x48 ./Core/Src/icm42688_utils.o
                0x0000000008004878                ICM42688::map_gyro_FSR_CNF_to_FSR(ICM42688::GYRO_CNF::FSR)
 .text._ZN8ICM4268824map_accel_ODR_CNF_to_ODRENS_9ACCEL_CNF3ODRE
                0x00000000080048c0       0xc0 ./Core/Src/icm42688_utils.o
                0x00000000080048c0                ICM42688::map_accel_ODR_CNF_to_ODR(ICM42688::ACCEL_CNF::ODR)
 .text._ZN8ICM4268824map_accel_FSR_CNF_to_FSRENS_9ACCEL_CNF3FSRE
                0x0000000008004980       0x42 ./Core/Src/icm42688_utils.o
                0x0000000008004980                ICM42688::map_accel_FSR_CNF_to_FSR(ICM42688::ACCEL_CNF::FSR)
 *fill*         0x00000000080049c2        0x2 
 .text._ZN8ICM4268815convertTempDataEhh
                0x00000000080049c4       0x4c ./Core/Src/icm42688_utils.o
                0x00000000080049c4                ICM42688::convertTempData(unsigned char, unsigned char)
 .text._ZN8ICM426888GYRO_CNFleENS0_3ODRES1_
                0x0000000008004a10       0x28 ./Core/Src/icm42688_utils.o
                0x0000000008004a10                ICM42688::GYRO_CNF::operator<=(ICM42688::GYRO_CNF::ODR, ICM42688::GYRO_CNF::ODR)
 .text._ZN8ICM426888GYRO_CNFgeENS0_3ODRES1_
                0x0000000008004a38       0x28 ./Core/Src/icm42688_utils.o
                0x0000000008004a38                ICM42688::GYRO_CNF::operator>=(ICM42688::GYRO_CNF::ODR, ICM42688::GYRO_CNF::ODR)
 .text._ZN8ICM426888GYRO_CNFmiENS0_3ODRES1_
                0x0000000008004a60       0x22 ./Core/Src/icm42688_utils.o
                0x0000000008004a60                ICM42688::GYRO_CNF::operator-(ICM42688::GYRO_CNF::ODR, ICM42688::GYRO_CNF::ODR)
 .text._ZN8ICM426888GYRO_CNFleENS0_3FSRES1_
                0x0000000008004a82       0x28 ./Core/Src/icm42688_utils.o
                0x0000000008004a82                ICM42688::GYRO_CNF::operator<=(ICM42688::GYRO_CNF::FSR, ICM42688::GYRO_CNF::FSR)
 .text._ZN8ICM426889ACCEL_CNFleENS0_3ODRES1_
                0x0000000008004aaa       0x28 ./Core/Src/icm42688_utils.o
                0x0000000008004aaa                ICM42688::ACCEL_CNF::operator<=(ICM42688::ACCEL_CNF::ODR, ICM42688::ACCEL_CNF::ODR)
 .text._ZN8ICM426889ACCEL_CNFgeENS0_3ODRES1_
                0x0000000008004ad2       0x28 ./Core/Src/icm42688_utils.o
                0x0000000008004ad2                ICM42688::ACCEL_CNF::operator>=(ICM42688::ACCEL_CNF::ODR, ICM42688::ACCEL_CNF::ODR)
 .text._ZN8ICM426889ACCEL_CNFmiENS0_3ODRES1_
                0x0000000008004afa       0x22 ./Core/Src/icm42688_utils.o
                0x0000000008004afa                ICM42688::ACCEL_CNF::operator-(ICM42688::ACCEL_CNF::ODR, ICM42688::ACCEL_CNF::ODR)
 .text._ZN8ICM426889ACCEL_CNFleENS0_3FSRES1_
                0x0000000008004b1c       0x28 ./Core/Src/icm42688_utils.o
                0x0000000008004b1c                ICM42688::ACCEL_CNF::operator<=(ICM42688::ACCEL_CNF::FSR, ICM42688::ACCEL_CNF::FSR)
 .text.main     0x0000000008004b44       0x2e ./Core/Src/main.o
                0x0000000008004b44                main
 *fill*         0x0000000008004b72        0x2 
 .text._Z18SystemClock_Configv
                0x0000000008004b74       0xfc ./Core/Src/main.o
                0x0000000008004b74                SystemClock_Config()
 .text.Error_Handler
                0x0000000008004c70        0xa ./Core/Src/main.o
                0x0000000008004c70                Error_Handler
 *fill*         0x0000000008004c7a        0x2 
 .text._Z20fail_silent_mode_runv
                0x0000000008004c7c       0x24 ./Core/Src/modeFailSilent.o
                0x0000000008004c7c                fail_silent_mode_run()
 .text._ZN9iPHandler12add_read_bitEhbb
                0x0000000008004ca0       0x54 ./Core/Src/modeNormal.o
                0x0000000008004ca0                iPHandler::add_read_bit(unsigned char, bool, bool)
 .text._ZN9iPHandler13add_write_bitEhbb
                0x0000000008004cf4       0x54 ./Core/Src/modeNormal.o
                0x0000000008004cf4                iPHandler::add_write_bit(unsigned char, bool, bool)
 .text._Z15normal_mode_runv
                0x0000000008004d48      0x2fc ./Core/Src/modeNormal.o
                0x0000000008004d48                normal_mode_run()
 .text.HAL_CAN_RxFifo0MsgPendingCallback
                0x0000000008005044       0x28 ./Core/Src/modeNormal.o
                0x0000000008005044                HAL_CAN_RxFifo0MsgPendingCallback
 .text._ZN9iPHandlerC2Ev
                0x000000000800506c       0x20 ./Core/Src/modeNormal.o
                0x000000000800506c                iPHandler::iPHandler()
                0x000000000800506c                iPHandler::iPHandler()
 .text._ZN5STM3211PHandlerSPIILh32EEC2EP19__SPI_HandleTypeDefPNS_4gpioE9COMM_MODE
                0x000000000800508c       0x68 ./Core/Src/modeNormal.o
                0x000000000800508c                STM32::PHandlerSPI<(unsigned char)32>::PHandlerSPI(__SPI_HandleTypeDef*, STM32::gpio*, COMM_MODE)
                0x000000000800508c                STM32::PHandlerSPI<(unsigned char)32>::PHandlerSPI(__SPI_HandleTypeDef*, STM32::gpio*, COMM_MODE)
 .text._ZN5STM3211PHandlerSPIILh32EE14read_registersERK11PHandlerOpt
                0x00000000080050f4       0x72 ./Core/Src/modeNormal.o
                0x00000000080050f4                STM32::PHandlerSPI<(unsigned char)32>::read_registers(PHandlerOpt const&)
 .text._ZN5STM3211PHandlerSPIILh32EE15write_registersEPhRK11PHandlerOpt
                0x0000000008005166       0x78 ./Core/Src/modeNormal.o
                0x0000000008005166                STM32::PHandlerSPI<(unsigned char)32>::write_registers(unsigned char*, PHandlerOpt const&)
 .text._ZN5STM3211PHandlerSPIILh32EE17start_transmitionEPv
                0x00000000080051de       0x86 ./Core/Src/modeNormal.o
                0x00000000080051de                STM32::PHandlerSPI<(unsigned char)32>::start_transmition(void*)
 .text._ZN5STM3211PHandlerSPIILh32EE8transmitEPhS2_t
                0x0000000008005264       0x4e ./Core/Src/modeNormal.o
                0x0000000008005264                STM32::PHandlerSPI<(unsigned char)32>::transmit(unsigned char*, unsigned char*, unsigned short)
 .text._ZN5STM3211PHandlerSPIILh32EE24map_hal_st_to_handler_stE17HAL_StatusTypeDef
                0x00000000080052b2       0x24 ./Core/Src/modeNormal.o
                0x00000000080052b2                STM32::PHandlerSPI<(unsigned char)32>::map_hal_st_to_handler_st(HAL_StatusTypeDef)
 .text._Z22my_copy_array_of_uint8PhPKhm
                0x00000000080052d6       0x3e ./Core/Src/myUtils.o
                0x00000000080052d6                my_copy_array_of_uint8(unsigned char*, unsigned char const*, unsigned long)
 .text.MX_SPI2_Init
                0x0000000008005314       0x7c ./Core/Src/spi.o
                0x0000000008005314                MX_SPI2_Init
 .text.HAL_SPI_MspInit
                0x0000000008005390       0x88 ./Core/Src/spi.o
                0x0000000008005390                HAL_SPI_MspInit
 .text.HAL_MspInit
                0x0000000008005418       0x48 ./Core/Src/stm32f7xx_hal_msp.o
                0x0000000008005418                HAL_MspInit
 .text.NMI_Handler
                0x0000000008005460        0x6 ./Core/Src/stm32f7xx_it.o
                0x0000000008005460                NMI_Handler
 .text.HardFault_Handler
                0x0000000008005466        0x6 ./Core/Src/stm32f7xx_it.o
                0x0000000008005466                HardFault_Handler
 .text.MemManage_Handler
                0x000000000800546c        0x6 ./Core/Src/stm32f7xx_it.o
                0x000000000800546c                MemManage_Handler
 .text.BusFault_Handler
                0x0000000008005472        0x6 ./Core/Src/stm32f7xx_it.o
                0x0000000008005472                BusFault_Handler
 .text.UsageFault_Handler
                0x0000000008005478        0x6 ./Core/Src/stm32f7xx_it.o
                0x0000000008005478                UsageFault_Handler
 .text.SVC_Handler
                0x000000000800547e        0xe ./Core/Src/stm32f7xx_it.o
                0x000000000800547e                SVC_Handler
 .text.DebugMon_Handler
                0x000000000800548c        0xe ./Core/Src/stm32f7xx_it.o
                0x000000000800548c                DebugMon_Handler
 .text.PendSV_Handler
                0x000000000800549a        0xe ./Core/Src/stm32f7xx_it.o
                0x000000000800549a                PendSV_Handler
 .text.SysTick_Handler
                0x00000000080054a8        0xc ./Core/Src/stm32f7xx_it.o
                0x00000000080054a8                SysTick_Handler
 .text.CAN1_RX0_IRQHandler
                0x00000000080054b4       0x14 ./Core/Src/stm32f7xx_it.o
                0x00000000080054b4                CAN1_RX0_IRQHandler
 .text.TIM5_IRQHandler
                0x00000000080054c8       0x14 ./Core/Src/stm32f7xx_it.o
                0x00000000080054c8                TIM5_IRQHandler
 .text._getpid  0x00000000080054dc       0x10 ./Core/Src/syscalls.o
                0x00000000080054dc                _getpid
 .text._kill    0x00000000080054ec       0x20 ./Core/Src/syscalls.o
                0x00000000080054ec                _kill
 .text._exit    0x000000000800550c       0x14 ./Core/Src/syscalls.o
                0x000000000800550c                _exit
 .text._sbrk    0x0000000008005520       0x6c ./Core/Src/sysmem.o
                0x0000000008005520                _sbrk
 .text._Z11system_initv
                0x000000000800558c       0x48 ./Core/Src/system.o
                0x000000000800558c                system_init()
 .text._Z22system_run_active_modev
                0x00000000080055d4       0x20 ./Core/Src/system.o
                0x00000000080055d4                system_run_active_mode()
 .text.SystemInit
                0x00000000080055f4       0x24 ./Core/Src/system_stm32f7xx.o
                0x00000000080055f4                SystemInit
 .text._Z30taskCNIreceiveData_constructorP20taskCNIreceiveData_tmmmmmm
                0x0000000008005618       0x3c ./Core/Src/taskCNIreceiveData.o
                0x0000000008005618                taskCNIreceiveData_constructor(taskCNIreceiveData_t*, unsigned long, unsigned long, unsigned long, unsigned long, unsigned long, unsigned long)
 .text._Z25taskCNIreceiveData_updateP20taskCNIreceiveData_t
                0x0000000008005654       0x20 ./Core/Src/taskCNIreceiveData.o
                0x0000000008005654                taskCNIreceiveData_update(taskCNIreceiveData_t*)
 .text._Z27taskCNIsendData_constructorP17taskCNIsendData_tmmmmm
                0x0000000008005674       0x34 ./Core/Src/taskCNIsendData.o
                0x0000000008005674                taskCNIsendData_constructor(taskCNIsendData_t*, unsigned long, unsigned long, unsigned long, unsigned long, unsigned long)
 .text._Z22taskCNIsendData_updateP17taskCNIsendData_t
                0x00000000080056a8       0x1a ./Core/Src/taskCNIsendData.o
                0x00000000080056a8                taskCNIsendData_update(taskCNIsendData_t*)
 *fill*         0x00000000080056c2        0x2 
 .text._Z31taskCompareAttitude_constructorP21taskCompareAttitude_tmmmmmmmm
                0x00000000080056c4       0x48 ./Core/Src/taskCompareAttitude.o
                0x00000000080056c4                taskCompareAttitude_constructor(taskCompareAttitude_t*, unsigned long, unsigned long, unsigned long, unsigned long, unsigned long, unsigned long, unsigned long, unsigned long)
 .text._Z26taskCompareAttitude_updateP21taskCompareAttitude_t
                0x000000000800570c      0x102 ./Core/Src/taskCompareAttitude.o
                0x000000000800570c                taskCompareAttitude_update(taskCompareAttitude_t*)
 *fill*         0x000000000800580e        0x2 
 .text._Z32taskEstimateAttitude_constructorP22taskEstimateAttitude_tmmmmm
                0x0000000008005810       0x34 ./Core/Src/taskEstimateAttitude.o
                0x0000000008005810                taskEstimateAttitude_constructor(taskEstimateAttitude_t*, unsigned long, unsigned long, unsigned long, unsigned long, unsigned long)
 .text._Z27taskEstimateAttitude_updateP22taskEstimateAttitude_t
                0x0000000008005844       0x36 ./Core/Src/taskEstimateAttitude.o
                0x0000000008005844                taskEstimateAttitude_update(taskEstimateAttitude_t*)
 *fill*         0x000000000800587a        0x2 
 .text._Z25taskHeartbeat_constructorP15taskHeartbeat_tmmmmPN5STM324gpioE
                0x000000000800587c       0x34 ./Core/Src/taskHeartbeat.o
                0x000000000800587c                taskHeartbeat_constructor(taskHeartbeat_t*, unsigned long, unsigned long, unsigned long, unsigned long, STM32::gpio*)