../Core/Src/timeTriggeredScheduler.cpp:13:13:void timeTriggeredScheduler_tick(TIM_HandleTypeDef*)	16	static
../Core/Src/timeTriggeredScheduler.cpp:18:6:void timeTriggeredScheduler_constructor(TIM_HandleTypeDef*, uint32_t)	24	static
../Core/Src/timeTriggeredScheduler.cpp:34:6:void timeTriggeredScheduler_init()	8	static
../Core/Src/timeTriggeredScheduler.cpp:42:6:void timeTriggeredScheduler_start()	8	static
../Core/Src/timeTriggeredScheduler.cpp:47:6:void timeTriggeredScheduler_stop()	8	static
../Core/Src/timeTriggeredScheduler.cpp:52:6:void timeTriggeredScheduler_dispatch()	24	static,ignoring_inline_asm
../Core/Src/timeTriggeredScheduler.cpp:108:15:TTschStatus_t timeTriggeredScheduler_add_task(timeTriggeredTask_t*)	24	static
../Core/Src/timeTriggeredScheduler.cpp:127:6:void taskTimeTriggeredSync_constructor(taskTimeTriggeredSync_t*, uint32_t, uint32_t, uint32_t, uint32_t, uint32_t, uint32_t, uint32_t)	32	static
../Core/Src/timeTriggeredScheduler.cpp:135:6:void taskTimeTriggeredSync_destructor(taskTimeTriggeredSync_t*)	16	static
../Core/Src/timeTriggeredScheduler.cpp:140:6:void taskTimeTriggeredSync_start(taskTimeTriggeredSync_t*)	16	static
../Core/Src/timeTriggeredScheduler.cpp:145:6:void taskTimeTriggeredSync_update(taskTimeTriggeredSync_t*)	16	static
