../Core/Src/main.cpp:89:5:int main()	840	static
../Core/Src/main.cpp:201:6:void SystemClock_Config()	72	static
../Core/Src/main.cpp:241:13:void MX_CAN_Init()	48	static
../Core/Src/main.cpp:289:13:void MX_USART2_UART_Init()	8	static
../Core/Src/main.cpp:322:13:void MX_GPIO_Init()	16	static
../Core/Src/main.cpp:337:6:void make_uart_msg(CANmsg_t*, uint8_t*, uint32_t*)	24	static
../Core/Src/main.cpp:348:6:void HAL_CAN_RxFifo0MsgPendingCallback(CAN_HandleTypeDef*)	16	static
../Core/Src/main.cpp:354:6:void HAL_UART_RxCpltCallback(UART_HandleTypeDef*)	16	static
../Core/Src/main.cpp:365:6:void Error_Handler()	4	static,ignoring_inline_asm
../Core/Inc/utils.hpp:67:9:circ_buffer<bufferDataType, bufferSize, sizeDataType>::circ_buffer() [with bufferDataType = CANmsg_t; long unsigned int bufferSize = 30; sizeDataType = short unsigned int]	16	static
../Core/Inc/utils.hpp:78:14:bool circ_buffer<bufferDataType, bufferSize, sizeDataType>::write(bufferDataType) [with bufferDataType = CANmsg_t; long unsigned int bufferSize = 30; sizeDataType = short unsigned int]	16	static
../Core/Inc/utils.hpp:156:14:bool circ_buffer<bufferDataType, bufferSize, sizeDataType>::is_empty() [with bufferDataType = CANmsg_t; long unsigned int bufferSize = 30; sizeDataType = short unsigned int]	16	static
../Core/Inc/utils.hpp:104:14:bool circ_buffer<bufferDataType, bufferSize, sizeDataType>::read(bufferDataType*) [with bufferDataType = CANmsg_t; long unsigned int bufferSize = 30; sizeDataType = short unsigned int]	16	static
