/opt/st/stm32cubeide_1.14.0/plugins/com.st.stm32cube.ide.mcu.externaltools.gnu-tools-for-stm32.11.3.rel1.linux64_1.1.100.202309141235/tools/arm-none-eabi/include/c++/11.3.1/bits/std_function.h:241:5:std::_Function_base::~_Function_base()	16	static
../Core/Src/CANslave.cpp:43:6:void CANslave_constructor(CANslave_t*, CAN_HandleTypeDef*, uint32_t, localClock_t*)	32	static
../Core/Src/CANslave.cpp:66:9:state_t CANslave_initial(CANslave_t*)	56	static
../Core/Src/CANslave.cpp:86:9:state_t CANslave_off(CANslave_t*, event_t)	16	static
../Core/Src/CANslave.cpp:103:9:state_t CANslave_on(CANslave_t*, event_t)	96	static
../Core/Src/CANslave.cpp:197:6:void HAL_CAN_RxFifo0MsgPendingCallback(CAN_HandleTypeDef*)	32	static
../Core/Src/CANslave.cpp:217:6:void HAL_CAN_TxMailbox0CompleteCallback(CAN_HandleTypeDef*)	16	static
../Core/Inc/circ_buffer.h:70:6:bool circ_buffer<bufferDataType, bufferSize, sizeDataType>::write(bufferDataType) [with bufferDataType = CANmsg_t; long unsigned int bufferSize = 128; sizeDataType = short unsigned int]	24	static
../Core/Inc/circ_buffer.h:148:6:bool circ_buffer<bufferDataType, bufferSize, sizeDataType>::is_empty() [with bufferDataType = CANmsg_t; long unsigned int bufferSize = 128; sizeDataType = short unsigned int]	16	static
../Core/Inc/circ_buffer.h:96:6:bool circ_buffer<bufferDataType, bufferSize, sizeDataType>::read(bufferDataType*) [with bufferDataType = CANmsg_t; long unsigned int bufferSize = 128; sizeDataType = short unsigned int]	24	static
/opt/st/stm32cubeide_1.14.0/plugins/com.st.stm32cube.ide.mcu.externaltools.gnu-tools-for-stm32.11.3.rel1.linux64_1.1.100.202309141235/tools/arm-none-eabi/include/c++/11.3.1/bits/std_function.h:334:11:std::function<void()>::~function()	16	static
../Core/Inc/gpio_STM32.hpp:17:11:STM32::gpio::~gpio()	16	static
../Core/Src/CANslave.cpp:220:1:void __static_initialization_and_destruction_0(int, int)	16	static
../Core/Src/CANslave.cpp:220:1:cpp)	8	static
../Core/Src/CANslave.cpp:220:1:cpp)	8	static
