../Core/Inc/iPHandler.hpp:52:20:static uint8_t iPHandler::add_read_bit(uint8_t, bool, bool)	16	static
../Core/Inc/iPHandler.hpp:61:20:static uint8_t iPHandler::add_write_bit(uint8_t, bool, bool)	16	static
../Core/Inc/system.h:29:3:system_t::system_t()	16	static
../Core/Src/main.cpp:97:5:int main()	1448	static
../Core/Src/main.cpp:257:6:void SystemClock_Config()	88	static
../Core/Src/main.cpp:308:13:void MX_CAN1_Init()	8	static
../Core/Src/main.cpp:345:13:void MX_SPI2_Init()	8	static
../Core/Src/main.cpp:385:13:void MX_TIM5_Init()	40	static
../Core/Src/main.cpp:430:13:void MX_USART3_UART_Init()	8	static
../Core/Src/main.cpp:465:13:void MX_GPIO_Init()	56	static
../Core/Src/main.cpp:574:13:void watchdog_config()	4	static
../Core/Src/main.cpp:582:13:void timer_5_period_elapsed_callback(TIM_HandleTypeDef*)	16	static
../Core/Src/main.cpp:587:13:void uart_3_new_data_callback(UART_HandleTypeDef*)	16	static
../Core/Src/main.cpp:604:6:void Error_Handler()	4	static,ignoring_inline_asm
../Core/Inc/utils.hpp:67:9:circ_buffer<bufferDataType, bufferSize, sizeDataType>::circ_buffer() [with bufferDataType = PCIFmsg_t; long unsigned int bufferSize = 8; sizeDataType = short unsigned int]	16	static
../Core/Inc/utils.hpp:67:9:circ_buffer<bufferDataType, bufferSize, sizeDataType>::circ_buffer() [with bufferDataType = unsigned char; long unsigned int bufferSize = 10; sizeDataType = short unsigned int]	16	static
../Core/Inc/iPHandler.hpp:40:7:iPHandler::iPHandler()	16	static
../Core/Inc/handler_spi.hpp:144:2:STM32::PHandlerSPI<BufferSize>::PHandlerSPI(SPI_HandleTypeDef*, STM32::gpio*, COMM_MODE) [with unsigned char BufferSize = 32]	24	static
../Core/Inc/utils.hpp:78:14:bool circ_buffer<bufferDataType, bufferSize, sizeDataType>::write(bufferDataType) [with bufferDataType = unsigned char; long unsigned int bufferSize = 10; sizeDataType = short unsigned int]	16	static
../Core/Inc/utils.hpp:156:14:bool circ_buffer<bufferDataType, bufferSize, sizeDataType>::is_empty() [with bufferDataType = unsigned char; long unsigned int bufferSize = 10; sizeDataType = short unsigned int]	16	static
../Core/Inc/utils.hpp:104:14:bool circ_buffer<bufferDataType, bufferSize, sizeDataType>::read(bufferDataType*) [with bufferDataType = unsigned char; long unsigned int bufferSize = 10; sizeDataType = short unsigned int]	16	static
../Core/Inc/handler_spi.hpp:164:15:iPHANDLER_ST STM32::PHandlerSPI<BufferSize>::read_registers(const PHandlerOpt&) [with unsigned char BufferSize = 32]	16	static
../Core/Inc/handler_spi.hpp:187:15:iPHANDLER_ST STM32::PHandlerSPI<BufferSize>::write_registers(uint8_t*, const PHandlerOpt&) [with unsigned char BufferSize = 32]	24	static
../Core/Inc/handler_spi.hpp:212:15:iPHANDLER_ST STM32::PHandlerSPI<BufferSize>::start_transmition(void*) [with unsigned char BufferSize = 32]	24	static
../Core/Inc/handler_spi.hpp:308:17:iPHANDLER_ST STM32::PHandlerSPI<BufferSize>::transmit(uint8_t*, uint8_t*, uint16_t) [with unsigned char BufferSize = 32]	40	static
../Core/Inc/handler_spi.hpp:357:17:iPHANDLER_ST STM32::PHandlerSPI<BufferSize>::map_hal_st_to_handler_st(HAL_StatusTypeDef) [with unsigned char BufferSize = 32]	16	static
